Archive member included to satisfy reference by file (symbol)

d:/mounriver_studio/mounriver_studio2/resources/app/resources/win32/components/wch/toolchain/risc-v embedded gcc/bin/../lib/gcc/riscv-none-embed/8.2.0/../../../../riscv-none-embed/lib/rv32imacxw/ilp32\libm.a(lib_a-w_log.o)
                              ./User/main.o (log)
d:/mounriver_studio/mounriver_studio2/resources/app/resources/win32/components/wch/toolchain/risc-v embedded gcc/bin/../lib/gcc/riscv-none-embed/8.2.0/../../../../riscv-none-embed/lib/rv32imacxw/ilp32\libm.a(lib_a-e_log.o)
                              d:/mounriver_studio/mounriver_studio2/resources/app/resources/win32/components/wch/toolchain/risc-v embedded gcc/bin/../lib/gcc/riscv-none-embed/8.2.0/../../../../riscv-none-embed/lib/rv32imacxw/ilp32\libm.a(lib_a-w_log.o) (__ieee754_log)
d:/mounriver_studio/mounriver_studio2/resources/app/resources/win32/components/wch/toolchain/risc-v embedded gcc/bin/../lib/gcc/riscv-none-embed/8.2.0/../../../../riscv-none-embed/lib/rv32imacxw/ilp32\libm.a(lib_a-s_lib_ver.o)
                              d:/mounriver_studio/mounriver_studio2/resources/app/resources/win32/components/wch/toolchain/risc-v embedded gcc/bin/../lib/gcc/riscv-none-embed/8.2.0/../../../../riscv-none-embed/lib/rv32imacxw/ilp32\libm.a(lib_a-w_log.o) (__fdlib_version)
d:/mounriver_studio/mounriver_studio2/resources/app/resources/win32/components/wch/toolchain/risc-v embedded gcc/bin/../lib/gcc/riscv-none-embed/8.2.0/../../../../riscv-none-embed/lib/rv32imacxw/ilp32\libm.a(lib_a-s_matherr.o)
                              d:/mounriver_studio/mounriver_studio2/resources/app/resources/win32/components/wch/toolchain/risc-v embedded gcc/bin/../lib/gcc/riscv-none-embed/8.2.0/../../../../riscv-none-embed/lib/rv32imacxw/ilp32\libm.a(lib_a-w_log.o) (matherr)
d:/mounriver_studio/mounriver_studio2/resources/app/resources/win32/components/wch/toolchain/risc-v embedded gcc/bin/../lib/gcc/riscv-none-embed/8.2.0/../../../../riscv-none-embed/lib/rv32imacxw/ilp32\libm.a(lib_a-s_nan.o)
                              d:/mounriver_studio/mounriver_studio2/resources/app/resources/win32/components/wch/toolchain/risc-v embedded gcc/bin/../lib/gcc/riscv-none-embed/8.2.0/../../../../riscv-none-embed/lib/rv32imacxw/ilp32\libm.a(lib_a-w_log.o) (nan)
d:/mounriver_studio/mounriver_studio2/resources/app/resources/win32/components/wch/toolchain/risc-v embedded gcc/bin/../lib/gcc/riscv-none-embed/8.2.0/rv32imacxw/ilp32\libgcc.a(adddf3.o)
                              ./User/main.o (__adddf3)
d:/mounriver_studio/mounriver_studio2/resources/app/resources/win32/components/wch/toolchain/risc-v embedded gcc/bin/../lib/gcc/riscv-none-embed/8.2.0/rv32imacxw/ilp32\libgcc.a(divdf3.o)
                              ./User/main.o (__divdf3)
d:/mounriver_studio/mounriver_studio2/resources/app/resources/win32/components/wch/toolchain/risc-v embedded gcc/bin/../lib/gcc/riscv-none-embed/8.2.0/rv32imacxw/ilp32\libgcc.a(eqdf2.o)
                              d:/mounriver_studio/mounriver_studio2/resources/app/resources/win32/components/wch/toolchain/risc-v embedded gcc/bin/../lib/gcc/riscv-none-embed/8.2.0/../../../../riscv-none-embed/lib/rv32imacxw/ilp32\libm.a(lib_a-w_log.o) (__eqdf2)
d:/mounriver_studio/mounriver_studio2/resources/app/resources/win32/components/wch/toolchain/risc-v embedded gcc/bin/../lib/gcc/riscv-none-embed/8.2.0/rv32imacxw/ilp32\libgcc.a(gedf2.o)
                              d:/mounriver_studio/mounriver_studio2/resources/app/resources/win32/components/wch/toolchain/risc-v embedded gcc/bin/../lib/gcc/riscv-none-embed/8.2.0/../../../../riscv-none-embed/lib/rv32imacxw/ilp32\libm.a(lib_a-w_log.o) (__gtdf2)
d:/mounriver_studio/mounriver_studio2/resources/app/resources/win32/components/wch/toolchain/risc-v embedded gcc/bin/../lib/gcc/riscv-none-embed/8.2.0/rv32imacxw/ilp32\libgcc.a(muldf3.o)
                              ./User/main.o (__muldf3)
d:/mounriver_studio/mounriver_studio2/resources/app/resources/win32/components/wch/toolchain/risc-v embedded gcc/bin/../lib/gcc/riscv-none-embed/8.2.0/rv32imacxw/ilp32\libgcc.a(subdf3.o)
                              d:/mounriver_studio/mounriver_studio2/resources/app/resources/win32/components/wch/toolchain/risc-v embedded gcc/bin/../lib/gcc/riscv-none-embed/8.2.0/../../../../riscv-none-embed/lib/rv32imacxw/ilp32\libm.a(lib_a-e_log.o) (__subdf3)
d:/mounriver_studio/mounriver_studio2/resources/app/resources/win32/components/wch/toolchain/risc-v embedded gcc/bin/../lib/gcc/riscv-none-embed/8.2.0/rv32imacxw/ilp32\libgcc.a(unorddf2.o)
                              d:/mounriver_studio/mounriver_studio2/resources/app/resources/win32/components/wch/toolchain/risc-v embedded gcc/bin/../lib/gcc/riscv-none-embed/8.2.0/../../../../riscv-none-embed/lib/rv32imacxw/ilp32\libm.a(lib_a-w_log.o) (__unorddf2)
[...]
Memory Configuration

Name             Origin             Length             Attributes
FLASH            0x0000000000000000 0x0000000000048000 xr
RAM              0x0000000020000000 0x0000000000008000 xrw
*default*        0x0000000000000000 0xffffffffffffffff

Linker script and memory map

LOAD ./User/ch32v30x_it.o
LOAD ./User/main.o
LOAD ./User/mempool.o
LOAD ./User/mutex.o
LOAD ./User/switch.o
LOAD ./User/system_ch32v30x.o
LOAD ./User/task.o
LOAD ./Startup/startup_ch32v30x_D8C.o
LOAD ./Peripheral/src/ch32v30x_adc.o
LOAD ./Peripheral/src/ch32v30x_bkp.o
LOAD ./Peripheral/src/ch32v30x_can.o
LOAD ./Peripheral/src/ch32v30x_crc.o
LOAD ./Peripheral/src/ch32v30x_dac.o
LOAD ./Peripheral/src/ch32v30x_dbgmcu.o
LOAD ./Peripheral/src/ch32v30x_dma.o
LOAD ./Peripheral/src/ch32v30x_dvp.o
LOAD ./Peripheral/src/ch32v30x_eth.o
LOAD ./Peripheral/src/ch32v30x_exti.o
LOAD ./Peripheral/src/ch32v30x_flash.o
LOAD ./Peripheral/src/ch32v30x_fsmc.o
LOAD ./Peripheral/src/ch32v30x_gpio.o
LOAD ./Peripheral/src/ch32v30x_i2c.o
LOAD ./Peripheral/src/ch32v30x_iwdg.o
LOAD ./Peripheral/src/ch32v30x_misc.o
LOAD ./Peripheral/src/ch32v30x_opa.o
LOAD ./Peripheral/src/ch32v30x_pwr.o
LOAD ./Peripheral/src/ch32v30x_rcc.o
LOAD ./Peripheral/src/ch32v30x_rng.o
LOAD ./Peripheral/src/ch32v30x_rtc.o
LOAD ./Peripheral/src/ch32v30x_sdio.o
LOAD ./Peripheral/src/ch32v30x_spi.o
LOAD ./Peripheral/src/ch32v30x_tim.o
LOAD ./Peripheral/src/ch32v30x_usart.o
LOAD ./Peripheral/src/ch32v30x_wwdg.o
LOAD ./Debug/debug.o
LOAD ./Core/core_riscv.o
LOAD d:/mounriver_studio/mounriver_studio2/resources/app/resources/win32/components/wch/toolchain/risc-v embedded gcc/bin/../lib/gcc/riscv-none-embed/8.2.0/../../../../riscv-none-embed/lib/rv32imacxw/ilp32\libm.a
LOAD d:/mounriver_studio/mounriver_studio2/resources/app/resources/win32/components/wch/toolchain/risc-v embedded gcc/bin/../lib/gcc/riscv-none-embed/8.2.0/rv32imacxw/ilp32\libgcc.a
LOAD d:/mounriver_studio/mounriver_studio2/resources/app/resources/win32/components/wch/toolchain/risc-v embedded gcc/bin/../lib/gcc/riscv-none-embed/8.2.0/../../../../riscv-none-embed/lib/rv32imacxw/ilp32\libg_nano.a
LOAD d:/mounriver_studio/mounriver_studio2/resources/app/resources/win32/components/wch/toolchain/risc-v embedded gcc/bin/../lib/gcc/riscv-none-embed/8.2.0/../../../../riscv-none-embed/lib/rv32imacxw/ilp32\libc_nano.a
LOAD d:/mounriver_studio/mounriver_studio2/resources/app/resources/win32/components/wch/toolchain/risc-v embedded gcc/bin/../lib/gcc/riscv-none-embed/8.2.0/rv32imacxw/ilp32\libgcc.a
START GROUP
LOAD d:/mounriver_studio/mounriver_studio2/resources/app/resources/win32/components/wch/toolchain/risc-v embedded gcc/bin/../lib/gcc/riscv-none-embed/8.2.0/rv32imacxw/ilp32\libgcc.a
LOAD d:/mounriver_studio/mounriver_studio2/resources/app/resources/win32/components/wch/toolchain/risc-v embedded gcc/bin/../lib/gcc/riscv-none-embed/8.2.0/../../../../riscv-none-embed/lib/rv32imacxw/ilp32\libc_nano.a
LOAD d:/mounriver_studio/mounriver_studio2/resources/app/resources/win32/components/wch/toolchain/risc-v embedded gcc/bin/../lib/gcc/riscv-none-embed/8.2.0/../../../../riscv-none-embed/lib/rv32imacxw/ilp32\libnosys.a
END GROUP
START GROUP
LOAD d:/mounriver_studio/mounriver_studio2/resources/app/resources/win32/components/wch/toolchain/risc-v embedded gcc/bin/../lib/gcc/riscv-none-embed/8.2.0/rv32imacxw/ilp32\libgcc.a
LOAD d:/mounriver_studio/mounriver_studio2/resources/app/resources/win32/components/wch/toolchain/risc-v embedded gcc/bin/../lib/gcc/riscv-none-embed/8.2.0/../../../../riscv-none-embed/lib/rv32imacxw/ilp32\libc_nano.a
LOAD d:/mounriver_studio/mounriver_studio2/resources/app/resources/win32/components/wch/toolchain/risc-v embedded gcc/bin/../lib/gcc/riscv-none-embed/8.2.0/../../../../riscv-none-embed/lib/rv32imacxw/ilp32\libnosys.a
END GROUP
                0x0000000000000800                __stack_size = 0x800
                [!provide]                        PROVIDE (_stack_size = __stack_size)

.init           0x0000000000000000        0x4
                0x0000000000000000                _sinit = .
                0x0000000000000000                . = ALIGN (0x4)
 *(SORT_NONE(.init))
 .init          0x0000000000000000        0x4 ./Startup/startup_ch32v30x_D8C.o
                0x0000000000000000                _start
                0x0000000000000004                . = ALIGN (0x4)
                0x0000000000000004                _einit = .

.vector         0x0000000000000004      0x1bc
 *(.vector)
 .vector        0x0000000000000004      0x1a0 ./Startup/startup_ch32v30x_D8C.o
                0x00000000000001c0                . = ALIGN (0x40)
 *fill*         0x00000000000001a4       0x1c 

.text           0x00000000000001c0     0x5464
                0x00000000000001c0                . = ALIGN (0x4)
 *(.text)
 .text          0x00000000000001c0       0x42 ./User/switch.o
                0x00000000000001c0                cpu_switch
 .text          0x0000000000000202       0x60 d:/mounriver_studio/mounriver_studio2/resources/app/resources/win32/components/wch/toolchain/risc-v embedded gcc/bin/../lib/gcc/riscv-none-embed/8.2.0/rv32imacxw/ilp32\libgcc.a(save-restore.o)
                0x0000000000000202                __riscv_save_12
                0x000000000000020a                __riscv_save_9
                0x000000000000020a                __riscv_save_11
                0x000000000000020a                __riscv_save_10
                0x000000000000020a                __riscv_save_8
                0x0000000000000218                __riscv_save_4
                0x0000000000000218                __riscv_save_6
                0x0000000000000218                __riscv_save_5
                0x0000000000000218                __riscv_save_7
                0x0000000000000232                __riscv_save_3
                0x0000000000000232                __riscv_save_2
                0x0000000000000232                __riscv_save_1
                0x0000000000000232                __riscv_save_0
                0x000000000000023e                __riscv_restore_12
                0x0000000000000242                __riscv_restore_11
                0x0000000000000242                __riscv_restore_9
                0x0000000000000242                __riscv_restore_10
                0x0000000000000242                __riscv_restore_8
                0x000000000000024c                __riscv_restore_5
                0x000000000000024c                __riscv_restore_7
                0x000000000000024c                __riscv_restore_6
                0x000000000000024c                __riscv_restore_4
                0x0000000000000256                __riscv_restore_3
                0x0000000000000256                __riscv_restore_0
                0x0000000000000256                __riscv_restore_2
                0x0000000000000256                __riscv_restore_1
 .text          0x0000000000000262       0xa8 d:/mounriver_studio/mounriver_studio2/resources/app/resources/win32/components/wch/toolchain/risc-v embedded gcc/bin/../lib/gcc/riscv-none-embed/8.2.0/../../../../riscv-none-embed/lib/rv32imacxw/ilp32\libg_nano.a(lib_a-memset.o)
                0x0000000000000262                memset
 *(.text.*)
 .text.NMI_Handler
                0x000000000000030a        0x2 ./User/ch32v30x_it.o
                0x000000000000030a                NMI_Handler
 .text.HardFault_Handler
                0x000000000000030c       0x10 ./User/ch32v30x_it.o
                0x000000000000030c                HardFault_Handler
 .text.task3_entry
                0x000000000000031c       0x96 ./User/main.o
                0x000000000000031c                task3_entry
 .text.ADC_Hardware_Init
                0x00000000000003b2       0xae ./User/main.o
                0x00000000000003b2                ADC_Hardware_Init
 .text.LED_Hardware_Init
                0x0000000000000460       0x38 ./User/main.o
                0x0000000000000460                LED_Hardware_Init
 .text.Convert_ADC_To_Celsius
                0x0000000000000498       0xa0 ./User/main.o
                0x0000000000000498                Convert_ADC_To_Celsius
 .text.Get_ADC_Val
                0x0000000000000538       0x38 ./User/main.o
                0x0000000000000538                Get_ADC_Val
 .text.Get_ADC_Average
                0x0000000000000570       0x34 ./User/main.o
                0x0000000000000570                Get_ADC_Average
 .text.task1_entry
                0x00000000000005a4       0x6e ./User/main.o
                0x00000000000005a4                task1_entry
 .text.task2_entry
                0x0000000000000612       0x3c ./User/main.o
                0x0000000000000612                task2_entry
 .text.startup.main
                0x000000000000064e       0x90 ./User/main.o
                0x000000000000064e                main
 .text.stack_pool_init
                0x00000000000006de       0x7a ./User/mempool.o
                0x00000000000006de                stack_pool_init
 .text.stack_pool_alloc
                0x0000000000000758       0x22 ./User/mempool.o
                0x0000000000000758                stack_pool_alloc
 .text.mutex_init
                0x000000000000077a        0x6 ./User/mutex.o
                0x000000000000077a                mutex_init
 .text.mutex_lock
                0x0000000000000780       0x1c ./User/mutex.o
                0x0000000000000780                mutex_lock
 .text.mutex_unlock
                0x000000000000079c        0x6 ./User/mutex.o
                0x000000000000079c                mutex_unlock
 .text.SystemInit
                0x00000000000007a2       0xfa ./User/system_ch32v30x.o
                0x00000000000007a2                SystemInit
 .text.SystemCoreClockUpdate
                0x000000000000089c      0x12e ./User/system_ch32v30x.o
                0x000000000000089c                SystemCoreClockUpdate
 .text.task_init
                0x00000000000009ca       0x1c ./User/task.o
                0x00000000000009ca                task_init
 .text.task_register
                0x00000000000009e6       0x22 ./User/task.o
                0x00000000000009e6                task_register
 .text.task_yield
                0x0000000000000a08       0x38 ./User/task.o
                0x0000000000000a08                task_yield
 .text.os_start
                0x0000000000000a40       0x28 ./User/task.o
                0x0000000000000a40                os_start
 .text.vector_handler
                0x0000000000000a68        0x2 ./Startup/startup_ch32v30x_D8C.o
                0x0000000000000a68                EXTI2_IRQHandler
                0x0000000000000a68                TIM8_TRG_COM_IRQHandler
                0x0000000000000a68                TIM8_CC_IRQHandler
                0x0000000000000a68                UART8_IRQHandler
                0x0000000000000a68                TIM1_CC_IRQHandler
                0x0000000000000a68                TIM6_IRQHandler
                0x0000000000000a68                SysTick_Handler
                0x0000000000000a68                PVD_IRQHandler
                0x0000000000000a68                SDIO_IRQHandler
                0x0000000000000a68                TIM9_BRK_IRQHandler
                0x0000000000000a68                DMA2_Channel8_IRQHandler
                0x0000000000000a68                CAN2_RX1_IRQHandler
                0x0000000000000a68                EXTI3_IRQHandler
                0x0000000000000a68                USBHS_IRQHandler
                0x0000000000000a68                DMA2_Channel9_IRQHandler
                0x0000000000000a68                TIM10_CC_IRQHandler
                0x0000000000000a68                USBFS_IRQHandler
                0x0000000000000a68                EXTI0_IRQHandler
                0x0000000000000a68                I2C2_EV_IRQHandler
                0x0000000000000a68                TIM10_TRG_COM_IRQHandler
                0x0000000000000a68                CAN2_SCE_IRQHandler
                0x0000000000000a68                ADC1_2_IRQHandler
                0x0000000000000a68                Break_Point_Handler
                0x0000000000000a68                SPI1_IRQHandler
                0x0000000000000a68                TAMPER_IRQHandler
                0x0000000000000a68                CAN2_RX0_IRQHandler
                0x0000000000000a68                TIM8_UP_IRQHandler
                0x0000000000000a68                Ecall_M_Mode_Handler
                0x0000000000000a68                DMA2_Channel2_IRQHandler
                0x0000000000000a68                DMA1_Channel4_IRQHandler
                0x0000000000000a68                TIM9_UP_IRQHandler
                0x0000000000000a68                USART3_IRQHandler
                0x0000000000000a68                RTC_IRQHandler
                0x0000000000000a68                DMA1_Channel7_IRQHandler
                0x0000000000000a68                CAN1_RX1_IRQHandler
                0x0000000000000a68                DVP_IRQHandler
                0x0000000000000a68                UART5_IRQHandler
                0x0000000000000a68                TIM4_IRQHandler
                0x0000000000000a68                DMA2_Channel1_IRQHandler
                0x0000000000000a68                I2C1_EV_IRQHandler
                0x0000000000000a68                DMA1_Channel6_IRQHandler
                0x0000000000000a68                UART4_IRQHandler
                0x0000000000000a68                DMA2_Channel4_IRQHandler
                0x0000000000000a68                TIM3_IRQHandler
                0x0000000000000a68                RCC_IRQHandler
                0x0000000000000a68                TIM1_TRG_COM_IRQHandler
                0x0000000000000a68                DMA1_Channel1_IRQHandler
                0x0000000000000a68                DMA2_Channel7_IRQHandler
                0x0000000000000a68                EXTI15_10_IRQHandler
                0x0000000000000a68                TIM7_IRQHandler
                0x0000000000000a68                CAN2_TX_IRQHandler
                0x0000000000000a68                TIM5_IRQHandler
                0x0000000000000a68                EXTI9_5_IRQHandler
                0x0000000000000a68                ETH_WKUP_IRQHandler
                0x0000000000000a68                SPI2_IRQHandler
                0x0000000000000a68                TIM10_BRK_IRQHandler
                0x0000000000000a68                TIM9_CC_IRQHandler
                0x0000000000000a68                DMA2_Channel5_IRQHandler
                0x0000000000000a68                DMA1_Channel5_IRQHandler
                0x0000000000000a68                EXTI4_IRQHandler
                0x0000000000000a68                USB_LP_CAN1_RX0_IRQHandler
                0x0000000000000a68                RNG_IRQHandler
                0x0000000000000a68                USB_HP_CAN1_TX_IRQHandler
                0x0000000000000a68                DMA1_Channel3_IRQHandler
                0x0000000000000a68                ETH_IRQHandler
                0x0000000000000a68                TIM1_UP_IRQHandler
                0x0000000000000a68                WWDG_IRQHandler
                0x0000000000000a68                USBHSWakeup_IRQHandler
                0x0000000000000a68                DMA2_Channel11_IRQHandler
                0x0000000000000a68                Ecall_U_Mode_Handler
                0x0000000000000a68                DMA2_Channel6_IRQHandler
                0x0000000000000a68                TIM2_IRQHandler
                0x0000000000000a68                SW_Handler
                0x0000000000000a68                TIM1_BRK_IRQHandler
                0x0000000000000a68                DMA2_Channel10_IRQHandler
                0x0000000000000a68                EXTI1_IRQHandler
                0x0000000000000a68                RTCAlarm_IRQHandler
                0x0000000000000a68                TIM10_UP_IRQHandler
                0x0000000000000a68                TIM9_TRG_COM_IRQHandler
                0x0000000000000a68                UART7_IRQHandler
                0x0000000000000a68                USART2_IRQHandler
                0x0000000000000a68                UART6_IRQHandler
                0x0000000000000a68                I2C2_ER_IRQHandler
                0x0000000000000a68                DMA1_Channel2_IRQHandler
                0x0000000000000a68                TIM8_BRK_IRQHandler
                0x0000000000000a68                CAN1_SCE_IRQHandler
                0x0000000000000a68                FLASH_IRQHandler
                0x0000000000000a68                USART1_IRQHandler
                0x0000000000000a68                SPI3_IRQHandler
                0x0000000000000a68                I2C1_ER_IRQHandler
                0x0000000000000a68                USBWakeUp_IRQHandler
                0x0000000000000a68                DMA2_Channel3_IRQHandler
 .text.handle_reset
                0x0000000000000a6a       0x8e ./Startup/startup_ch32v30x_D8C.o
                0x0000000000000a6a                handle_reset
 .text.ADC_DeInit
                0x0000000000000af8       0x40 ./Peripheral/src/ch32v30x_adc.o
                0x0000000000000af8                ADC_DeInit
 .text.ADC_Init
                0x0000000000000b38       0x56 ./Peripheral/src/ch32v30x_adc.o
                0x0000000000000b38                ADC_Init
 .text.ADC_Cmd  0x0000000000000b8e       0x10 ./Peripheral/src/ch32v30x_adc.o
                0x0000000000000b8e                ADC_Cmd
 .text.ADC_ResetCalibration
                0x0000000000000b9e        0xa ./Peripheral/src/ch32v30x_adc.o
                0x0000000000000b9e                ADC_ResetCalibration
 .text.ADC_GetResetCalibrationStatus
                0x0000000000000ba8        0x8 ./Peripheral/src/ch32v30x_adc.o
                0x0000000000000ba8                ADC_GetResetCalibrationStatus
 .text.ADC_StartCalibration
                0x0000000000000bb0        0xa ./Peripheral/src/ch32v30x_adc.o
                0x0000000000000bb0                ADC_StartCalibration
 .text.ADC_GetCalibrationStatus
                0x0000000000000bba        0x8 ./Peripheral/src/ch32v30x_adc.o
                0x0000000000000bba                ADC_GetCalibrationStatus
 .text.ADC_SoftwareStartConvCmd
                0x0000000000000bc2       0x18 ./Peripheral/src/ch32v30x_adc.o
                0x0000000000000bc2                ADC_SoftwareStartConvCmd
 .text.ADC_RegularChannelConfig
                0x0000000000000bda       0xb8 ./Peripheral/src/ch32v30x_adc.o
                0x0000000000000bda                ADC_RegularChannelConfig
 .text.ADC_GetConversionValue
                0x0000000000000c92        0x8 ./Peripheral/src/ch32v30x_adc.o
                0x0000000000000c92                ADC_GetConversionValue
 .text.ADC_GetFlagStatus
                0x0000000000000c9a        0xa ./Peripheral/src/ch32v30x_adc.o
                0x0000000000000c9a                ADC_GetFlagStatus
 .text.ADC_BufferCmd
                0x0000000000000ca4       0x18 ./Peripheral/src/ch32v30x_adc.o
                0x0000000000000ca4                ADC_BufferCmd
 .text.GPIO_Init
                0x0000000000000cbc       0xc0 ./Peripheral/src/ch32v30x_gpio.o
                0x0000000000000cbc                GPIO_Init
 .text.GPIO_SetBits
                0x0000000000000d7c        0x4 ./Peripheral/src/ch32v30x_gpio.o
                0x0000000000000d7c                GPIO_SetBits
 .text.GPIO_ResetBits
                0x0000000000000d80        0x4 ./Peripheral/src/ch32v30x_gpio.o
                0x0000000000000d80                GPIO_ResetBits
 .text.RCC_ADCCLKConfig
                0x0000000000000d84       0x12 ./Peripheral/src/ch32v30x_rcc.o
                0x0000000000000d84                RCC_ADCCLKConfig
 .text.RCC_GetClocksFreq
                0x0000000000000d96      0x176 ./Peripheral/src/ch32v30x_rcc.o
                0x0000000000000d96                RCC_GetClocksFreq
 .text.RCC_APB2PeriphClockCmd
                0x0000000000000f0c       0x1e ./Peripheral/src/ch32v30x_rcc.o
                0x0000000000000f0c                RCC_APB2PeriphClockCmd
 .text.RCC_APB2PeriphResetCmd
                0x0000000000000f2a       0x1e ./Peripheral/src/ch32v30x_rcc.o
                0x0000000000000f2a                RCC_APB2PeriphResetCmd
 .text.USART_Init
                0x0000000000000f48       0x9c ./Peripheral/src/ch32v30x_usart.o
                0x0000000000000f48                USART_Init
 .text.USART_Cmd
                0x0000000000000fe4       0x16 ./Peripheral/src/ch32v30x_usart.o
                0x0000000000000fe4                USART_Cmd
 .text.USART_SendData
                0x0000000000000ffa        0x8 ./Peripheral/src/ch32v30x_usart.o
                0x0000000000000ffa                USART_SendData
 .text.USART_GetFlagStatus
                0x0000000000001002        0xa ./Peripheral/src/ch32v30x_usart.o
                0x0000000000001002                USART_GetFlagStatus
 .text.Delay_Init
                0x000000000000100c       0x2a ./Debug/debug.o
                0x000000000000100c                Delay_Init
 .text.Delay_Ms
                0x0000000000001036       0x36 ./Debug/debug.o
                0x0000000000001036                Delay_Ms
 .text.USART_Printf_Init
                0x000000000000106c       0x52 ./Debug/debug.o
                0x000000000000106c                USART_Printf_Init
 .text._write   0x00000000000010be       0x3a ./Debug/debug.o
                0x00000000000010be                _write
 .text._sbrk    0x00000000000010f8       0x2a ./Debug/debug.o
                0x00000000000010f8                _sbrk
 .text.log      0x0000000000001122      0x112 d:/mounriver_studio/mounriver_studio2/resources/app/resources/win32/components/wch/toolchain/risc-v embedded gcc/bin/../lib/gcc/riscv-none-embed/8.2.0/../../../../riscv-none-embed/lib/rv32imacxw/ilp32\libm.a(lib_a-w_log.o)
                0x0000000000001122                log
 .text.__ieee754_log
                0x0000000000001234      0x3d8 d:/mounriver_studio/mounriver_studio2/resources/app/resources/win32/components/wch/toolchain/risc-v embedded gcc/bin/../lib/gcc/riscv-none-embed/8.2.0/../../../../riscv-none-embed/lib/rv32imacxw/ilp32\libm.a(lib_a-e_log.o)
                0x0000000000001234                __ieee754_log
 .text.matherr  0x000000000000160c        0x4 d:/mounriver_studio/mounriver_studio2/resources/app/resources/win32/components/wch/toolchain/risc-v embedded gcc/bin/../lib/gcc/riscv-none-embed/8.2.0/../../../../riscv-none-embed/lib/rv32imacxw/ilp32\libm.a(lib_a-s_matherr.o)
                0x000000000000160c                matherr
 .text.nan      0x0000000000001610        0xe d:/mounriver_studio/mounriver_studio2/resources/app/resources/win32/components/wch/toolchain/risc-v embedded gcc/bin/../lib/gcc/riscv-none-embed/8.2.0/../../../../riscv-none-embed/lib/rv32imacxw/ilp32\libm.a(lib_a-s_nan.o)
                0x0000000000001610                nan
 .text.__adddf3
                0x000000000000161e      0x730 d:/mounriver_studio/mounriver_studio2/resources/app/resources/win32/components/wch/toolchain/risc-v embedded gcc/bin/../lib/gcc/riscv-none-embed/8.2.0/rv32imacxw/ilp32\libgcc.a(adddf3.o)
                0x000000000000161e                __adddf3
 .text.__divdf3
                0x0000000000001d4e      0x5b4 d:/mounriver_studio/mounriver_studio2/resources/app/resources/win32/components/wch/toolchain/risc-v embedded gcc/bin/../lib/gcc/riscv-none-embed/8.2.0/rv32imacxw/ilp32\libgcc.a(divdf3.o)
                0x0000000000001d4e                __divdf3
 .text.__eqdf2  0x0000000000002302       0x6a d:/mounriver_studio/mounriver_studio2/resources/app/resources/win32/components/wch/toolchain/risc-v embedded gcc/bin/../lib/gcc/riscv-none-embed/8.2.0/rv32imacxw/ilp32\libgcc.a(eqdf2.o)
                0x0000000000002302                __nedf2
                0x0000000000002302                __eqdf2
 .text.__gedf2  0x000000000000236c       0xae d:/mounriver_studio/mounriver_studio2/resources/app/resources/win32/components/wch/toolchain/risc-v embedded gcc/bin/../lib/gcc/riscv-none-embed/8.2.0/rv32imacxw/ilp32\libgcc.a(gedf2.o)
                0x000000000000236c                __gedf2
                0x000000000000236c                __gtdf2
 .text.__muldf3
                0x000000000000241a      0x4b8 d:/mounriver_studio/mounriver_studio2/resources/app/resources/win32/components/wch/toolchain/risc-v embedded gcc/bin/../lib/gcc/riscv-none-embed/8.2.0/rv32imacxw/ilp32\libgcc.a(muldf3.o)
                0x000000000000241a                __muldf3
 .text.__subdf3
                0x00000000000028d2      0x73e d:/mounriver_studio/mounriver_studio2/resources/app/resources/win32/components/wch/toolchain/risc-v embedded gcc/bin/../lib/gcc/riscv-none-embed/8.2.0/rv32imacxw/ilp32\libgcc.a(subdf3.o)
                0x00000000000028d2                __subdf3
 .text.__unorddf2
                0x0000000000003010       0x3c d:/mounriver_studio/mounriver_studio2/resources/app/resources/win32/components/wch/toolchain/risc-v embedded gcc/bin/../lib/gcc/riscv-none-embed/8.2.0/rv32imacxw/ilp32\libgcc.a(unorddf2.o)
                0x0000000000003010                __unorddf2
 .text.__floatsidf
                0x000000000000304c       0x72 d:/mounriver_studio/mounriver_studio2/resources/app/resources/win32/components/wch/toolchain/risc-v embedded gcc/bin/../lib/gcc/riscv-none-embed/8.2.0/rv32imacxw/ilp32\libgcc.a(floatsidf.o)
                0x000000000000304c                __floatsidf
 .text.__divsf3
                0x00000000000030be      0x2b2 d:/mounriver_studio/mounriver_studio2/resources/app/resources/win32/components/wch/toolchain/risc-v embedded gcc/bin/../lib/gcc/riscv-none-embed/8.2.0/rv32imacxw/ilp32\libgcc.a(divsf3.o)
                0x00000000000030be                __divsf3
 .text.__gesf2  0x0000000000003370       0x86 d:/mounriver_studio/mounriver_studio2/resources/app/resources/win32/components/wch/toolchain/risc-v embedded gcc/bin/../lib/gcc/riscv-none-embed/8.2.0/rv32imacxw/ilp32\libgcc.a(gesf2.o)
                0x0000000000003370                __gesf2
                0x0000000000003370                __gtsf2
 .text.__lesf2  0x00000000000033f6       0x8c d:/mounriver_studio/mounriver_studio2/resources/app/resources/win32/components/wch/toolchain/risc-v embedded gcc/bin/../lib/gcc/riscv-none-embed/8.2.0/rv32imacxw/ilp32\libgcc.a(lesf2.o)
                0x00000000000033f6                __ltsf2
                0x00000000000033f6                __lesf2
 .text.__mulsf3
                0x0000000000003482      0x294 d:/mounriver_studio/mounriver_studio2/resources/app/resources/win32/components/wch/toolchain/risc-v embedded gcc/bin/../lib/gcc/riscv-none-embed/8.2.0/rv32imacxw/ilp32\libgcc.a(mulsf3.o)
                0x0000000000003482                __mulsf3
 .text.__subsf3
                0x0000000000003716      0x388 d:/mounriver_studio/mounriver_studio2/resources/app/resources/win32/components/wch/toolchain/risc-v embedded gcc/bin/../lib/gcc/riscv-none-embed/8.2.0/rv32imacxw/ilp32\libgcc.a(subsf3.o)
                0x0000000000003716                __subsf3
 .text.__fixsfsi
                0x0000000000003a9e       0x62 d:/mounriver_studio/mounriver_studio2/resources/app/resources/win32/components/wch/toolchain/risc-v embedded gcc/bin/../lib/gcc/riscv-none-embed/8.2.0/rv32imacxw/ilp32\libgcc.a(fixsfsi.o)
                0x0000000000003a9e                __fixsfsi
 .text.__floatsisf
                0x0000000000003b00       0xc6 d:/mounriver_studio/mounriver_studio2/resources/app/resources/win32/components/wch/toolchain/risc-v embedded gcc/bin/../lib/gcc/riscv-none-embed/8.2.0/rv32imacxw/ilp32\libgcc.a(floatsisf.o)
                0x0000000000003b00                __floatsisf
 .text.__floatunsisf
                0x0000000000003bc6       0xce d:/mounriver_studio/mounriver_studio2/resources/app/resources/win32/components/wch/toolchain/risc-v embedded gcc/bin/../lib/gcc/riscv-none-embed/8.2.0/rv32imacxw/ilp32\libgcc.a(floatunsisf.o)
                0x0000000000003bc6                __floatunsisf
 .text.__extendsfdf2
                0x0000000000003c94       0xac d:/mounriver_studio/mounriver_studio2/resources/app/resources/win32/components/wch/toolchain/risc-v embedded gcc/bin/../lib/gcc/riscv-none-embed/8.2.0/rv32imacxw/ilp32\libgcc.a(extendsfdf2.o)
                0x0000000000003c94                __extendsfdf2
 .text.__truncdfsf2
                0x0000000000003d40      0x16a d:/mounriver_studio/mounriver_studio2/resources/app/resources/win32/components/wch/toolchain/risc-v embedded gcc/bin/../lib/gcc/riscv-none-embed/8.2.0/rv32imacxw/ilp32\libgcc.a(truncdfsf2.o)
                0x0000000000003d40                __truncdfsf2
 .text.__clzsi2
                0x0000000000003eaa       0x6e d:/mounriver_studio/mounriver_studio2/resources/app/resources/win32/components/wch/toolchain/risc-v embedded gcc/bin/../lib/gcc/riscv-none-embed/8.2.0/rv32imacxw/ilp32\libgcc.a(_clzsi2.o)
                0x0000000000003eaa                __clzsi2
 .text.__errno  0x0000000000003f18        0x8 d:/mounriver_studio/mounriver_studio2/resources/app/resources/win32/components/wch/toolchain/risc-v embedded gcc/bin/../lib/gcc/riscv-none-embed/8.2.0/../../../../riscv-none-embed/lib/rv32imacxw/ilp32\libg_nano.a(lib_a-errno.o)
                0x0000000000003f18                __errno
 .text.printf   0x0000000000003f20       0x40 d:/mounriver_studio/mounriver_studio2/resources/app/resources/win32/components/wch/toolchain/risc-v embedded gcc/bin/../lib/gcc/riscv-none-embed/8.2.0/../../../../riscv-none-embed/lib/rv32imacxw/ilp32\libg_nano.a(lib_a-printf.o)
                0x0000000000003f20                iprintf
                0x0000000000003f20                printf
 .text._puts_r  0x0000000000003f60       0xd4 d:/mounriver_studio/mounriver_studio2/resources/app/resources/win32/components/wch/toolchain/risc-v embedded gcc/bin/../lib/gcc/riscv-none-embed/8.2.0/../../../../riscv-none-embed/lib/rv32imacxw/ilp32\libg_nano.a(lib_a-puts.o)
                0x0000000000003f60                _puts_r
 .text.puts     0x0000000000004034        0xa d:/mounriver_studio/mounriver_studio2/resources/app/resources/win32/components/wch/toolchain/risc-v embedded gcc/bin/../lib/gcc/riscv-none-embed/8.2.0/../../../../riscv-none-embed/lib/rv32imacxw/ilp32\libg_nano.a(lib_a-puts.o)
                0x0000000000004034                puts
 .text.__swbuf_r
                0x000000000000403e       0xbc d:/mounriver_studio/mounriver_studio2/resources/app/resources/win32/components/wch/toolchain/risc-v embedded gcc/bin/../lib/gcc/riscv-none-embed/8.2.0/../../../../riscv-none-embed/lib/rv32imacxw/ilp32\libg_nano.a(lib_a-wbuf.o)
                0x000000000000403e                __swbuf_r
 .text.__swsetup_r
                0x00000000000040fa       0xfc d:/mounriver_studio/mounriver_studio2/resources/app/resources/win32/components/wch/toolchain/risc-v embedded gcc/bin/../lib/gcc/riscv-none-embed/8.2.0/../../../../riscv-none-embed/lib/rv32imacxw/ilp32\libg_nano.a(lib_a-wsetup.o)
                0x00000000000040fa                __swsetup_r
 .text.__sflush_r
                0x00000000000041f6      0x130 d:/mounriver_studio/mounriver_studio2/resources/app/resources/win32/components/wch/toolchain/risc-v embedded gcc/bin/../lib/gcc/riscv-none-embed/8.2.0/../../../../riscv-none-embed/lib/rv32imacxw/ilp32\libg_nano.a(lib_a-fflush.o)
                0x00000000000041f6                __sflush_r
 .text._fflush_r
                0x0000000000004326       0x64 d:/mounriver_studio/mounriver_studio2/resources/app/resources/win32/components/wch/toolchain/risc-v embedded gcc/bin/../lib/gcc/riscv-none-embed/8.2.0/../../../../riscv-none-embed/lib/rv32imacxw/ilp32\libg_nano.a(lib_a-fflush.o)
                0x0000000000004326                _fflush_r
 .text.std      0x000000000000438a       0x66 d:/mounriver_studio/mounriver_studio2/resources/app/resources/win32/components/wch/toolchain/risc-v embedded gcc/bin/../lib/gcc/riscv-none-embed/8.2.0/../../../../riscv-none-embed/lib/rv32imacxw/ilp32\libg_nano.a(lib_a-findfp.o)
 .text._cleanup_r
                0x00000000000043f0        0xa d:/mounriver_studio/mounriver_studio2/resources/app/resources/win32/components/wch/toolchain/risc-v embedded gcc/bin/../lib/gcc/riscv-none-embed/8.2.0/../../../../riscv-none-embed/lib/rv32imacxw/ilp32\libg_nano.a(lib_a-findfp.o)
                0x00000000000043f0                _cleanup_r
 .text.__sfmoreglue
                0x00000000000043fa       0x46 d:/mounriver_studio/mounriver_studio2/resources/app/resources/win32/components/wch/toolchain/risc-v embedded gcc/bin/../lib/gcc/riscv-none-embed/8.2.0/../../../../riscv-none-embed/lib/rv32imacxw/ilp32\libg_nano.a(lib_a-findfp.o)
                0x00000000000043fa                __sfmoreglue
 .text.__sinit  0x0000000000004440       0x66 d:/mounriver_studio/mounriver_studio2/resources/app/resources/win32/components/wch/toolchain/risc-v embedded gcc/bin/../lib/gcc/riscv-none-embed/8.2.0/../../../../riscv-none-embed/lib/rv32imacxw/ilp32\libg_nano.a(lib_a-findfp.o)
                0x0000000000004440                __sinit
 .text.__sfp    0x00000000000044a6       0x9c d:/mounriver_studio/mounriver_studio2/resources/app/resources/win32/components/wch/toolchain/risc-v embedded gcc/bin/../lib/gcc/riscv-none-embed/8.2.0/../../../../riscv-none-embed/lib/rv32imacxw/ilp32\libg_nano.a(lib_a-findfp.o)
                0x00000000000044a6                __sfp
 .text._fwalk_reent
                0x0000000000004542       0x6a d:/mounriver_studio/mounriver_studio2/resources/app/resources/win32/components/wch/toolchain/risc-v embedded gcc/bin/../lib/gcc/riscv-none-embed/8.2.0/../../../../riscv-none-embed/lib/rv32imacxw/ilp32\libg_nano.a(lib_a-fwalk.o)
                0x0000000000004542                _fwalk_reent
 .text.__swhatbuf_r
                0x00000000000045ac       0x58 d:/mounriver_studio/mounriver_studio2/resources/app/resources/win32/components/wch/toolchain/risc-v embedded gcc/bin/../lib/gcc/riscv-none-embed/8.2.0/../../../../riscv-none-embed/lib/rv32imacxw/ilp32\libg_nano.a(lib_a-makebuf.o)
                0x00000000000045ac                __swhatbuf_r
 .text.__smakebuf_r
                0x0000000000004604       0x90 d:/mounriver_studio/mounriver_studio2/resources/app/resources/win32/components/wch/toolchain/risc-v embedded gcc/bin/../lib/gcc/riscv-none-embed/8.2.0/../../../../riscv-none-embed/lib/rv32imacxw/ilp32\libg_nano.a(lib_a-makebuf.o)
                0x0000000000004604                __smakebuf_r
 .text._free_r  0x0000000000004694       0xa8 d:/mounriver_studio/mounriver_studio2/resources/app/resources/win32/components/wch/toolchain/risc-v embedded gcc/bin/../lib/gcc/riscv-none-embed/8.2.0/../../../../riscv-none-embed/lib/rv32imacxw/ilp32\libg_nano.a(lib_a-nano-freer.o)
                0x0000000000004694                _free_r
 .text._malloc_r
                0x000000000000473c       0xd4 d:/mounriver_studio/mounriver_studio2/resources/app/resources/win32/components/wch/toolchain/risc-v embedded gcc/bin/../lib/gcc/riscv-none-embed/8.2.0/../../../../riscv-none-embed/lib/rv32imacxw/ilp32\libg_nano.a(lib_a-nano-mallocr.o)
                0x000000000000473c                _malloc_r
 .text.__sfputc_r
                0x0000000000004810       0x28 d:/mounriver_studio/mounriver_studio2/resources/app/resources/win32/components/wch/toolchain/risc-v embedded gcc/bin/../lib/gcc/riscv-none-embed/8.2.0/../../../../riscv-none-embed/lib/rv32imacxw/ilp32\libg_nano.a(lib_a-nano-vfprintf.o)
 .text.__sfputs_r
                0x0000000000004838       0x40 d:/mounriver_studio/mounriver_studio2/resources/app/resources/win32/components/wch/toolchain/risc-v embedded gcc/bin/../lib/gcc/riscv-none-embed/8.2.0/../../../../riscv-none-embed/lib/rv32imacxw/ilp32\libg_nano.a(lib_a-nano-vfprintf.o)
                0x0000000000004838                __sfputs_r
 .text._vfprintf_r
                0x0000000000004878      0x286 d:/mounriver_studio/mounriver_studio2/resources/app/resources/win32/components/wch/toolchain/risc-v embedded gcc/bin/../lib/gcc/riscv-none-embed/8.2.0/../../../../riscv-none-embed/lib/rv32imacxw/ilp32\libg_nano.a(lib_a-nano-vfprintf.o)
                0x0000000000004878                _vfprintf_r
                0x0000000000004878                _vfiprintf_r
 .text._printf_common
                0x0000000000004afe      0x10c d:/mounriver_studio/mounriver_studio2/resources/app/resources/win32/components/wch/toolchain/risc-v embedded gcc/bin/../lib/gcc/riscv-none-embed/8.2.0/../../../../riscv-none-embed/lib/rv32imacxw/ilp32\libg_nano.a(lib_a-nano-vfprintf_i.o)
                0x0000000000004afe                _printf_common
 .text._printf_i
                0x0000000000004c0a      0x2a0 d:/mounriver_studio/mounriver_studio2/resources/app/resources/win32/components/wch/toolchain/risc-v embedded gcc/bin/../lib/gcc/riscv-none-embed/8.2.0/../../../../riscv-none-embed/lib/rv32imacxw/ilp32\libg_nano.a(lib_a-nano-vfprintf_i.o)
                0x0000000000004c0a                _printf_i
 .text._sbrk_r  0x0000000000004eaa       0x32 d:/mounriver_studio/mounriver_studio2/resources/app/resources/win32/components/wch/toolchain/risc-v embedded gcc/bin/../lib/gcc/riscv-none-embed/8.2.0/../../../../riscv-none-embed/lib/rv32imacxw/ilp32\libg_nano.a(lib_a-sbrkr.o)
                0x0000000000004eaa                _sbrk_r
 .text.__sread  0x0000000000004edc       0x2c d:/mounriver_studio/mounriver_studio2/resources/app/resources/win32/components/wch/toolchain/risc-v embedded gcc/bin/../lib/gcc/riscv-none-embed/8.2.0/../../../../riscv-none-embed/lib/rv32imacxw/ilp32\libg_nano.a(lib_a-stdio.o)
                0x0000000000004edc                __sread
 .text.__swrite
                0x0000000000004f08       0x48 d:/mounriver_studio/mounriver_studio2/resources/app/resources/win32/components/wch/toolchain/risc-v embedded gcc/bin/../lib/gcc/riscv-none-embed/8.2.0/../../../../riscv-none-embed/lib/rv32imacxw/ilp32\libg_nano.a(lib_a-stdio.o)
                0x0000000000004f08                __swrite
 .text.__sseek  0x0000000000004f50       0x30 d:/mounriver_studio/mounriver_studio2/resources/app/resources/win32/components/wch/toolchain/risc-v embedded gcc/bin/../lib/gcc/riscv-none-embed/8.2.0/../../../../riscv-none-embed/lib/rv32imacxw/ilp32\libg_nano.a(lib_a-stdio.o)
                0x0000000000004f50                __sseek
 .text.__sclose
                0x0000000000004f80        0x6 d:/mounriver_studio/mounriver_studio2/resources/app/resources/win32/components/wch/toolchain/risc-v embedded gcc/bin/../lib/gcc/riscv-none-embed/8.2.0/../../../../riscv-none-embed/lib/rv32imacxw/ilp32\libg_nano.a(lib_a-stdio.o)
                0x0000000000004f80                __sclose
 .text._write_r
                0x0000000000004f86       0x36 d:/mounriver_studio/mounriver_studio2/resources/app/resources/win32/components/wch/toolchain/risc-v embedded gcc/bin/../lib/gcc/riscv-none-embed/8.2.0/../../../../riscv-none-embed/lib/rv32imacxw/ilp32\libg_nano.a(lib_a-writer.o)
                0x0000000000004f86                _write_r
 .text._close_r
                0x0000000000004fbc       0x30 d:/mounriver_studio/mounriver_studio2/resources/app/resources/win32/components/wch/toolchain/risc-v embedded gcc/bin/../lib/gcc/riscv-none-embed/8.2.0/../../../../riscv-none-embed/lib/rv32imacxw/ilp32\libg_nano.a(lib_a-closer.o)
                0x0000000000004fbc                _close_r
 .text._fstat_r
                0x0000000000004fec       0x32 d:/mounriver_studio/mounriver_studio2/resources/app/resources/win32/components/wch/toolchain/risc-v embedded gcc/bin/../lib/gcc/riscv-none-embed/8.2.0/../../../../riscv-none-embed/lib/rv32imacxw/ilp32\libg_nano.a(lib_a-fstatr.o)
                0x0000000000004fec                _fstat_r
 .text._isatty_r
                0x000000000000501e       0x30 d:/mounriver_studio/mounriver_studio2/resources/app/resources/win32/components/wch/toolchain/risc-v embedded gcc/bin/../lib/gcc/riscv-none-embed/8.2.0/../../../../riscv-none-embed/lib/rv32imacxw/ilp32\libg_nano.a(lib_a-isattyr.o)
                0x000000000000501e                _isatty_r
 .text._lseek_r
                0x000000000000504e       0x34 d:/mounriver_studio/mounriver_studio2/resources/app/resources/win32/components/wch/toolchain/risc-v embedded gcc/bin/../lib/gcc/riscv-none-embed/8.2.0/../../../../riscv-none-embed/lib/rv32imacxw/ilp32\libg_nano.a(lib_a-lseekr.o)
                0x000000000000504e                _lseek_r
 .text.memchr   0x0000000000005082       0x18 d:/mounriver_studio/mounriver_studio2/resources/app/resources/win32/components/wch/toolchain/risc-v embedded gcc/bin/../lib/gcc/riscv-none-embed/8.2.0/../../../../riscv-none-embed/lib/rv32imacxw/ilp32\libg_nano.a(lib_a-memchr.o)
                0x0000000000005082                memchr
 .text.__malloc_lock
                0x000000000000509a        0x2 d:/mounriver_studio/mounriver_studio2/resources/app/resources/win32/components/wch/toolchain/risc-v embedded gcc/bin/../lib/gcc/riscv-none-embed/8.2.0/../../../../riscv-none-embed/lib/rv32imacxw/ilp32\libg_nano.a(lib_a-mlock.o)
                0x000000000000509a                __malloc_lock
 .text.__malloc_unlock
                0x000000000000509c        0x2 d:/mounriver_studio/mounriver_studio2/resources/app/resources/win32/components/wch/toolchain/risc-v embedded gcc/bin/../lib/gcc/riscv-none-embed/8.2.0/../../../../riscv-none-embed/lib/rv32imacxw/ilp32\libg_nano.a(lib_a-mlock.o)
                0x000000000000509c                __malloc_unlock
 .text._read_r  0x000000000000509e       0x34 d:/mounriver_studio/mounriver_studio2/resources/app/resources/win32/components/wch/toolchain/risc-v embedded gcc/bin/../lib/gcc/riscv-none-embed/8.2.0/../../../../riscv-none-embed/lib/rv32imacxw/ilp32\libg_nano.a(lib_a-readr.o)
                0x000000000000509e                _read_r
 .text._close   0x00000000000050d2       0x10 d:/mounriver_studio/mounriver_studio2/resources/app/resources/win32/components/wch/toolchain/risc-v embedded gcc/bin/../lib/gcc/riscv-none-embed/8.2.0/../../../../riscv-none-embed/lib/rv32imacxw/ilp32\libnosys.a(close.o)
                0x00000000000050d2                _close
 .text._fstat   0x00000000000050e2       0x10 d:/mounriver_studio/mounriver_studio2/resources/app/resources/win32/components/wch/toolchain/risc-v embedded gcc/bin/../lib/gcc/riscv-none-embed/8.2.0/../../../../riscv-none-embed/lib/rv32imacxw/ilp32\libnosys.a(fstat.o)
                0x00000000000050e2                _fstat
 .text._isatty  0x00000000000050f2       0x10 d:/mounriver_studio/mounriver_studio2/resources/app/resources/win32/components/wch/toolchain/risc-v embedded gcc/bin/../lib/gcc/riscv-none-embed/8.2.0/../../../../riscv-none-embed/lib/rv32imacxw/ilp32\libnosys.a(isatty.o)
                0x00000000000050f2                _isatty
 .text._lseek   0x0000000000005102       0x10 d:/mounriver_studio/mounriver_studio2/resources/app/resources/win32/components/wch/toolchain/risc-v embedded gcc/bin/../lib/gcc/riscv-none-embed/8.2.0/../../../../riscv-none-embed/lib/rv32imacxw/ilp32\libnosys.a(lseek.o)
                0x0000000000005102                _lseek
 .text._read    0x0000000000005112       0x10 d:/mounriver_studio/mounriver_studio2/resources/app/resources/win32/components/wch/toolchain/risc-v embedded gcc/bin/../lib/gcc/riscv-none-embed/8.2.0/../../../../riscv-none-embed/lib/rv32imacxw/ilp32\libnosys.a(read.o)
                0x0000000000005112                _read
 *(.rodata)
 *(.rodata*)
 *fill*         0x0000000000005122        0x2 
 .rodata.Convert_ADC_To_Celsius.cst4
                0x0000000000005124       0x14 ./User/main.o
 *fill*         0x0000000000005138        0x0 
 .rodata.Convert_ADC_To_Celsius.cst8
                0x0000000000005138       0x18 ./User/main.o
 .rodata.main.str1.4
                0x0000000000005150       0x2d ./User/main.o
 *fill*         0x000000000000517d        0x3 
 .rodata.task1_entry.cst4
                0x0000000000005180        0x4 ./User/main.o
 .rodata.task1_entry.str1.4
                0x0000000000005184       0x31 ./User/main.o
 *fill*         0x00000000000051b5        0x3 
 .rodata.task2_entry.str1.4
                0x00000000000051b8       0x2f ./User/main.o
 *fill*         0x00000000000051e7        0x1 
 .rodata.task3_entry.cst4
                0x00000000000051e8        0x4 ./User/main.o
 .rodata.task3_entry.str1.4
                0x00000000000051ec       0x77 ./User/main.o
 *fill*         0x0000000000005263        0x1 
 .rodata.stack_pool_alloc.str1.4
                0x0000000000005264       0x21 ./User/mempool.o
 *fill*         0x0000000000005285        0x3 
 .rodata.stack_pool_init.str1.4
                0x0000000000005288       0x2f ./User/mempool.o
 *fill*         0x00000000000052b7        0x1 
 .rodata.log.cst8
                0x00000000000052b8       0x10 d:/mounriver_studio/mounriver_studio2/resources/app/resources/win32/components/wch/toolchain/risc-v embedded gcc/bin/../lib/gcc/riscv-none-embed/8.2.0/../../../../riscv-none-embed/lib/rv32imacxw/ilp32\libm.a(lib_a-w_log.o)
 .rodata.log.str1.4
                0x00000000000052c8        0x4 d:/mounriver_studio/mounriver_studio2/resources/app/resources/win32/components/wch/toolchain/risc-v embedded gcc/bin/../lib/gcc/riscv-none-embed/8.2.0/../../../../riscv-none-embed/lib/rv32imacxw/ilp32\libm.a(lib_a-w_log.o)
                                          0x5 (size before relaxing)
 *fill*         0x00000000000052cc        0x4 
 .rodata.__ieee754_log.cst8
                0x00000000000052d0       0x70 d:/mounriver_studio/mounriver_studio2/resources/app/resources/win32/components/wch/toolchain/risc-v embedded gcc/bin/../lib/gcc/riscv-none-embed/8.2.0/../../../../riscv-none-embed/lib/rv32imacxw/ilp32\libm.a(lib_a-e_log.o)
                                         0x78 (size before relaxing)
 .rodata.nan.cst8
                0x0000000000005340        0x8 d:/mounriver_studio/mounriver_studio2/resources/app/resources/win32/components/wch/toolchain/risc-v embedded gcc/bin/../lib/gcc/riscv-none-embed/8.2.0/../../../../riscv-none-embed/lib/rv32imacxw/ilp32\libm.a(lib_a-s_nan.o)
 .rodata.__divdf3
                0x0000000000005348       0x40 d:/mounriver_studio/mounriver_studio2/resources/app/resources/win32/components/wch/toolchain/risc-v embedded gcc/bin/../lib/gcc/riscv-none-embed/8.2.0/rv32imacxw/ilp32\libgcc.a(divdf3.o)
 .rodata.__muldf3
                0x0000000000005388       0x40 d:/mounriver_studio/mounriver_studio2/resources/app/resources/win32/components/wch/toolchain/risc-v embedded gcc/bin/../lib/gcc/riscv-none-embed/8.2.0/rv32imacxw/ilp32\libgcc.a(muldf3.o)
 .rodata.__divsf3
                0x00000000000053c8       0x80 d:/mounriver_studio/mounriver_studio2/resources/app/resources/win32/components/wch/toolchain/risc-v embedded gcc/bin/../lib/gcc/riscv-none-embed/8.2.0/rv32imacxw/ilp32\libgcc.a(divsf3.o)
 .rodata.__mulsf3
                0x0000000000005448       0x40 d:/mounriver_studio/mounriver_studio2/resources/app/resources/win32/components/wch/toolchain/risc-v embedded gcc/bin/../lib/gcc/riscv-none-embed/8.2.0/rv32imacxw/ilp32\libgcc.a(mulsf3.o)
 .rodata.__clz_tab
                0x0000000000005488      0x100 d:/mounriver_studio/mounriver_studio2/resources/app/resources/win32/components/wch/toolchain/risc-v embedded gcc/bin/../lib/gcc/riscv-none-embed/8.2.0/rv32imacxw/ilp32\libgcc.a(_clz.o)
                0x0000000000005488                __clz_tab
 .rodata.__sf_fake_stderr
                0x0000000000005588       0x20 d:/mounriver_studio/mounriver_studio2/resources/app/resources/win32/components/wch/toolchain/risc-v embedded gcc/bin/../lib/gcc/riscv-none-embed/8.2.0/../../../../riscv-none-embed/lib/rv32imacxw/ilp32\libg_nano.a(lib_a-findfp.o)
                0x0000000000005588                __sf_fake_stderr
 .rodata.__sf_fake_stdin
                0x00000000000055a8       0x20 d:/mounriver_studio/mounriver_studio2/resources/app/resources/win32/components/wch/toolchain/risc-v embedded gcc/bin/../lib/gcc/riscv-none-embed/8.2.0/../../../../riscv-none-embed/lib/rv32imacxw/ilp32\libg_nano.a(lib_a-findfp.o)
                0x00000000000055a8                __sf_fake_stdin
 .rodata.__sf_fake_stdout
                0x00000000000055c8       0x20 d:/mounriver_studio/mounriver_studio2/resources/app/resources/win32/components/wch/toolchain/risc-v embedded gcc/bin/../lib/gcc/riscv-none-embed/8.2.0/../../../../riscv-none-embed/lib/rv32imacxw/ilp32\libg_nano.a(lib_a-findfp.o)
                0x00000000000055c8                __sf_fake_stdout
 .rodata._vfprintf_r.str1.4
                0x00000000000055e8       0x13 d:/mounriver_studio/mounriver_studio2/resources/app/resources/win32/components/wch/toolchain/risc-v embedded gcc/bin/../lib/gcc/riscv-none-embed/8.2.0/../../../../riscv-none-embed/lib/rv32imacxw/ilp32\libg_nano.a(lib_a-nano-vfprintf.o)
 *fill*         0x00000000000055fb        0x1 
 .rodata._printf_i.str1.4
                0x00000000000055fc       0x28 d:/mounriver_studio/mounriver_studio2/resources/app/resources/win32/components/wch/toolchain/risc-v embedded gcc/bin/../lib/gcc/riscv-none-embed/8.2.0/../../../../riscv-none-embed/lib/rv32imacxw/ilp32\libg_nano.a(lib_a-nano-vfprintf_i.o)
                                         0x25 (size before relaxing)
 *(.gnu.linkonce.t.*)
                0x0000000000005624                . = ALIGN (0x4)

.rela.dyn       0x0000000000005624        0x0
 .rela.init     0x0000000000005624        0x0 ./User/ch32v30x_it.o
 .rela.vector   0x0000000000005624        0x0 ./User/ch32v30x_it.o
 .rela.text.handle_reset
                0x0000000000005624        0x0 ./User/ch32v30x_it.o
 .rela.text._sbrk
                0x0000000000005624        0x0 ./User/ch32v30x_it.o
 .rela.sdata.curbrk.5280
                0x0000000000005624        0x0 ./User/ch32v30x_it.o
 .rela.text._vfprintf_r
                0x0000000000005624        0x0 ./User/ch32v30x_it.o
 .rela.text._sbrk_r
                0x0000000000005624        0x0 ./User/ch32v30x_it.o
 .rela.text._write_r
                0x0000000000005624        0x0 ./User/ch32v30x_it.o
 .rela.text._close_r
                0x0000000000005624        0x0 ./User/ch32v30x_it.o
 .rela.text._fstat_r
                0x0000000000005624        0x0 ./User/ch32v30x_it.o
 .rela.text._isatty_r
                0x0000000000005624        0x0 ./User/ch32v30x_it.o
 .rela.text._lseek_r
                0x0000000000005624        0x0 ./User/ch32v30x_it.o
 .rela.text._read_r
                0x0000000000005624        0x0 ./User/ch32v30x_it.o
 .rela.text._close
                0x0000000000005624        0x0 ./User/ch32v30x_it.o
 .rela.text._fstat
                0x0000000000005624        0x0 ./User/ch32v30x_it.o
 .rela.text._isatty
                0x0000000000005624        0x0 ./User/ch32v30x_it.o
 .rela.text._lseek
                0x0000000000005624        0x0 ./User/ch32v30x_it.o
 .rela.text._read
                0x0000000000005624        0x0 ./User/ch32v30x_it.o

.fini           0x0000000000005624        0x0
 *(SORT_NONE(.fini))
                0x0000000000005624                . = ALIGN (0x4)
                [!provide]                        PROVIDE (_etext = .)
                [!provide]                        PROVIDE (_eitcm = .)

.preinit_array  0x0000000000005624        0x0
                [!provide]                        PROVIDE (__preinit_array_start = .)
 *(.preinit_array)
                [!provide]                        PROVIDE (__preinit_array_end = .)

.init_array     0x0000000000005624        0x0
                [!provide]                        PROVIDE (__init_array_start = .)
 *(SORT_BY_INIT_PRIORITY(.init_array.*) SORT_BY_INIT_PRIORITY(.ctors.*))
 *(.init_array EXCLUDE_FILE(*crtend?.o *crtend.o *crtbegin?.o *crtbegin.o) .ctors)
                [!provide]                        PROVIDE (__init_array_end = .)

.fini_array     0x0000000000005624        0x0
                [!provide]                        PROVIDE (__fini_array_start = .)
 *(SORT_BY_INIT_PRIORITY(.fini_array.*) SORT_BY_INIT_PRIORITY(.dtors.*))
 *(.fini_array EXCLUDE_FILE(*crtend?.o *crtend.o *crtbegin?.o *crtbegin.o) .dtors)
                [!provide]                        PROVIDE (__fini_array_end = .)

.ctors
 *crtbegin.o(.ctors)
 *crtbegin?.o(.ctors)
 *(EXCLUDE_FILE(*crtend?.o *crtend.o) .ctors)
 *(SORT_BY_NAME(.ctors.*))
 *(.ctors)

.dtors
 *crtbegin.o(.dtors)
 *crtbegin?.o(.dtors)
 *(EXCLUDE_FILE(*crtend?.o *crtend.o) .dtors)
 *(SORT_BY_NAME(.dtors.*))
 *(.dtors)

.dalign         0x0000000020000000        0x0 load address 0x0000000000005624
                0x0000000020000000                . = ALIGN (0x4)
                0x0000000020000000                PROVIDE (_data_vma = .)

.dlalign        0x0000000000005624        0x0
                0x0000000000005624                . = ALIGN (0x4)
                0x0000000000005624                PROVIDE (_data_lma = .)

.data           0x0000000020000000       0x98 load address 0x0000000000005624
 *(.gnu.linkonce.r.*)
 *(.data .data.*)
 .data.AHBPrescTable
                0x0000000020000000       0x10 ./User/system_ch32v30x.o
                0x0000000020000000                AHBPrescTable
 .data.APBAHBPrescTable
                0x0000000020000010       0x10 ./Peripheral/src/ch32v30x_rcc.o
 .data.impure_data
                0x0000000020000020       0x60 d:/mounriver_studio/mounriver_studio2/resources/app/resources/win32/components/wch/toolchain/risc-v embedded gcc/bin/../lib/gcc/riscv-none-embed/8.2.0/../../../../riscv-none-embed/lib/rv32imacxw/ilp32\libg_nano.a(lib_a-impure.o)
 *(.gnu.linkonce.d.*)
                0x0000000020000080                . = ALIGN (0x8)
                0x0000000020000880                PROVIDE (__global_pointer$ = (. + 0x800))
 *(.sdata .sdata.*)
 .sdata.SystemCoreClock
                0x0000000020000080        0x4 ./User/system_ch32v30x.o
                0x0000000020000080                SystemCoreClock
 .sdata.ADCPrescTable
                0x0000000020000084        0x4 ./Peripheral/src/ch32v30x_rcc.o
 .sdata.curbrk.5280
                0x0000000020000088        0x4 ./Debug/debug.o
 .sdata.__fdlib_version
                0x000000002000008c        0x4 d:/mounriver_studio/mounriver_studio2/resources/app/resources/win32/components/wch/toolchain/risc-v embedded gcc/bin/../lib/gcc/riscv-none-embed/8.2.0/../../../../riscv-none-embed/lib/rv32imacxw/ilp32\libm.a(lib_a-s_lib_ver.o)
                0x000000002000008c                __fdlib_version
 .sdata._impure_ptr
                0x0000000020000090        0x4 d:/mounriver_studio/mounriver_studio2/resources/app/resources/win32/components/wch/toolchain/risc-v embedded gcc/bin/../lib/gcc/riscv-none-embed/8.2.0/../../../../riscv-none-embed/lib/rv32imacxw/ilp32\libg_nano.a(lib_a-impure.o)
                0x0000000020000090                _impure_ptr
 *(.sdata2.*)
 .sdata2._global_impure_ptr
                0x0000000020000094        0x4 d:/mounriver_studio/mounriver_studio2/resources/app/resources/win32/components/wch/toolchain/risc-v embedded gcc/bin/../lib/gcc/riscv-none-embed/8.2.0/../../../../riscv-none-embed/lib/rv32imacxw/ilp32\libg_nano.a(lib_a-impure.o)
                0x0000000020000094                _global_impure_ptr
 *(.gnu.linkonce.s.*)
                0x0000000020000098                . = ALIGN (0x8)
 *(.srodata.cst16)
 *(.srodata.cst8)
 *(.srodata.cst4)
 *(.srodata.cst2)
 *(.srodata .srodata.*)
                0x0000000020000098                . = ALIGN (0x4)
                0x0000000020000098                PROVIDE (_edata = .)

.bss            0x00000000200000a0     0x2064 load address 0x00000000000056bc
                0x00000000200000a0                . = ALIGN (0x4)
                0x00000000200000a0                PROVIDE (_sbss = .)
 *(.sbss*)
 .sbss.adc_mutex
                0x00000000200000a0        0x1 ./User/main.o
                0x00000000200000a0                adc_mutex
 *fill*         0x00000000200000a1        0x3 
 .sbss.g_current_temp
                0x00000000200000a4        0x4 ./User/main.o
                0x00000000200000a4                g_current_temp
 .sbss.led_is_on.5692
                0x00000000200000a8        0x1 ./User/main.o
 *fill*         0x00000000200000a9        0x3 
 .sbss.task1    0x00000000200000ac        0x4 ./User/main.o
                0x00000000200000ac                task1
 .sbss.task2    0x00000000200000b0        0x4 ./User/main.o
                0x00000000200000b0                task2
 .sbss.task3    0x00000000200000b4        0x4 ./User/main.o
                0x00000000200000b4                task3
 .sbss.free_list_head
                0x00000000200000b8        0x4 ./User/mempool.o
 .sbss.current_task
                0x00000000200000bc        0x4 ./User/task.o
 .sbss.current_task_idx
                0x00000000200000c0        0x1 ./User/task.o
 *fill*         0x00000000200000c1        0x3 
 .sbss.main_sp  0x00000000200000c4        0x4 ./User/task.o
 .sbss.task_count
                0x00000000200000c8        0x1 ./User/task.o
 *fill*         0x00000000200000c9        0x1 
 .sbss.p_ms     0x00000000200000ca        0x2 ./Debug/debug.o
 .sbss.p_us     0x00000000200000cc        0x1 ./Debug/debug.o
 *fill*         0x00000000200000cd        0x3 
 .sbss.__malloc_free_list
                0x00000000200000d0        0x4 d:/mounriver_studio/mounriver_studio2/resources/app/resources/win32/components/wch/toolchain/risc-v embedded gcc/bin/../lib/gcc/riscv-none-embed/8.2.0/../../../../riscv-none-embed/lib/rv32imacxw/ilp32\libg_nano.a(lib_a-nano-mallocr.o)
                0x00000000200000d0                __malloc_free_list
 .sbss.__malloc_sbrk_start
                0x00000000200000d4        0x4 d:/mounriver_studio/mounriver_studio2/resources/app/resources/win32/components/wch/toolchain/risc-v embedded gcc/bin/../lib/gcc/riscv-none-embed/8.2.0/../../../../riscv-none-embed/lib/rv32imacxw/ilp32\libg_nano.a(lib_a-nano-mallocr.o)
                0x00000000200000d4                __malloc_sbrk_start
 *(.gnu.linkonce.sb.*)
 *(.bss*)
 *fill*         0x00000000200000d8        0x8 
 .bss.stack_memory_pool
                0x00000000200000e0     0x2000 ./User/mempool.o
 .bss.task_list
                0x00000000200020e0       0x20 ./User/task.o
 *(.gnu.linkonce.b.*)
 *(COMMON*)
 COMMON         0x0000000020002100        0x4 d:/mounriver_studio/mounriver_studio2/resources/app/resources/win32/components/wch/toolchain/risc-v embedded gcc/bin/../lib/gcc/riscv-none-embed/8.2.0/../../../../riscv-none-embed/lib/rv32imacxw/ilp32\libg_nano.a(lib_a-reent.o)
                0x0000000020002100                errno
                0x0000000020002104                . = ALIGN (0x4)
                0x0000000020002104                PROVIDE (_ebss = .)
                0x0000000020002104                PROVIDE (_end = _ebss)
                [!provide]                        PROVIDE (end = .)

.stack          0x0000000020007800      0x800
                0x0000000020007800                PROVIDE (_heap_end = .)
                0x0000000020007800                . = ALIGN (0x4)
                [!provide]                        PROVIDE (_susrstack = .)
                0x0000000020008000                . = (. + __stack_size)
 *fill*         0x0000000020007800      0x800 
                0x0000000020008000                PROVIDE (_eusrstack = .)
OUTPUT(CH32V307RCT.elf elf32-littleriscv)

.debug_info     0x0000000000000000     0x9f5f
 .debug_info    0x0000000000000000      0xbc0 ./User/ch32v30x_it.o
 .debug_info    0x0000000000000bc0     0x1706 ./User/main.o
 .debug_info    0x00000000000022c6      0xa9d ./User/mempool.o
 .debug_info    0x0000000000002d63      0x13c ./User/mutex.o
 .debug_info    0x0000000000002e9f       0x26 ./User/switch.o
 .debug_info    0x0000000000002ec5      0xbb5 ./User/system_ch32v30x.o
 .debug_info    0x0000000000003a7a      0x23d ./User/task.o
 .debug_info    0x0000000000003cb7       0x22 ./Startup/startup_ch32v30x_D8C.o
 .debug_info    0x0000000000003cd9     0x1703 ./Peripheral/src/ch32v30x_adc.o
 .debug_info    0x00000000000053dc     0x12aa ./Peripheral/src/ch32v30x_gpio.o
 .debug_info    0x0000000000006686     0x158a ./Peripheral/src/ch32v30x_rcc.o
 .debug_info    0x0000000000007c10     0x13cd ./Peripheral/src/ch32v30x_usart.o
 .debug_info    0x0000000000008fdd      0xf82 ./Debug/debug.o

.debug_abbrev   0x0000000000000000     0x1dee
 .debug_abbrev  0x0000000000000000      0x22c ./User/ch32v30x_it.o
 .debug_abbrev  0x000000000000022c      0x3e9 ./User/main.o
 .debug_abbrev  0x0000000000000615      0x288 ./User/mempool.o
 .debug_abbrev  0x000000000000089d      0x106 ./User/mutex.o
 .debug_abbrev  0x00000000000009a3       0x14 ./User/switch.o
 .debug_abbrev  0x00000000000009b7      0x2c0 ./User/system_ch32v30x.o
 .debug_abbrev  0x0000000000000c77      0x128 ./User/task.o
 .debug_abbrev  0x0000000000000d9f       0x12 ./Startup/startup_ch32v30x_D8C.o
 .debug_abbrev  0x0000000000000db1      0x3a9 ./Peripheral/src/ch32v30x_adc.o
 .debug_abbrev  0x000000000000115a      0x31a ./Peripheral/src/ch32v30x_gpio.o
 .debug_abbrev  0x0000000000001474      0x351 ./Peripheral/src/ch32v30x_rcc.o
 .debug_abbrev  0x00000000000017c5      0x312 ./Peripheral/src/ch32v30x_usart.o
 .debug_abbrev  0x0000000000001ad7      0x317 ./Debug/debug.o

.debug_aranges  0x0000000000000000      0x680
 .debug_aranges
                0x0000000000000000       0x28 ./User/ch32v30x_it.o
 .debug_aranges
                0x0000000000000028       0x60 ./User/main.o
 .debug_aranges
                0x0000000000000088       0x30 ./User/mempool.o
 .debug_aranges
                0x00000000000000b8       0x28 ./User/mutex.o
 .debug_aranges
                0x00000000000000e0       0x20 ./User/switch.o
 .debug_aranges
                0x0000000000000100       0x28 ./User/system_ch32v30x.o
 .debug_aranges
                0x0000000000000128       0x38 ./User/task.o
 .debug_aranges
                0x0000000000000160       0x30 ./Startup/startup_ch32v30x_D8C.o
 .debug_aranges
                0x0000000000000190      0x150 ./Peripheral/src/ch32v30x_adc.o
 .debug_aranges
                0x00000000000002e0       0xb0 ./Peripheral/src/ch32v30x_gpio.o
 .debug_aranges
                0x0000000000000390      0x1a8 ./Peripheral/src/ch32v30x_rcc.o
 .debug_aranges
                0x0000000000000538       0xf0 ./Peripheral/src/ch32v30x_usart.o
 .debug_aranges
                0x0000000000000628       0x58 ./Debug/debug.o

.debug_ranges   0x0000000000000000      0x680
 .debug_ranges  0x0000000000000000       0x18 ./User/ch32v30x_it.o
 .debug_ranges  0x0000000000000018       0xf0 ./User/main.o
 .debug_ranges  0x0000000000000108       0x38 ./User/mempool.o
 .debug_ranges  0x0000000000000140       0x18 ./User/mutex.o
 .debug_ranges  0x0000000000000158       0x38 ./User/system_ch32v30x.o
 .debug_ranges  0x0000000000000190       0x28 ./User/task.o
 .debug_ranges  0x00000000000001b8       0x28 ./Startup/startup_ch32v30x_D8C.o
 .debug_ranges  0x00000000000001e0      0x140 ./Peripheral/src/ch32v30x_adc.o
 .debug_ranges  0x0000000000000320       0xa0 ./Peripheral/src/ch32v30x_gpio.o
 .debug_ranges  0x00000000000003c0      0x198 ./Peripheral/src/ch32v30x_rcc.o
 .debug_ranges  0x0000000000000558       0xe0 ./Peripheral/src/ch32v30x_usart.o
 .debug_ranges  0x0000000000000638       0x48 ./Debug/debug.o

.debug_line     0x0000000000000000     0x8621
 .debug_line    0x0000000000000000      0x35f ./User/ch32v30x_it.o
 .debug_line    0x000000000000035f      0xcee ./User/main.o
 .debug_line    0x000000000000104d      0x4da ./User/mempool.o
 .debug_line    0x0000000000001527      0x20b ./User/mutex.o
 .debug_line    0x0000000000001732       0xf5 ./User/switch.o
 .debug_line    0x0000000000001827      0x9b8 ./User/system_ch32v30x.o
 .debug_line    0x00000000000021df      0x39e ./User/task.o
 .debug_line    0x000000000000257d      0x122 ./Startup/startup_ch32v30x_D8C.o
 .debug_line    0x000000000000269f     0x1937 ./Peripheral/src/ch32v30x_adc.o
 .debug_line    0x0000000000003fd6     0x1321 ./Peripheral/src/ch32v30x_gpio.o
 .debug_line    0x00000000000052f7     0x1a53 ./Peripheral/src/ch32v30x_rcc.o
 .debug_line    0x0000000000006d4a      0xfe4 ./Peripheral/src/ch32v30x_usart.o
 .debug_line    0x0000000000007d2e      0x8f3 ./Debug/debug.o

.debug_str      0x0000000000000000     0x1f6e
 .debug_str     0x0000000000000000      0x631 ./User/ch32v30x_it.o
                                        0x6a0 (size before relaxing)
 .debug_str     0x0000000000000631      0x68d ./User/main.o
                                        0xc60 (size before relaxing)
 .debug_str     0x0000000000000cbe       0x88 ./User/mempool.o
                                        0x654 (size before relaxing)
 .debug_str     0x0000000000000d46       0x10 ./User/mutex.o
                                        0x1f1 (size before relaxing)
 .debug_str     0x0000000000000d56       0x1d ./User/switch.o
                                         0x64 (size before relaxing)
 .debug_str     0x0000000000000d73      0x109 ./User/system_ch32v30x.o
                                        0x705 (size before relaxing)
 .debug_str     0x0000000000000e7c       0x6c ./User/task.o
                                        0x26d (size before relaxing)
 .debug_str     0x0000000000000ee8       0x22 ./Startup/startup_ch32v30x_D8C.o
                                         0x75 (size before relaxing)
 .debug_str     0x0000000000000f0a      0x407 ./Peripheral/src/ch32v30x_adc.o
                                        0xc3c (size before relaxing)
 .debug_str     0x0000000000001311      0x22a ./Peripheral/src/ch32v30x_gpio.o
                                        0x9cb (size before relaxing)
 .debug_str     0x000000000000153b      0x5b1 ./Peripheral/src/ch32v30x_rcc.o
                                        0xcfa (size before relaxing)
 .debug_str     0x0000000000001aec      0x3e2 ./Peripheral/src/ch32v30x_usart.o
                                        0xb15 (size before relaxing)
 .debug_str     0x0000000000001ece       0xa0 ./Debug/debug.o
                                        0x94b (size before relaxing)

.comment        0x0000000000000000       0x33
 .comment       0x0000000000000000       0x33 ./User/ch32v30x_it.o
                                         0x34 (size before relaxing)
 .comment       0x0000000000000033       0x34 ./User/main.o
 .comment       0x0000000000000033       0x34 ./User/mempool.o
 .comment       0x0000000000000033       0x34 ./User/mutex.o
 .comment       0x0000000000000033       0x34 ./User/system_ch32v30x.o
 .comment       0x0000000000000033       0x34 ./User/task.o
 .comment       0x0000000000000033       0x34 ./Peripheral/src/ch32v30x_adc.o
 .comment       0x0000000000000033       0x34 ./Peripheral/src/ch32v30x_gpio.o
 .comment       0x0000000000000033       0x34 ./Peripheral/src/ch32v30x_rcc.o
 .comment       0x0000000000000033       0x34 ./Peripheral/src/ch32v30x_usart.o
 .comment       0x0000000000000033       0x34 ./Debug/debug.o

.debug_frame    0x0000000000000000     0x1af0
 .debug_frame   0x0000000000000000       0x30 ./User/ch32v30x_it.o
 .debug_frame   0x0000000000000030      0x148 ./User/main.o
 .debug_frame   0x0000000000000178       0x5c ./User/mempool.o
 .debug_frame   0x00000000000001d4       0x54 ./User/mutex.o
 .debug_frame   0x0000000000000228       0x3c ./User/system_ch32v30x.o
 .debug_frame   0x0000000000000264       0x68 ./User/task.o
 .debug_frame   0x00000000000002cc      0x2b4 ./Peripheral/src/ch32v30x_adc.o
 .debug_frame   0x0000000000000580      0x174 ./Peripheral/src/ch32v30x_gpio.o
 .debug_frame   0x00000000000006f4      0x344 ./Peripheral/src/ch32v30x_rcc.o
 .debug_frame   0x0000000000000a38      0x1e4 ./Peripheral/src/ch32v30x_usart.o
 .debug_frame   0x0000000000000c1c       0xc8 ./Debug/debug.o
 .debug_frame   0x0000000000000ce4       0x44 d:/mounriver_studio/mounriver_studio2/resources/app/resources/win32/components/wch/toolchain/risc-v embedded gcc/bin/../lib/gcc/riscv-none-embed/8.2.0/../../../../riscv-none-embed/lib/rv32imacxw/ilp32\libm.a(lib_a-w_log.o)
 .debug_frame   0x0000000000000d28       0x60 d:/mounriver_studio/mounriver_studio2/resources/app/resources/win32/components/wch/toolchain/risc-v embedded gcc/bin/../lib/gcc/riscv-none-embed/8.2.0/../../../../riscv-none-embed/lib/rv32imacxw/ilp32\libm.a(lib_a-e_log.o)
 .debug_frame   0x0000000000000d88       0x20 d:/mounriver_studio/mounriver_studio2/resources/app/resources/win32/components/wch/toolchain/risc-v embedded gcc/bin/../lib/gcc/riscv-none-embed/8.2.0/../../../../riscv-none-embed/lib/rv32imacxw/ilp32\libm.a(lib_a-s_matherr.o)
 .debug_frame   0x0000000000000da8       0x20 d:/mounriver_studio/mounriver_studio2/resources/app/resources/win32/components/wch/toolchain/risc-v embedded gcc/bin/../lib/gcc/riscv-none-embed/8.2.0/../../../../riscv-none-embed/lib/rv32imacxw/ilp32\libm.a(lib_a-s_nan.o)
 .debug_frame   0x0000000000000dc8       0x44 d:/mounriver_studio/mounriver_studio2/resources/app/resources/win32/components/wch/toolchain/risc-v embedded gcc/bin/../lib/gcc/riscv-none-embed/8.2.0/rv32imacxw/ilp32\libgcc.a(adddf3.o)
 .debug_frame   0x0000000000000e0c       0x50 d:/mounriver_studio/mounriver_studio2/resources/app/resources/win32/components/wch/toolchain/risc-v embedded gcc/bin/../lib/gcc/riscv-none-embed/8.2.0/rv32imacxw/ilp32\libgcc.a(divdf3.o)
 .debug_frame   0x0000000000000e5c       0x20 d:/mounriver_studio/mounriver_studio2/resources/app/resources/win32/components/wch/toolchain/risc-v embedded gcc/bin/../lib/gcc/riscv-none-embed/8.2.0/rv32imacxw/ilp32\libgcc.a(eqdf2.o)
 .debug_frame   0x0000000000000e7c       0x20 d:/mounriver_studio/mounriver_studio2/resources/app/resources/win32/components/wch/toolchain/risc-v embedded gcc/bin/../lib/gcc/riscv-none-embed/8.2.0/rv32imacxw/ilp32\libgcc.a(gedf2.o)
 .debug_frame   0x0000000000000e9c       0x54 d:/mounriver_studio/mounriver_studio2/resources/app/resources/win32/components/wch/toolchain/risc-v embedded gcc/bin/../lib/gcc/riscv-none-embed/8.2.0/rv32imacxw/ilp32\libgcc.a(muldf3.o)
 .debug_frame   0x0000000000000ef0       0x44 d:/mounriver_studio/mounriver_studio2/resources/app/resources/win32/components/wch/toolchain/risc-v embedded gcc/bin/../lib/gcc/riscv-none-embed/8.2.0/rv32imacxw/ilp32\libgcc.a(subdf3.o)
 .debug_frame   0x0000000000000f34       0x20 d:/mounriver_studio/mounriver_studio2/resources/app/resources/win32/components/wch/toolchain/risc-v embedded gcc/bin/../lib/gcc/riscv-none-embed/8.2.0/rv32imacxw/ilp32\libgcc.a(unorddf2.o)
 .debug_frame   0x0000000000000f54       0x38 d:/mounriver_studio/mounriver_studio2/resources/app/resources/win32/components/wch/toolchain/risc-v embedded gcc/bin/../lib/gcc/riscv-none-embed/8.2.0/rv32imacxw/ilp32\libgcc.a(floatsidf.o)
 .debug_frame   0x0000000000000f8c       0x50 d:/mounriver_studio/mounriver_studio2/resources/app/resources/win32/components/wch/toolchain/risc-v embedded gcc/bin/../lib/gcc/riscv-none-embed/8.2.0/rv32imacxw/ilp32\libgcc.a(divsf3.o)
 .debug_frame   0x0000000000000fdc       0x20 d:/mounriver_studio/mounriver_studio2/resources/app/resources/win32/components/wch/toolchain/risc-v embedded gcc/bin/../lib/gcc/riscv-none-embed/8.2.0/rv32imacxw/ilp32\libgcc.a(gesf2.o)
 .debug_frame   0x0000000000000ffc       0x20 d:/mounriver_studio/mounriver_studio2/resources/app/resources/win32/components/wch/toolchain/risc-v embedded gcc/bin/../lib/gcc/riscv-none-embed/8.2.0/rv32imacxw/ilp32\libgcc.a(lesf2.o)
 .debug_frame   0x000000000000101c       0x50 d:/mounriver_studio/mounriver_studio2/resources/app/resources/win32/components/wch/toolchain/risc-v embedded gcc/bin/../lib/gcc/riscv-none-embed/8.2.0/rv32imacxw/ilp32\libgcc.a(mulsf3.o)
 .debug_frame   0x000000000000106c       0x3c d:/mounriver_studio/mounriver_studio2/resources/app/resources/win32/components/wch/toolchain/risc-v embedded gcc/bin/../lib/gcc/riscv-none-embed/8.2.0/rv32imacxw/ilp32\libgcc.a(subsf3.o)
 .debug_frame   0x00000000000010a8       0x20 d:/mounriver_studio/mounriver_studio2/resources/app/resources/win32/components/wch/toolchain/risc-v embedded gcc/bin/../lib/gcc/riscv-none-embed/8.2.0/rv32imacxw/ilp32\libgcc.a(fixsfsi.o)
 .debug_frame   0x00000000000010c8       0x38 d:/mounriver_studio/mounriver_studio2/resources/app/resources/win32/components/wch/toolchain/risc-v embedded gcc/bin/../lib/gcc/riscv-none-embed/8.2.0/rv32imacxw/ilp32\libgcc.a(floatsisf.o)
 .debug_frame   0x0000000000001100       0x44 d:/mounriver_studio/mounriver_studio2/resources/app/resources/win32/components/wch/toolchain/risc-v embedded gcc/bin/../lib/gcc/riscv-none-embed/8.2.0/rv32imacxw/ilp32\libgcc.a(floatunsisf.o)
 .debug_frame   0x0000000000001144       0x38 d:/mounriver_studio/mounriver_studio2/resources/app/resources/win32/components/wch/toolchain/risc-v embedded gcc/bin/../lib/gcc/riscv-none-embed/8.2.0/rv32imacxw/ilp32\libgcc.a(extendsfdf2.o)
 .debug_frame   0x000000000000117c       0x20 d:/mounriver_studio/mounriver_studio2/resources/app/resources/win32/components/wch/toolchain/risc-v embedded gcc/bin/../lib/gcc/riscv-none-embed/8.2.0/rv32imacxw/ilp32\libgcc.a(truncdfsf2.o)
 .debug_frame   0x000000000000119c       0x20 d:/mounriver_studio/mounriver_studio2/resources/app/resources/win32/components/wch/toolchain/risc-v embedded gcc/bin/../lib/gcc/riscv-none-embed/8.2.0/rv32imacxw/ilp32\libgcc.a(_clzsi2.o)
 .debug_frame   0x00000000000011bc       0x20 d:/mounriver_studio/mounriver_studio2/resources/app/resources/win32/components/wch/toolchain/risc-v embedded gcc/bin/../lib/gcc/riscv-none-embed/8.2.0/../../../../riscv-none-embed/lib/rv32imacxw/ilp32\libg_nano.a(lib_a-errno.o)
 .debug_frame   0x00000000000011dc       0x54 d:/mounriver_studio/mounriver_studio2/resources/app/resources/win32/components/wch/toolchain/risc-v embedded gcc/bin/../lib/gcc/riscv-none-embed/8.2.0/../../../../riscv-none-embed/lib/rv32imacxw/ilp32\libg_nano.a(lib_a-printf.o)
 .debug_frame   0x0000000000001230       0x54 d:/mounriver_studio/mounriver_studio2/resources/app/resources/win32/components/wch/toolchain/risc-v embedded gcc/bin/../lib/gcc/riscv-none-embed/8.2.0/../../../../riscv-none-embed/lib/rv32imacxw/ilp32\libg_nano.a(lib_a-puts.o)
 .debug_frame   0x0000000000001284       0x50 d:/mounriver_studio/mounriver_studio2/resources/app/resources/win32/components/wch/toolchain/risc-v embedded gcc/bin/../lib/gcc/riscv-none-embed/8.2.0/../../../../riscv-none-embed/lib/rv32imacxw/ilp32\libg_nano.a(lib_a-wbuf.o)
 .debug_frame   0x00000000000012d4       0x3c d:/mounriver_studio/mounriver_studio2/resources/app/resources/win32/components/wch/toolchain/risc-v embedded gcc/bin/../lib/gcc/riscv-none-embed/8.2.0/../../../../riscv-none-embed/lib/rv32imacxw/ilp32\libg_nano.a(lib_a-wsetup.o)
 .debug_frame   0x0000000000001310       0x7c d:/mounriver_studio/mounriver_studio2/resources/app/resources/win32/components/wch/toolchain/risc-v embedded gcc/bin/../lib/gcc/riscv-none-embed/8.2.0/../../../../riscv-none-embed/lib/rv32imacxw/ilp32\libg_nano.a(lib_a-fflush.o)
 .debug_frame   0x000000000000138c      0x148 d:/mounriver_studio/mounriver_studio2/resources/app/resources/win32/components/wch/toolchain/risc-v embedded gcc/bin/../lib/gcc/riscv-none-embed/8.2.0/../../../../riscv-none-embed/lib/rv32imacxw/ilp32\libg_nano.a(lib_a-findfp.o)
 .debug_frame   0x00000000000014d4       0x88 d:/mounriver_studio/mounriver_studio2/resources/app/resources/win32/components/wch/toolchain/risc-v embedded gcc/bin/../lib/gcc/riscv-none-embed/8.2.0/../../../../riscv-none-embed/lib/rv32imacxw/ilp32\libg_nano.a(lib_a-fwalk.o)
 .debug_frame   0x000000000000155c       0x64 d:/mounriver_studio/mounriver_studio2/resources/app/resources/win32/components/wch/toolchain/risc-v embedded gcc/bin/../lib/gcc/riscv-none-embed/8.2.0/../../../../riscv-none-embed/lib/rv32imacxw/ilp32\libg_nano.a(lib_a-makebuf.o)
 .debug_frame   0x00000000000015c0       0x40 d:/mounriver_studio/mounriver_studio2/resources/app/resources/win32/components/wch/toolchain/risc-v embedded gcc/bin/../lib/gcc/riscv-none-embed/8.2.0/../../../../riscv-none-embed/lib/rv32imacxw/ilp32\libg_nano.a(lib_a-nano-freer.o)
 .debug_frame   0x0000000000001600       0x40 d:/mounriver_studio/mounriver_studio2/resources/app/resources/win32/components/wch/toolchain/risc-v embedded gcc/bin/../lib/gcc/riscv-none-embed/8.2.0/../../../../riscv-none-embed/lib/rv32imacxw/ilp32\libg_nano.a(lib_a-nano-mallocr.o)
 .debug_frame   0x0000000000001640       0xd0 d:/mounriver_studio/mounriver_studio2/resources/app/resources/win32/components/wch/toolchain/risc-v embedded gcc/bin/../lib/gcc/riscv-none-embed/8.2.0/../../../../riscv-none-embed/lib/rv32imacxw/ilp32\libg_nano.a(lib_a-nano-vfprintf.o)
 .debug_frame   0x0000000000001710       0x8c d:/mounriver_studio/mounriver_studio2/resources/app/resources/win32/components/wch/toolchain/risc-v embedded gcc/bin/../lib/gcc/riscv-none-embed/8.2.0/../../../../riscv-none-embed/lib/rv32imacxw/ilp32\libg_nano.a(lib_a-nano-vfprintf_i.o)
 .debug_frame   0x000000000000179c       0x30 d:/mounriver_studio/mounriver_studio2/resources/app/resources/win32/components/wch/toolchain/risc-v embedded gcc/bin/../lib/gcc/riscv-none-embed/8.2.0/../../../../riscv-none-embed/lib/rv32imacxw/ilp32\libg_nano.a(lib_a-sbrkr.o)
 .debug_frame   0x00000000000017cc       0xa4 d:/mounriver_studio/mounriver_studio2/resources/app/resources/win32/components/wch/toolchain/risc-v embedded gcc/bin/../lib/gcc/riscv-none-embed/8.2.0/../../../../riscv-none-embed/lib/rv32imacxw/ilp32\libg_nano.a(lib_a-stdio.o)
 .debug_frame   0x0000000000001870       0x30 d:/mounriver_studio/mounriver_studio2/resources/app/resources/win32/components/wch/toolchain/risc-v embedded gcc/bin/../lib/gcc/riscv-none-embed/8.2.0/../../../../riscv-none-embed/lib/rv32imacxw/ilp32\libg_nano.a(lib_a-writer.o)
 .debug_frame   0x00000000000018a0       0x30 d:/mounriver_studio/mounriver_studio2/resources/app/resources/win32/components/wch/toolchain/risc-v embedded gcc/bin/../lib/gcc/riscv-none-embed/8.2.0/../../../../riscv-none-embed/lib/rv32imacxw/ilp32\libg_nano.a(lib_a-closer.o)
 .debug_frame   0x00000000000018d0       0x30 d:/mounriver_studio/mounriver_studio2/resources/app/resources/win32/components/wch/toolchain/risc-v embedded gcc/bin/../lib/gcc/riscv-none-embed/8.2.0/../../../../riscv-none-embed/lib/rv32imacxw/ilp32\libg_nano.a(lib_a-fstatr.o)
 .debug_frame   0x0000000000001900       0x30 d:/mounriver_studio/mounriver_studio2/resources/app/resources/win32/components/wch/toolchain/risc-v embedded gcc/bin/../lib/gcc/riscv-none-embed/8.2.0/../../../../riscv-none-embed/lib/rv32imacxw/ilp32\libg_nano.a(lib_a-isattyr.o)
 .debug_frame   0x0000000000001930       0x30 d:/mounriver_studio/mounriver_studio2/resources/app/resources/win32/components/wch/toolchain/risc-v embedded gcc/bin/../lib/gcc/riscv-none-embed/8.2.0/../../../../riscv-none-embed/lib/rv32imacxw/ilp32\libg_nano.a(lib_a-lseekr.o)
 .debug_frame   0x0000000000001960       0x20 d:/mounriver_studio/mounriver_studio2/resources/app/resources/win32/components/wch/toolchain/risc-v embedded gcc/bin/../lib/gcc/riscv-none-embed/8.2.0/../../../../riscv-none-embed/lib/rv32imacxw/ilp32\libg_nano.a(lib_a-memchr.o)
 .debug_frame   0x0000000000001980       0x30 d:/mounriver_studio/mounriver_studio2/resources/app/resources/win32/components/wch/toolchain/risc-v embedded gcc/bin/../lib/gcc/riscv-none-embed/8.2.0/../../../../riscv-none-embed/lib/rv32imacxw/ilp32\libg_nano.a(lib_a-mlock.o)
 .debug_frame   0x00000000000019b0       0x30 d:/mounriver_studio/mounriver_studio2/resources/app/resources/win32/components/wch/toolchain/risc-v embedded gcc/bin/../lib/gcc/riscv-none-embed/8.2.0/../../../../riscv-none-embed/lib/rv32imacxw/ilp32\libg_nano.a(lib_a-readr.o)
 .debug_frame   0x00000000000019e0       0x70 d:/mounriver_studio/mounriver_studio2/resources/app/resources/win32/components/wch/toolchain/risc-v embedded gcc/bin/../lib/gcc/riscv-none-embed/8.2.0/../../../../riscv-none-embed/lib/rv32imacxw/ilp32\libg_nano.a(lib_a-reent.o)
 .debug_frame   0x0000000000001a50       0x20 d:/mounriver_studio/mounriver_studio2/resources/app/resources/win32/components/wch/toolchain/risc-v embedded gcc/bin/../lib/gcc/riscv-none-embed/8.2.0/../../../../riscv-none-embed/lib/rv32imacxw/ilp32\libnosys.a(close.o)
 .debug_frame   0x0000000000001a70       0x20 d:/mounriver_studio/mounriver_studio2/resources/app/resources/win32/components/wch/toolchain/risc-v embedded gcc/bin/../lib/gcc/riscv-none-embed/8.2.0/../../../../riscv-none-embed/lib/rv32imacxw/ilp32\libnosys.a(fstat.o)
 .debug_frame   0x0000000000001a90       0x20 d:/mounriver_studio/mounriver_studio2/resources/app/resources/win32/components/wch/toolchain/risc-v embedded gcc/bin/../lib/gcc/riscv-none-embed/8.2.0/../../../../riscv-none-embed/lib/rv32imacxw/ilp32\libnosys.a(isatty.o)
 .debug_frame   0x0000000000001ab0       0x20 d:/mounriver_studio/mounriver_studio2/resources/app/resources/win32/components/wch/toolchain/risc-v embedded gcc/bin/../lib/gcc/riscv-none-embed/8.2.0/../../../../riscv-none-embed/lib/rv32imacxw/ilp32\libnosys.a(lseek.o)
 .debug_frame   0x0000000000001ad0       0x20 d:/mounriver_studio/mounriver_studio2/resources/app/resources/win32/components/wch/toolchain/risc-v embedded gcc/bin/../lib/gcc/riscv-none-embed/8.2.0/../../../../riscv-none-embed/lib/rv32imacxw/ilp32\libnosys.a(read.o)

.debug_loc      0x0000000000000000     0x2c16
 .debug_loc     0x0000000000000000      0x27a ./User/main.o
 .debug_loc     0x000000000000027a      0x14f ./User/mempool.o
 .debug_loc     0x00000000000003c9       0x21 ./User/mutex.o
 .debug_loc     0x00000000000003ea      0x163 ./User/system_ch32v30x.o
 .debug_loc     0x000000000000054d       0x68 ./User/task.o
 .debug_loc     0x00000000000005b5      0xab6 ./Peripheral/src/ch32v30x_adc.o
 .debug_loc     0x000000000000106b      0x72b ./Peripheral/src/ch32v30x_gpio.o
 .debug_loc     0x0000000000001796      0xadb ./Peripheral/src/ch32v30x_rcc.o
 .debug_loc     0x0000000000002271      0x7ed ./Peripheral/src/ch32v30x_usart.o
 .debug_loc     0x0000000000002a5e      0x1b8 ./Debug/debug.o

.stab           0x0000000000000000       0x84
 .stab          0x0000000000000000       0x24 d:/mounriver_studio/mounriver_studio2/resources/app/resources/win32/components/wch/toolchain/risc-v embedded gcc/bin/../lib/gcc/riscv-none-embed/8.2.0/../../../../riscv-none-embed/lib/rv32imacxw/ilp32\libnosys.a(close.o)
 .stab          0x0000000000000024       0x18 d:/mounriver_studio/mounriver_studio2/resources/app/resources/win32/components/wch/toolchain/risc-v embedded gcc/bin/../lib/gcc/riscv-none-embed/8.2.0/../../../../riscv-none-embed/lib/rv32imacxw/ilp32\libnosys.a(fstat.o)
                                         0x24 (size before relaxing)
 .stab          0x000000000000003c       0x18 d:/mounriver_studio/mounriver_studio2/resources/app/resources/win32/components/wch/toolchain/risc-v embedded gcc/bin/../lib/gcc/riscv-none-embed/8.2.0/../../../../riscv-none-embed/lib/rv32imacxw/ilp32\libnosys.a(isatty.o)
                                         0x24 (size before relaxing)
 .stab          0x0000000000000054       0x18 d:/mounriver_studio/mounriver_studio2/resources/app/resources/win32/components/wch/toolchain/risc-v embedded gcc/bin/../lib/gcc/riscv-none-embed/8.2.0/../../../../riscv-none-embed/lib/rv32imacxw/ilp32\libnosys.a(lseek.o)
                                         0x24 (size before relaxing)
 .stab          0x000000000000006c       0x18 d:/mounriver_studio/mounriver_studio2/resources/app/resources/win32/components/wch/toolchain/risc-v embedded gcc/bin/../lib/gcc/riscv-none-embed/8.2.0/../../../../riscv-none-embed/lib/rv32imacxw/ilp32\libnosys.a(read.o)
                                         0x24 (size before relaxing)

.stabstr        0x0000000000000000      0x117
 .stabstr       0x0000000000000000      0x117 d:/mounriver_studio/mounriver_studio2/resources/app/resources/win32/components/wch/toolchain/risc-v embedded gcc/bin/../lib/gcc/riscv-none-embed/8.2.0/../../../../riscv-none-embed/lib/rv32imacxw/ilp32\libnosys.a(close.o)
