Archive member included to satisfy reference by file (symbol)

d:/mounriver_studio/mounriver_studio2/resources/app/resources/win32/components/wch/toolchain/risc-v embedded gcc/bin/../lib/gcc/riscv-none-embed/8.2.0/../../../../riscv-none-embed/lib/rv32imacxw/ilp32\libm.a(lib_a-w_log.o)
                              ./OS_Drivers/drv_smarthome.o (log)
d:/mounriver_studio/mounriver_studio2/resources/app/resources/win32/components/wch/toolchain/risc-v embedded gcc/bin/../lib/gcc/riscv-none-embed/8.2.0/../../../../riscv-none-embed/lib/rv32imacxw/ilp32\libm.a(lib_a-e_log.o)
                              d:/mounriver_studio/mounriver_studio2/resources/app/resources/win32/components/wch/toolchain/risc-v embedded gcc/bin/../lib/gcc/riscv-none-embed/8.2.0/../../../../riscv-none-embed/lib/rv32imacxw/ilp32\libm.a(lib_a-w_log.o) (__ieee754_log)
d:/mounriver_studio/mounriver_studio2/resources/app/resources/win32/components/wch/toolchain/risc-v embedded gcc/bin/../lib/gcc/riscv-none-embed/8.2.0/../../../../riscv-none-embed/lib/rv32imacxw/ilp32\libm.a(lib_a-s_lib_ver.o)
                              d:/mounriver_studio/mounriver_studio2/resources/app/resources/win32/components/wch/toolchain/risc-v embedded gcc/bin/../lib/gcc/riscv-none-embed/8.2.0/../../../../riscv-none-embed/lib/rv32imacxw/ilp32\libm.a(lib_a-w_log.o) (__fdlib_version)
d:/mounriver_studio/mounriver_studio2/resources/app/resources/win32/components/wch/toolchain/risc-v embedded gcc/bin/../lib/gcc/riscv-none-embed/8.2.0/../../../../riscv-none-embed/lib/rv32imacxw/ilp32\libm.a(lib_a-s_matherr.o)
                              d:/mounriver_studio/mounriver_studio2/resources/app/resources/win32/components/wch/toolchain/risc-v embedded gcc/bin/../lib/gcc/riscv-none-embed/8.2.0/../../../../riscv-none-embed/lib/rv32imacxw/ilp32\libm.a(lib_a-w_log.o) (matherr)
d:/mounriver_studio/mounriver_studio2/resources/app/resources/win32/components/wch/toolchain/risc-v embedded gcc/bin/../lib/gcc/riscv-none-embed/8.2.0/../../../../riscv-none-embed/lib/rv32imacxw/ilp32\libm.a(lib_a-s_nan.o)
                              d:/mounriver_studio/mounriver_studio2/resources/app/resources/win32/components/wch/toolchain/risc-v embedded gcc/bin/../lib/gcc/riscv-none-embed/8.2.0/../../../../riscv-none-embed/lib/rv32imacxw/ilp32\libm.a(lib_a-w_log.o) (nan)
d:/mounriver_studio/mounriver_studio2/resources/app/resources/win32/components/wch/toolchain/risc-v embedded gcc/bin/../lib/gcc/riscv-none-embed/8.2.0/rv32imacxw/ilp32\libgcc.a(_clzsi2.o)
                              ./LittleFS/lfs.o (__clzsi2)
d:/mounriver_studio/mounriver_studio2/resources/app/resources/win32/components/wch/toolchain/risc-v embedded gcc/bin/../lib/gcc/riscv-none-embed/8.2.0/rv32imacxw/ilp32\libgcc.a(_ctzsi2.o)
                              ./LittleFS/lfs.o (__ctzsi2)
d:/mounriver_studio/mounriver_studio2/resources/app/resources/win32/components/wch/toolchain/risc-v embedded gcc/bin/../lib/gcc/riscv-none-embed/8.2.0/rv32imacxw/ilp32\libgcc.a(_popcountsi2.o)
                              ./LittleFS/lfs.o (__popcountsi2)
d:/mounriver_studio/mounriver_studio2/resources/app/resources/win32/components/wch/toolchain/risc-v embedded gcc/bin/../lib/gcc/riscv-none-embed/8.2.0/rv32imacxw/ilp32\libgcc.a(_bswapsi2.o)
                              ./LittleFS/lfs.o (__bswapsi2)
d:/mounriver_studio/mounriver_studio2/resources/app/resources/win32/components/wch/toolchain/risc-v embedded gcc/bin/../lib/gcc/riscv-none-embed/8.2.0/rv32imacxw/ilp32\libgcc.a(adddf3.o)
                              ./OS_Drivers/drv_smarthome.o (__adddf3)
d:/mounriver_studio/mounriver_studio2/resources/app/resources/win32/components/wch/toolchain/risc-v embedded gcc/bin/../lib/gcc/riscv-none-embed/8.2.0/rv32imacxw/ilp32\libgcc.a(divdf3.o)
                              ./OS_Drivers/drv_smarthome.o (__divdf3)
d:/mounriver_studio/mounriver_studio2/resources/app/resources/win32/components/wch/toolchain/risc-v embedded gcc/bin/../lib/gcc/riscv-none-embed/8.2.0/rv32imacxw/ilp32\libgcc.a(eqdf2.o)
                              ./cJSON/cJSON.o (__eqdf2)
d:/mounriver_studio/mounriver_studio2/resources/app/resources/win32/components/wch/toolchain/risc-v embedded gcc/bin/../lib/gcc/riscv-none-embed/8.2.0/rv32imacxw/ilp32\libgcc.a(gedf2.o)
                              ./cJSON/cJSON.o (__gedf2)
d:/mounriver_studio/mounriver_studio2/resources/app/resources/win32/components/wch/toolchain/risc-v embedded gcc/bin/../lib/gcc/riscv-none-embed/8.2.0/rv32imacxw/ilp32\libgcc.a(ledf2.o)
                              ./cJSON/cJSON.o (__ledf2)
d:/mounriver_studio/mounriver_studio2/resources/app/resources/win32/components/wch/toolchain/risc-v embedded gcc/bin/../lib/gcc/riscv-none-embed/8.2.0/rv32imacxw/ilp32\libgcc.a(muldf3.o)
                              ./cJSON/cJSON.o (__muldf3)
d:/mounriver_studio/mounriver_studio2/resources/app/resources/win32/components/wch/toolchain/risc-v embedded gcc/bin/../lib/gcc/riscv-none-embed/8.2.0/rv32imacxw/ilp32\libgcc.a(subdf3.o)
[...]
Memory Configuration

Name             Origin             Length             Attributes
FLASH            0x0000000000000000 0x0000000000048000 xr
RAM              0x0000000020000000 0x0000000000008000 xrw
*default*        0x0000000000000000 0xffffffffffffffff

Linker script and memory map

LOAD ./cJSON/cJSON.o
LOAD ./User/app_tasks.o
LOAD ./User/ch32v30x_it.o
LOAD ./User/main.o
LOAD ./User/system_ch32v30x.o
LOAD ./Startup/startup_ch32v30x_D8C.o
LOAD ./Peripheral/src/ch32v30x_adc.o
LOAD ./Peripheral/src/ch32v30x_bkp.o
LOAD ./Peripheral/src/ch32v30x_can.o
LOAD ./Peripheral/src/ch32v30x_crc.o
LOAD ./Peripheral/src/ch32v30x_dac.o
LOAD ./Peripheral/src/ch32v30x_dbgmcu.o
LOAD ./Peripheral/src/ch32v30x_dma.o
LOAD ./Peripheral/src/ch32v30x_dvp.o
LOAD ./Peripheral/src/ch32v30x_eth.o
LOAD ./Peripheral/src/ch32v30x_exti.o
LOAD ./Peripheral/src/ch32v30x_flash.o
LOAD ./Peripheral/src/ch32v30x_fsmc.o
LOAD ./Peripheral/src/ch32v30x_gpio.o
LOAD ./Peripheral/src/ch32v30x_i2c.o
LOAD ./Peripheral/src/ch32v30x_iwdg.o
LOAD ./Peripheral/src/ch32v30x_misc.o
LOAD ./Peripheral/src/ch32v30x_opa.o
LOAD ./Peripheral/src/ch32v30x_pwr.o
LOAD ./Peripheral/src/ch32v30x_rcc.o
LOAD ./Peripheral/src/ch32v30x_rng.o
LOAD ./Peripheral/src/ch32v30x_rtc.o
LOAD ./Peripheral/src/ch32v30x_sdio.o
LOAD ./Peripheral/src/ch32v30x_spi.o
LOAD ./Peripheral/src/ch32v30x_tim.o
LOAD ./Peripheral/src/ch32v30x_usart.o
LOAD ./Peripheral/src/ch32v30x_wwdg.o
LOAD ./OS_HAL/hal_adc.o
LOAD ./OS_HAL/hal_gpio.o
LOAD ./OS_HAL/hal_spi.o
LOAD ./OS_Drivers/drv_at.o
LOAD ./OS_Drivers/drv_mqtt.o
LOAD ./OS_Drivers/drv_oled.o
LOAD ./OS_Drivers/drv_smarthome.o
LOAD ./OS_Drivers/drv_w25q80.o
LOAD ./OS_Drivers/fs_port.o
LOAD ./OS_Drivers/oled.o
LOAD ./OS_Core/device.o
LOAD ./OS_Core/mempool.o
LOAD ./OS_Core/msgqueue.o
LOAD ./OS_Core/mutex.o
LOAD ./OS_Core/shadow.o
LOAD ./OS_Core/switch.o
LOAD ./OS_Core/sys_config.o
LOAD ./OS_Core/task.o
LOAD ./OS_Core/timer.o
LOAD ./LittleFS/lfs.o
LOAD ./LittleFS/lfs_util.o
LOAD ./Debug/debug.o
LOAD ./Core/core_riscv.o
LOAD d:/mounriver_studio/mounriver_studio2/resources/app/resources/win32/components/wch/toolchain/risc-v embedded gcc/bin/../lib/gcc/riscv-none-embed/8.2.0/../../../../riscv-none-embed/lib/rv32imacxw/ilp32\libm.a
LOAD d:/mounriver_studio/mounriver_studio2/resources/app/resources/win32/components/wch/toolchain/risc-v embedded gcc/bin/../lib/gcc/riscv-none-embed/8.2.0/rv32imacxw/ilp32\libgcc.a
LOAD d:/mounriver_studio/mounriver_studio2/resources/app/resources/win32/components/wch/toolchain/risc-v embedded gcc/bin/../lib/gcc/riscv-none-embed/8.2.0/../../../../riscv-none-embed/lib/rv32imacxw/ilp32\libg_nano.a
LOAD d:/mounriver_studio/mounriver_studio2/resources/app/resources/win32/components/wch/toolchain/risc-v embedded gcc/bin/../lib/gcc/riscv-none-embed/8.2.0/../../../../riscv-none-embed/lib/rv32imacxw/ilp32\libc_nano.a
LOAD d:/mounriver_studio/mounriver_studio2/resources/app/resources/win32/components/wch/toolchain/risc-v embedded gcc/bin/../lib/gcc/riscv-none-embed/8.2.0/rv32imacxw/ilp32\libgcc.a
START GROUP
LOAD d:/mounriver_studio/mounriver_studio2/resources/app/resources/win32/components/wch/toolchain/risc-v embedded gcc/bin/../lib/gcc/riscv-none-embed/8.2.0/rv32imacxw/ilp32\libgcc.a
LOAD d:/mounriver_studio/mounriver_studio2/resources/app/resources/win32/components/wch/toolchain/risc-v embedded gcc/bin/../lib/gcc/riscv-none-embed/8.2.0/../../../../riscv-none-embed/lib/rv32imacxw/ilp32\libc_nano.a
LOAD d:/mounriver_studio/mounriver_studio2/resources/app/resources/win32/components/wch/toolchain/risc-v embedded gcc/bin/../lib/gcc/riscv-none-embed/8.2.0/../../../../riscv-none-embed/lib/rv32imacxw/ilp32\libnosys.a
END GROUP
START GROUP
LOAD d:/mounriver_studio/mounriver_studio2/resources/app/resources/win32/components/wch/toolchain/risc-v embedded gcc/bin/../lib/gcc/riscv-none-embed/8.2.0/rv32imacxw/ilp32\libgcc.a
LOAD d:/mounriver_studio/mounriver_studio2/resources/app/resources/win32/components/wch/toolchain/risc-v embedded gcc/bin/../lib/gcc/riscv-none-embed/8.2.0/../../../../riscv-none-embed/lib/rv32imacxw/ilp32\libc_nano.a
LOAD d:/mounriver_studio/mounriver_studio2/resources/app/resources/win32/components/wch/toolchain/risc-v embedded gcc/bin/../lib/gcc/riscv-none-embed/8.2.0/../../../../riscv-none-embed/lib/rv32imacxw/ilp32\libnosys.a
END GROUP
                0x0000000000000800                __stack_size = 0x800
                [!provide]                        PROVIDE (_stack_size = __stack_size)

.init           0x0000000000000000        0x4
                0x0000000000000000                _sinit = .
                0x0000000000000000                . = ALIGN (0x4)
 *(SORT_NONE(.init))
 .init          0x0000000000000000        0x4 ./Startup/startup_ch32v30x_D8C.o
                0x0000000000000000                _start
                0x0000000000000004                . = ALIGN (0x4)
                0x0000000000000004                _einit = .

.vector         0x0000000000000004      0x1bc
 *(.vector)
 .vector        0x0000000000000004      0x1a0 ./Startup/startup_ch32v30x_D8C.o
                0x00000000000001c0                . = ALIGN (0x40)
 *fill*         0x00000000000001a4       0x1c 

.text           0x00000000000001c0    0x1038c
                0x00000000000001c0                . = ALIGN (0x4)
 *(.text)
 .text          0x00000000000001c0       0x42 ./OS_Core/switch.o
                0x00000000000001c0                cpu_switch
 .text          0x0000000000000202       0x60 d:/mounriver_studio/mounriver_studio2/resources/app/resources/win32/components/wch/toolchain/risc-v embedded gcc/bin/../lib/gcc/riscv-none-embed/8.2.0/rv32imacxw/ilp32\libgcc.a(save-restore.o)
                0x0000000000000202                __riscv_save_12
                0x000000000000020a                __riscv_save_9
                0x000000000000020a                __riscv_save_11
                0x000000000000020a                __riscv_save_10
                0x000000000000020a                __riscv_save_8
                0x0000000000000218                __riscv_save_4
                0x0000000000000218                __riscv_save_6
                0x0000000000000218                __riscv_save_5
                0x0000000000000218                __riscv_save_7
                0x0000000000000232                __riscv_save_3
                0x0000000000000232                __riscv_save_2
                0x0000000000000232                __riscv_save_1
                0x0000000000000232                __riscv_save_0
                0x000000000000023e                __riscv_restore_12
                0x0000000000000242                __riscv_restore_11
                0x0000000000000242                __riscv_restore_9
                0x0000000000000242                __riscv_restore_10
                0x0000000000000242                __riscv_restore_8
                0x000000000000024c                __riscv_restore_5
                0x000000000000024c                __riscv_restore_7
                0x000000000000024c                __riscv_restore_6
                0x000000000000024c                __riscv_restore_4
                0x0000000000000256                __riscv_restore_3
                0x0000000000000256                __riscv_restore_0
                0x0000000000000256                __riscv_restore_2
                0x0000000000000256                __riscv_restore_1
 .text          0x0000000000000262       0xa8 d:/mounriver_studio/mounriver_studio2/resources/app/resources/win32/components/wch/toolchain/risc-v embedded gcc/bin/../lib/gcc/riscv-none-embed/8.2.0/../../../../riscv-none-embed/lib/rv32imacxw/ilp32\libg_nano.a(lib_a-memset.o)
                0x0000000000000262                memset
 .text          0x000000000000030a      0x11a d:/mounriver_studio/mounriver_studio2/resources/app/resources/win32/components/wch/toolchain/risc-v embedded gcc/bin/../lib/gcc/riscv-none-embed/8.2.0/../../../../riscv-none-embed/lib/rv32imacxw/ilp32\libg_nano.a(lib_a-strcmp.o)
                0x000000000000030a                strcmp
 *(.text.*)
 .text.parse_hex4
                0x0000000000000424       0x5c ./cJSON/cJSON.o
 .text.parse_string
                0x0000000000000480      0x242 ./cJSON/cJSON.o
 .text.buffer_skip_whitespace
                0x00000000000006c2       0x38 ./cJSON/cJSON.o
 .text.get_object_item
                0x00000000000006fa       0xa8 ./cJSON/cJSON.o
 .text.cJSON_New_Item.isra.5
                0x00000000000007a2       0x1c ./cJSON/cJSON.o
 .text.cJSON_Delete
                0x00000000000007be       0x5a ./cJSON/cJSON.o
                0x00000000000007be                cJSON_Delete
 .text.parse_value
                0x0000000000000818      0x36c ./cJSON/cJSON.o
 .text.cJSON_ParseWithLengthOpts
                0x0000000000000b84       0xe0 ./cJSON/cJSON.o
                0x0000000000000b84                cJSON_ParseWithLengthOpts
 .text.cJSON_ParseWithOpts
                0x0000000000000c64       0x28 ./cJSON/cJSON.o
                0x0000000000000c64                cJSON_ParseWithOpts
 .text.cJSON_Parse
                0x0000000000000c8c        0xe ./cJSON/cJSON.o
                0x0000000000000c8c                cJSON_Parse
 .text.cJSON_GetObjectItem
                0x0000000000000c9a        0xc ./cJSON/cJSON.o
                0x0000000000000c9a                cJSON_GetObjectItem
 .text.cJSON_IsString
                0x0000000000000ca6       0x10 ./cJSON/cJSON.o
                0x0000000000000ca6                cJSON_IsString
 .text.led_auto_off_callback
                0x0000000000000cb6       0x2e ./User/app_tasks.o
 .text.task4_entry
                0x0000000000000ce4       0xb4 ./User/app_tasks.o
 .text.task2_entry
                0x0000000000000d98       0x2c ./User/app_tasks.o
 .text.task_network_entry
                0x0000000000000dc4      0x2fe ./User/app_tasks.o
 .text.task3_entry
                0x00000000000010c2       0xe6 ./User/app_tasks.o
 .text.task1_entry
                0x00000000000011a8       0x76 ./User/app_tasks.o
 .text.app_tasks_init
                0x000000000000121e       0xce ./User/app_tasks.o
                0x000000000000121e                app_tasks_init
 .text.NMI_Handler
                0x00000000000012ec        0x2 ./User/ch32v30x_it.o
                0x00000000000012ec                NMI_Handler
 .text.HardFault_Handler
                0x00000000000012ee       0x10 ./User/ch32v30x_it.o
                0x00000000000012ee                HardFault_Handler
 .text.TIM2_IRQHandler
                0x00000000000012fe       0x22 ./User/ch32v30x_it.o
                0x00000000000012fe                TIM2_IRQHandler
 .text.test_littlefs_boot_counter
                0x0000000000001320       0xa0 ./User/main.o
                0x0000000000001320                test_littlefs_boot_counter
 .text.startup.main
                0x00000000000013c0       0x8c ./User/main.o
                0x00000000000013c0                main
 .text.SystemInit
                0x000000000000144c       0xfa ./User/system_ch32v30x.o
                0x000000000000144c                SystemInit
 .text.SystemCoreClockUpdate
                0x0000000000001546      0x12e ./User/system_ch32v30x.o
                0x0000000000001546                SystemCoreClockUpdate
 .text.vector_handler
                0x0000000000001674        0x2 ./Startup/startup_ch32v30x_D8C.o
                0x0000000000001674                EXTI2_IRQHandler
                0x0000000000001674                TIM8_TRG_COM_IRQHandler
                0x0000000000001674                TIM8_CC_IRQHandler
                0x0000000000001674                UART8_IRQHandler
                0x0000000000001674                TIM1_CC_IRQHandler
                0x0000000000001674                TIM6_IRQHandler
                0x0000000000001674                SysTick_Handler
                0x0000000000001674                PVD_IRQHandler
                0x0000000000001674                SDIO_IRQHandler
                0x0000000000001674                TIM9_BRK_IRQHandler
                0x0000000000001674                DMA2_Channel8_IRQHandler
                0x0000000000001674                CAN2_RX1_IRQHandler
                0x0000000000001674                EXTI3_IRQHandler
                0x0000000000001674                USBHS_IRQHandler
                0x0000000000001674                DMA2_Channel9_IRQHandler
                0x0000000000001674                TIM10_CC_IRQHandler
                0x0000000000001674                USBFS_IRQHandler
                0x0000000000001674                EXTI0_IRQHandler
                0x0000000000001674                I2C2_EV_IRQHandler
                0x0000000000001674                TIM10_TRG_COM_IRQHandler
                0x0000000000001674                CAN2_SCE_IRQHandler
                0x0000000000001674                ADC1_2_IRQHandler
                0x0000000000001674                Break_Point_Handler
                0x0000000000001674                SPI1_IRQHandler
                0x0000000000001674                TAMPER_IRQHandler
                0x0000000000001674                CAN2_RX0_IRQHandler
                0x0000000000001674                TIM8_UP_IRQHandler
                0x0000000000001674                Ecall_M_Mode_Handler
                0x0000000000001674                DMA2_Channel2_IRQHandler
                0x0000000000001674                DMA1_Channel4_IRQHandler
                0x0000000000001674                TIM9_UP_IRQHandler
                0x0000000000001674                USART3_IRQHandler
                0x0000000000001674                RTC_IRQHandler
                0x0000000000001674                DMA1_Channel7_IRQHandler
                0x0000000000001674                CAN1_RX1_IRQHandler
                0x0000000000001674                DVP_IRQHandler
                0x0000000000001674                UART5_IRQHandler
                0x0000000000001674                TIM4_IRQHandler
                0x0000000000001674                DMA2_Channel1_IRQHandler
                0x0000000000001674                I2C1_EV_IRQHandler
                0x0000000000001674                DMA1_Channel6_IRQHandler
                0x0000000000001674                DMA2_Channel4_IRQHandler
                0x0000000000001674                TIM3_IRQHandler
                0x0000000000001674                RCC_IRQHandler
                0x0000000000001674                TIM1_TRG_COM_IRQHandler
                0x0000000000001674                DMA1_Channel1_IRQHandler
                0x0000000000001674                DMA2_Channel7_IRQHandler
                0x0000000000001674                EXTI15_10_IRQHandler
                0x0000000000001674                TIM7_IRQHandler
                0x0000000000001674                CAN2_TX_IRQHandler
                0x0000000000001674                TIM5_IRQHandler
                0x0000000000001674                EXTI9_5_IRQHandler
                0x0000000000001674                ETH_WKUP_IRQHandler
                0x0000000000001674                SPI2_IRQHandler
                0x0000000000001674                TIM10_BRK_IRQHandler
                0x0000000000001674                TIM9_CC_IRQHandler
                0x0000000000001674                DMA2_Channel5_IRQHandler
                0x0000000000001674                DMA1_Channel5_IRQHandler
                0x0000000000001674                EXTI4_IRQHandler
                0x0000000000001674                USB_LP_CAN1_RX0_IRQHandler
                0x0000000000001674                RNG_IRQHandler
                0x0000000000001674                USB_HP_CAN1_TX_IRQHandler
                0x0000000000001674                DMA1_Channel3_IRQHandler
                0x0000000000001674                ETH_IRQHandler
                0x0000000000001674                TIM1_UP_IRQHandler
                0x0000000000001674                WWDG_IRQHandler
                0x0000000000001674                USBHSWakeup_IRQHandler
                0x0000000000001674                DMA2_Channel11_IRQHandler
                0x0000000000001674                Ecall_U_Mode_Handler
                0x0000000000001674                DMA2_Channel6_IRQHandler
                0x0000000000001674                SW_Handler
                0x0000000000001674                TIM1_BRK_IRQHandler
                0x0000000000001674                DMA2_Channel10_IRQHandler
                0x0000000000001674                EXTI1_IRQHandler
                0x0000000000001674                RTCAlarm_IRQHandler
                0x0000000000001674                TIM10_UP_IRQHandler
                0x0000000000001674                TIM9_TRG_COM_IRQHandler
                0x0000000000001674                UART7_IRQHandler
                0x0000000000001674                USART2_IRQHandler
                0x0000000000001674                UART6_IRQHandler
                0x0000000000001674                I2C2_ER_IRQHandler
                0x0000000000001674                DMA1_Channel2_IRQHandler
                0x0000000000001674                TIM8_BRK_IRQHandler
                0x0000000000001674                CAN1_SCE_IRQHandler
                0x0000000000001674                FLASH_IRQHandler
                0x0000000000001674                USART1_IRQHandler
                0x0000000000001674                SPI3_IRQHandler
                0x0000000000001674                I2C1_ER_IRQHandler
                0x0000000000001674                USBWakeUp_IRQHandler
                0x0000000000001674                DMA2_Channel3_IRQHandler
 .text.handle_reset
                0x0000000000001676       0x8e ./Startup/startup_ch32v30x_D8C.o
                0x0000000000001676                handle_reset
 .text.ADC_DeInit
                0x0000000000001704       0x40 ./Peripheral/src/ch32v30x_adc.o
                0x0000000000001704                ADC_DeInit
 .text.ADC_Init
                0x0000000000001744       0x56 ./Peripheral/src/ch32v30x_adc.o
                0x0000000000001744                ADC_Init
 .text.ADC_Cmd  0x000000000000179a       0x10 ./Peripheral/src/ch32v30x_adc.o
                0x000000000000179a                ADC_Cmd
 .text.ADC_ResetCalibration
                0x00000000000017aa        0xa ./Peripheral/src/ch32v30x_adc.o
                0x00000000000017aa                ADC_ResetCalibration
 .text.ADC_GetResetCalibrationStatus
                0x00000000000017b4        0x8 ./Peripheral/src/ch32v30x_adc.o
                0x00000000000017b4                ADC_GetResetCalibrationStatus
 .text.ADC_StartCalibration
                0x00000000000017bc        0xa ./Peripheral/src/ch32v30x_adc.o
                0x00000000000017bc                ADC_StartCalibration
 .text.ADC_GetCalibrationStatus
                0x00000000000017c6        0x8 ./Peripheral/src/ch32v30x_adc.o
                0x00000000000017c6                ADC_GetCalibrationStatus
 .text.ADC_SoftwareStartConvCmd
                0x00000000000017ce       0x18 ./Peripheral/src/ch32v30x_adc.o
                0x00000000000017ce                ADC_SoftwareStartConvCmd
 .text.ADC_RegularChannelConfig
                0x00000000000017e6       0xb8 ./Peripheral/src/ch32v30x_adc.o
                0x00000000000017e6                ADC_RegularChannelConfig
 .text.ADC_GetConversionValue
                0x000000000000189e        0x8 ./Peripheral/src/ch32v30x_adc.o
                0x000000000000189e                ADC_GetConversionValue
 .text.ADC_GetFlagStatus
                0x00000000000018a6        0xa ./Peripheral/src/ch32v30x_adc.o
                0x00000000000018a6                ADC_GetFlagStatus
 .text.ADC_BufferCmd
                0x00000000000018b0       0x18 ./Peripheral/src/ch32v30x_adc.o
                0x00000000000018b0                ADC_BufferCmd
 .text.GPIO_Init
                0x00000000000018c8       0xc0 ./Peripheral/src/ch32v30x_gpio.o
                0x00000000000018c8                GPIO_Init
 .text.GPIO_SetBits
                0x0000000000001988        0x4 ./Peripheral/src/ch32v30x_gpio.o
                0x0000000000001988                GPIO_SetBits
 .text.GPIO_ResetBits
                0x000000000000198c        0x4 ./Peripheral/src/ch32v30x_gpio.o
                0x000000000000198c                GPIO_ResetBits
 .text.GPIO_WriteBit
                0x0000000000001990        0xa ./Peripheral/src/ch32v30x_gpio.o
                0x0000000000001990                GPIO_WriteBit
 .text.NVIC_Init
                0x000000000000199a       0x5c ./Peripheral/src/ch32v30x_misc.o
                0x000000000000199a                NVIC_Init
 .text.RCC_ADCCLKConfig
                0x00000000000019f6       0x12 ./Peripheral/src/ch32v30x_rcc.o
                0x00000000000019f6                RCC_ADCCLKConfig
 .text.RCC_GetClocksFreq
                0x0000000000001a08      0x176 ./Peripheral/src/ch32v30x_rcc.o
                0x0000000000001a08                RCC_GetClocksFreq
 .text.RCC_APB2PeriphClockCmd
                0x0000000000001b7e       0x1e ./Peripheral/src/ch32v30x_rcc.o
                0x0000000000001b7e                RCC_APB2PeriphClockCmd
 .text.RCC_APB1PeriphClockCmd
                0x0000000000001b9c       0x1e ./Peripheral/src/ch32v30x_rcc.o
                0x0000000000001b9c                RCC_APB1PeriphClockCmd
 .text.RCC_APB2PeriphResetCmd
                0x0000000000001bba       0x1e ./Peripheral/src/ch32v30x_rcc.o
                0x0000000000001bba                RCC_APB2PeriphResetCmd
 .text.SPI_Init
                0x0000000000001bd8       0x3e ./Peripheral/src/ch32v30x_spi.o
                0x0000000000001bd8                SPI_Init
 .text.SPI_Cmd  0x0000000000001c16       0x1a ./Peripheral/src/ch32v30x_spi.o
                0x0000000000001c16                SPI_Cmd
 .text.SPI_I2S_SendData
                0x0000000000001c30        0x4 ./Peripheral/src/ch32v30x_spi.o
                0x0000000000001c30                SPI_I2S_SendData
 .text.SPI_I2S_ReceiveData
                0x0000000000001c34        0x4 ./Peripheral/src/ch32v30x_spi.o
                0x0000000000001c34                SPI_I2S_ReceiveData
 .text.SPI_I2S_GetFlagStatus
                0x0000000000001c38        0xa ./Peripheral/src/ch32v30x_spi.o
                0x0000000000001c38                SPI_I2S_GetFlagStatus
 .text.TIM_TimeBaseInit
                0x0000000000001c42       0xee ./Peripheral/src/ch32v30x_tim.o
                0x0000000000001c42                TIM_TimeBaseInit
 .text.TIM_Cmd  0x0000000000001d30       0x18 ./Peripheral/src/ch32v30x_tim.o
                0x0000000000001d30                TIM_Cmd
 .text.TIM_ITConfig
                0x0000000000001d48       0x12 ./Peripheral/src/ch32v30x_tim.o
                0x0000000000001d48                TIM_ITConfig
 .text.TIM_GetITStatus
                0x0000000000001d5a       0x18 ./Peripheral/src/ch32v30x_tim.o
                0x0000000000001d5a                TIM_GetITStatus
 .text.TIM_ClearITPendingBit
                0x0000000000001d72        0xc ./Peripheral/src/ch32v30x_tim.o
                0x0000000000001d72                TIM_ClearITPendingBit
 .text.USART_Init
                0x0000000000001d7e       0x9c ./Peripheral/src/ch32v30x_usart.o
                0x0000000000001d7e                USART_Init
 .text.USART_Cmd
                0x0000000000001e1a       0x16 ./Peripheral/src/ch32v30x_usart.o
                0x0000000000001e1a                USART_Cmd
 .text.USART_ITConfig
                0x0000000000001e30       0x36 ./Peripheral/src/ch32v30x_usart.o
                0x0000000000001e30                USART_ITConfig
 .text.USART_SendData
                0x0000000000001e66        0x8 ./Peripheral/src/ch32v30x_usart.o
                0x0000000000001e66                USART_SendData
 .text.USART_ReceiveData
                0x0000000000001e6e        0x8 ./Peripheral/src/ch32v30x_usart.o
                0x0000000000001e6e                USART_ReceiveData
 .text.USART_GetFlagStatus
                0x0000000000001e76        0xa ./Peripheral/src/ch32v30x_usart.o
                0x0000000000001e76                USART_GetFlagStatus
 .text.USART_GetITStatus
                0x0000000000001e80       0x3c ./Peripheral/src/ch32v30x_usart.o
                0x0000000000001e80                USART_GetITStatus
 .text.USART_ClearITPendingBit
                0x0000000000001ebc       0x14 ./Peripheral/src/ch32v30x_usart.o
                0x0000000000001ebc                USART_ClearITPendingBit
 .text.os_hal_adc_core_init
                0x0000000000001ed0       0xae ./OS_HAL/hal_adc.o
                0x0000000000001ed0                os_hal_adc_core_init
 .text.os_hal_adc_channel_init
                0x0000000000001f7e       0x2a ./OS_HAL/hal_adc.o
                0x0000000000001f7e                os_hal_adc_channel_init
 .text.os_hal_adc_read
                0x0000000000001fa8       0x66 ./OS_HAL/hal_adc.o
                0x0000000000001fa8                os_hal_adc_read
 .text.os_hal_gpio_set
                0x000000000000200e       0x22 ./OS_HAL/hal_gpio.o
                0x000000000000200e                os_hal_gpio_set
 .text.os_hal_gpio_init
                0x0000000000002030       0x36 ./OS_HAL/hal_gpio.o
                0x0000000000002030                os_hal_gpio_init
 .text.os_hal_spi_init
                0x0000000000002066       0xba ./OS_HAL/hal_spi.o
                0x0000000000002066                os_hal_spi_init
 .text.os_hal_spi_cs
                0x0000000000002120       0x1c ./OS_HAL/hal_spi.o
                0x0000000000002120                os_hal_spi_cs
 .text.os_hal_spi_rw_byte
                0x000000000000213c       0x38 ./OS_HAL/hal_spi.o
                0x000000000000213c                os_hal_spi_rw_byte
 .text.drv_at_init
                0x0000000000002174       0xae ./OS_Drivers/drv_at.o
                0x0000000000002174                drv_at_init
 .text.UART4_IRQHandler
                0x0000000000002222       0x58 ./OS_Drivers/drv_at.o
                0x0000000000002222                UART4_IRQHandler
 .text.at_send_cmd_wait
                0x000000000000227a      0x118 ./OS_Drivers/drv_at.o
                0x000000000000227a                at_send_cmd_wait
 .text.at_get_char
                0x0000000000002392       0x34 ./OS_Drivers/drv_at.o
                0x0000000000002392                at_get_char
 .text.uart4_send_data
                0x00000000000023c6       0x32 ./OS_Drivers/drv_mqtt.o
 .text.drv_mqtt_connect
                0x00000000000023f8       0xb2 ./OS_Drivers/drv_mqtt.o
                0x00000000000023f8                drv_mqtt_connect
 .text.drv_mqtt_publish
                0x00000000000024aa       0xb8 ./OS_Drivers/drv_mqtt.o
                0x00000000000024aa                drv_mqtt_publish
 .text.drv_mqtt_ping
                0x0000000000002562       0x4c ./OS_Drivers/drv_mqtt.o
                0x0000000000002562                drv_mqtt_ping
 .text.drv_mqtt_subscribe
                0x00000000000025ae       0xc4 ./OS_Drivers/drv_mqtt.o
                0x00000000000025ae                drv_mqtt_subscribe
 .text.oled_write
                0x0000000000002672       0xa4 ./OS_Drivers/drv_oled.o
 .text.drv_oled_register
                0x0000000000002716       0x58 ./OS_Drivers/drv_oled.o
                0x0000000000002716                drv_oled_register
 .text.led_write
                0x000000000000276e       0x1c ./OS_Drivers/drv_smarthome.o
 .text.light_read
                0x000000000000278a       0x2c ./OS_Drivers/drv_smarthome.o
 .text.temp_read
                0x00000000000027b6       0xbc ./OS_Drivers/drv_smarthome.o
 .text.drv_smarthome_init
                0x0000000000002872       0x4e ./OS_Drivers/drv_smarthome.o
                0x0000000000002872                drv_smarthome_init
 .text.SPI_FLASH_Write_Enable
                0x00000000000028c0       0x1a ./OS_Drivers/drv_w25q80.o
 .text.SPI_Flash_Wait_Busy
                0x00000000000028da       0x28 ./OS_Drivers/drv_w25q80.o
 .text.drv_w25qxx_unprotect
                0x0000000000002902       0x24 ./OS_Drivers/drv_w25q80.o
                0x0000000000002902                drv_w25qxx_unprotect
 .text.drv_w25qxx_init
                0x0000000000002926       0x52 ./OS_Drivers/drv_w25q80.o
                0x0000000000002926                drv_w25qxx_init
 .text.drv_w25qxx_read
                0x0000000000002978       0x5e ./OS_Drivers/drv_w25q80.o
                0x0000000000002978                drv_w25qxx_read
 .text.drv_w25qxx_write_page
                0x00000000000029d6       0x62 ./OS_Drivers/drv_w25q80.o
                0x00000000000029d6                drv_w25qxx_write_page
 .text.drv_w25qxx_erase_sector
                0x0000000000002a38       0x46 ./OS_Drivers/drv_w25q80.o
                0x0000000000002a38                drv_w25qxx_erase_sector
 .text.lfs_w25qxx_sync
                0x0000000000002a7e        0x4 ./OS_Drivers/fs_port.o
 .text.lfs_w25qxx_erase
                0x0000000000002a82       0x10 ./OS_Drivers/fs_port.o
 .text.lfs_w25qxx_prog
                0x0000000000002a92       0x44 ./OS_Drivers/fs_port.o
 .text.lfs_w25qxx_read
                0x0000000000002ad6       0x1e ./OS_Drivers/fs_port.o
 .text.drv_fs_init
                0x0000000000002af4       0xf8 ./OS_Drivers/fs_port.o
                0x0000000000002af4                drv_fs_init
 .text.IIC_Start
                0x0000000000002bec       0x3e ./OS_Drivers/oled.o
                0x0000000000002bec                IIC_Start
 .text.IIC_Stop
                0x0000000000002c2a       0x32 ./OS_Drivers/oled.o
                0x0000000000002c2a                IIC_Stop
 .text.IIC_Wait_Ack
                0x0000000000002c5c       0x26 ./OS_Drivers/oled.o
                0x0000000000002c5c                IIC_Wait_Ack
 .text.Write_IIC_Byte
                0x0000000000002c82       0x5e ./OS_Drivers/oled.o
                0x0000000000002c82                Write_IIC_Byte
 .text.Write_IIC_Command
                0x0000000000002ce0       0x32 ./OS_Drivers/oled.o
                0x0000000000002ce0                Write_IIC_Command
 .text.Write_IIC_Data
                0x0000000000002d12       0x34 ./OS_Drivers/oled.o
                0x0000000000002d12                Write_IIC_Data
 .text.OLED_Set_Pos
                0x0000000000002d46       0x2a ./OS_Drivers/oled.o
                0x0000000000002d46                OLED_Set_Pos
 .text.OLED_Clear
                0x0000000000002d70       0x3a ./OS_Drivers/oled.o
                0x0000000000002d70                OLED_Clear
 .text.OLED_ShowChar
                0x0000000000002daa       0x9e ./OS_Drivers/oled.o
                0x0000000000002daa                OLED_ShowChar
 .text.OLED_ShowString
                0x0000000000002e48       0x42 ./OS_Drivers/oled.o
                0x0000000000002e48                OLED_ShowString
 .text.OLED_Init
                0x0000000000002e8a       0xdc ./OS_Drivers/oled.o
                0x0000000000002e8a                OLED_Init
 .text.os_device_register
                0x0000000000002f66       0x58 ./OS_Core/device.o
                0x0000000000002f66                os_device_register
 .text.os_device_open
                0x0000000000002fbe       0x3c ./OS_Core/device.o
                0x0000000000002fbe                os_device_open
 .text.os_device_read
                0x0000000000002ffa       0x1c ./OS_Core/device.o
                0x0000000000002ffa                os_device_read
 .text.os_device_write
                0x0000000000003016       0x1c ./OS_Core/device.o
                0x0000000000003016                os_device_write
 .text.stack_pool_init
                0x0000000000003032       0x7c ./OS_Core/mempool.o
                0x0000000000003032                stack_pool_init
 .text.stack_pool_alloc
                0x00000000000030ae       0x24 ./OS_Core/mempool.o
                0x00000000000030ae                stack_pool_alloc
 .text.os_mq_init
                0x00000000000030d2       0x24 ./OS_Core/msgqueue.o
                0x00000000000030d2                os_mq_init
 .text.mutex_init
                0x00000000000030f6        0x6 ./OS_Core/mutex.o
                0x00000000000030f6                mutex_init
 .text.mutex_lock
                0x00000000000030fc       0x1e ./OS_Core/mutex.o
                0x00000000000030fc                mutex_lock
 .text.mutex_unlock
                0x000000000000311a        0x6 ./OS_Core/mutex.o
                0x000000000000311a                mutex_unlock
 .text.os_shadow_init
                0x0000000000003120       0x24 ./OS_Core/shadow.o
                0x0000000000003120                os_shadow_init
 .text.os_shadow_update_temp
                0x0000000000003144       0x22 ./OS_Core/shadow.o
                0x0000000000003144                os_shadow_update_temp
 .text.os_shadow_update_led
                0x0000000000003166       0x22 ./OS_Core/shadow.o
                0x0000000000003166                os_shadow_update_led
 .text.os_shadow_get_snapshot
                0x0000000000003188       0x2e ./OS_Core/shadow.o
                0x0000000000003188                os_shadow_get_snapshot
 .text.sys_config_init
                0x00000000000031b6      0x1ce ./OS_Core/sys_config.o
                0x00000000000031b6                sys_config_init
 .text.task_init
                0x0000000000003384       0x1c ./OS_Core/task.o
                0x0000000000003384                task_init
 .text.task_register
                0x00000000000033a0       0x22 ./OS_Core/task.o
                0x00000000000033a0                task_register
 .text.task_yield
                0x00000000000033c2       0x38 ./OS_Core/task.o
                0x00000000000033c2                task_yield
 .text.os_start
                0x00000000000033fa       0x28 ./OS_Core/task.o
                0x00000000000033fa                os_start
 .text.os_tick_hardware_init
                0x0000000000003422       0x76 ./OS_Core/timer.o
                0x0000000000003422                os_tick_hardware_init
 .text.os_timer_init
                0x0000000000003498       0x1c ./OS_Core/timer.o
                0x0000000000003498                os_timer_init
 .text.os_timer_start
                0x00000000000034b4       0x34 ./OS_Core/timer.o
                0x00000000000034b4                os_timer_start
 .text.os_timer_stop
                0x00000000000034e8        0xc ./OS_Core/timer.o
                0x00000000000034e8                os_timer_stop
 .text.os_timer_ticks_update
                0x00000000000034f4       0x4a ./OS_Core/timer.o
                0x00000000000034f4                os_timer_ticks_update
 .text.os_delay
                0x000000000000353e       0x24 ./OS_Core/timer.o
                0x000000000000353e                os_delay
 .text.lfs_pair_isnull
                0x0000000000003562       0x16 ./LittleFS/lfs.o
 .text.lfs_pair_cmp
                0x0000000000003578       0x24 ./LittleFS/lfs.o
 .text.lfs_tag_dsize
                0x000000000000359c       0x16 ./LittleFS/lfs.o
 .text.lfs_gstate_xor
                0x00000000000035b2       0x1a ./LittleFS/lfs.o
 .text.lfs_gstate_iszero
                0x00000000000035cc       0x16 ./LittleFS/lfs.o
 .text.lfs_gstate_hasmovehere
                0x00000000000035e2       0x20 ./LittleFS/lfs.o
 .text.lfs_mlist_isopen
                0x0000000000003602       0x10 ./LittleFS/lfs.o
 .text.lfs_alloc_lookahead
                0x0000000000003612       0x2c ./LittleFS/lfs.o
 .text.lfs_dir_traverse_filter
                0x000000000000363e       0x88 ./LittleFS/lfs.o
 .text.lfs_dir_commit_size
                0x00000000000036c6       0x18 ./LittleFS/lfs.o
 .text.lfs_fs_size_count
                0x00000000000036de        0xa ./LittleFS/lfs.o
 .text.lfs_bd_read
                0x00000000000036e8      0x19e ./LittleFS/lfs.o
 .text.lfs_dir_getslice
                0x0000000000003886      0x180 ./LittleFS/lfs.o
 .text.lfs_dir_get
                0x0000000000003a06       0x14 ./LittleFS/lfs.o
 .text.lfs_dir_getgstate
                0x0000000000003a1a       0x34 ./LittleFS/lfs.o
 .text.lfs_fs_parent_match
                0x0000000000003a4e       0x3a ./LittleFS/lfs.o
 .text.lfs_deinit
                0x0000000000003a88       0x30 ./LittleFS/lfs.o
 .text.lfs_bd_erase
                0x0000000000003ab8       0x4a ./LittleFS/lfs.o
 .text.lfs_fs_preporphans.isra.25
                0x0000000000003b02       0x6c ./LittleFS/lfs.o
 .text.lfs_cache_zero.isra.27
                0x0000000000003b6e       0x1a ./LittleFS/lfs.o
 .text.lfs_init
                0x0000000000003b88      0x3c2 ./LittleFS/lfs.o
 .text.lfs_ctz_index.isra.29
                0x0000000000003f4a       0x48 ./LittleFS/lfs.o
 .text.lfs_ctz_traverse.part.30
                0x0000000000003f92       0x78 ./LittleFS/lfs.o
 .text.lfs_ctz_find.constprop.41
                0x000000000000400a       0x96 ./LittleFS/lfs.o
 .text.lfs_dir_getread.part.31.constprop.43
                0x00000000000040a0       0xac ./LittleFS/lfs.o
 .text.lfs_dir_traverse.constprop.45
                0x000000000000414c      0x2ca ./LittleFS/lfs.o
 .text.lfs_bd_cmp.constprop.47
                0x0000000000004416       0x68 ./LittleFS/lfs.o
 .text.lfs_dir_find_match
                0x000000000000447e       0x38 ./LittleFS/lfs.o
 .text.lfs_bd_flush
                0x00000000000044b6       0xbc ./LittleFS/lfs.o
 .text.lfs_bd_prog
                0x0000000000004572      0x100 ./LittleFS/lfs.o
 .text.lfs_dir_commitprog
                0x0000000000004672       0x3a ./LittleFS/lfs.o
 .text.lfs_dir_commitattr
                0x00000000000046ac       0xa4 ./LittleFS/lfs.o
 .text.lfs_dir_commit_commit
                0x0000000000004750       0x14 ./LittleFS/lfs.o
 .text.lfs_bd_sync.constprop.46
                0x0000000000004764       0x3e ./LittleFS/lfs.o
 .text.lfs_bd_crc.constprop.48
                0x00000000000047a2       0x5e ./LittleFS/lfs.o
 .text.lfs_dir_commitcrc
                0x0000000000004800      0x1ba ./LittleFS/lfs.o
 .text.lfs_dir_fetchmatch
                0x00000000000049ba      0x43c ./LittleFS/lfs.o
 .text.lfs_dir_fetch
                0x0000000000004df6       0x16 ./LittleFS/lfs.o
 .text.lfs_dir_find
                0x0000000000004e0c      0x176 ./LittleFS/lfs.o
 .text.lfs_path_islast
                0x0000000000004f82       0x2e ./LittleFS/lfs.o
 .text.lfs_tortoise_detectcycles
                0x0000000000004fb0       0x68 ./LittleFS/lfs.o
 .text.lfs_fs_parent
                0x0000000000005018       0x84 ./LittleFS/lfs.o
 .text.lfs_fs_pred
                0x000000000000509c       0x60 ./LittleFS/lfs.o
 .text.lfs_file_flushedread
                0x00000000000050fc       0xf0 ./LittleFS/lfs.o
 .text.lfs_fs_traverse_
                0x00000000000051ec      0x14e ./LittleFS/lfs.o
 .text.lfs_alloc_scan
                0x000000000000533a       0x56 ./LittleFS/lfs.o
 .text.lfs_alloc
                0x0000000000005390       0xaa ./LittleFS/lfs.o
 .text.lfs_dir_alloc.part.34
                0x000000000000543a       0x7c ./LittleFS/lfs.o
 .text.lfs_file_relocate
                0x00000000000054b6      0x120 ./LittleFS/lfs.o
 .text.lfs_dir_compact
                0x00000000000055d6      0x24e ./LittleFS/lfs.o
 .text.lfs_dir_split
                0x0000000000005824       0x76 ./LittleFS/lfs.o
 .text.lfs_fs_size_
                0x000000000000589a       0x22 ./LittleFS/lfs.o
 .text.lfs_dir_relocatingcommit
                0x00000000000058bc      0x49c ./LittleFS/lfs.o
 .text.lfs_file_flushedwrite
                0x0000000000005d58      0x27e ./LittleFS/lfs.o
 .text.lfs_file_flush
                0x0000000000005fd6      0x122 ./LittleFS/lfs.o
 .text.lfs_file_seek_
                0x00000000000060f8       0xa4 ./LittleFS/lfs.o
 .text.lfs_dir_orphaningcommit
                0x000000000000619c      0x3aa ./LittleFS/lfs.o
 .text.lfs_fs_deorphan.part.36
                0x0000000000006546      0x1d0 ./LittleFS/lfs.o
 .text.lfs_dir_commit
                0x0000000000006716       0x26 ./LittleFS/lfs.o
 .text.lfs_fs_forceconsistency
                0x000000000000673c      0x148 ./LittleFS/lfs.o
 .text.lfs_file_sync_.part.40
                0x0000000000006884       0xea ./LittleFS/lfs.o
 .text.lfs_file_close_
                0x000000000000696e       0x5c ./LittleFS/lfs.o
 .text.lfs_file_opencfg_
                0x00000000000069ca      0x260 ./LittleFS/lfs.o
 .text.lfs_file_write_
                0x0000000000006c2a       0xbc ./LittleFS/lfs.o
 .text.lfs_format
                0x0000000000006ce6       0xf6 ./LittleFS/lfs.o
                0x0000000000006ce6                lfs_format
 .text.lfs_unmount
                0x0000000000006ddc        0xc ./LittleFS/lfs.o
                0x0000000000006ddc                lfs_unmount
 .text.lfs_mount
                0x0000000000006de8      0x2a6 ./LittleFS/lfs.o
                0x0000000000006de8                lfs_mount
 .text.lfs_file_open
                0x000000000000708e       0x4e ./LittleFS/lfs.o
                0x000000000000708e                lfs_file_open
 .text.lfs_file_close
                0x00000000000070dc       0x3c ./LittleFS/lfs.o
                0x00000000000070dc                lfs_file_close
 .text.lfs_file_read
                0x0000000000007118       0x82 ./LittleFS/lfs.o
                0x0000000000007118                lfs_file_read
 .text.lfs_file_write
                0x000000000000719a       0x48 ./LittleFS/lfs.o
                0x000000000000719a                lfs_file_write
 .text.lfs_file_rewind
                0x00000000000071e2       0x16 ./LittleFS/lfs.o
                0x00000000000071e2                lfs_file_rewind
 .text.lfs_crc  0x00000000000071f8       0x3e ./LittleFS/lfs_util.o
                0x00000000000071f8                lfs_crc
 .text.Delay_Init
                0x0000000000007236       0x2a ./Debug/debug.o
                0x0000000000007236                Delay_Init
 .text.Delay_Ms
                0x0000000000007260       0x36 ./Debug/debug.o
                0x0000000000007260                Delay_Ms
 .text.USART_Printf_Init
                0x0000000000007296       0x5a ./Debug/debug.o
                0x0000000000007296                USART_Printf_Init
 .text._write   0x00000000000072f0       0x3e ./Debug/debug.o
                0x00000000000072f0                _write
 .text._sbrk    0x000000000000732e       0x2a ./Debug/debug.o
                0x000000000000732e                _sbrk
 .text.log      0x0000000000007358      0x112 d:/mounriver_studio/mounriver_studio2/resources/app/resources/win32/components/wch/toolchain/risc-v embedded gcc/bin/../lib/gcc/riscv-none-embed/8.2.0/../../../../riscv-none-embed/lib/rv32imacxw/ilp32\libm.a(lib_a-w_log.o)
                0x0000000000007358                log
 .text.__ieee754_log
                0x000000000000746a      0x3d8 d:/mounriver_studio/mounriver_studio2/resources/app/resources/win32/components/wch/toolchain/risc-v embedded gcc/bin/../lib/gcc/riscv-none-embed/8.2.0/../../../../riscv-none-embed/lib/rv32imacxw/ilp32\libm.a(lib_a-e_log.o)
                0x000000000000746a                __ieee754_log
 .text.matherr  0x0000000000007842        0x4 d:/mounriver_studio/mounriver_studio2/resources/app/resources/win32/components/wch/toolchain/risc-v embedded gcc/bin/../lib/gcc/riscv-none-embed/8.2.0/../../../../riscv-none-embed/lib/rv32imacxw/ilp32\libm.a(lib_a-s_matherr.o)
                0x0000000000007842                matherr
 .text.nan      0x0000000000007846        0xe d:/mounriver_studio/mounriver_studio2/resources/app/resources/win32/components/wch/toolchain/risc-v embedded gcc/bin/../lib/gcc/riscv-none-embed/8.2.0/../../../../riscv-none-embed/lib/rv32imacxw/ilp32\libm.a(lib_a-s_nan.o)
                0x0000000000007846                nan
 .text.__clzsi2
                0x0000000000007854       0x6e d:/mounriver_studio/mounriver_studio2/resources/app/resources/win32/components/wch/toolchain/risc-v embedded gcc/bin/../lib/gcc/riscv-none-embed/8.2.0/rv32imacxw/ilp32\libgcc.a(_clzsi2.o)
                0x0000000000007854                __clzsi2
 .text.__ctzsi2
                0x00000000000078c2       0x6a d:/mounriver_studio/mounriver_studio2/resources/app/resources/win32/components/wch/toolchain/risc-v embedded gcc/bin/../lib/gcc/riscv-none-embed/8.2.0/rv32imacxw/ilp32\libgcc.a(_ctzsi2.o)
                0x00000000000078c2                __ctzsi2
 .text.__popcountsi2
                0x000000000000792c       0x42 d:/mounriver_studio/mounriver_studio2/resources/app/resources/win32/components/wch/toolchain/risc-v embedded gcc/bin/../lib/gcc/riscv-none-embed/8.2.0/rv32imacxw/ilp32\libgcc.a(_popcountsi2.o)
                0x000000000000792c                __popcountsi2
 .text.__bswapsi2
                0x000000000000796e       0x24 d:/mounriver_studio/mounriver_studio2/resources/app/resources/win32/components/wch/toolchain/risc-v embedded gcc/bin/../lib/gcc/riscv-none-embed/8.2.0/rv32imacxw/ilp32\libgcc.a(_bswapsi2.o)
                0x000000000000796e                __bswapsi2
 .text.__adddf3
                0x0000000000007992      0x730 d:/mounriver_studio/mounriver_studio2/resources/app/resources/win32/components/wch/toolchain/risc-v embedded gcc/bin/../lib/gcc/riscv-none-embed/8.2.0/rv32imacxw/ilp32\libgcc.a(adddf3.o)
                0x0000000000007992                __adddf3
 .text.__divdf3
                0x00000000000080c2      0x5b4 d:/mounriver_studio/mounriver_studio2/resources/app/resources/win32/components/wch/toolchain/risc-v embedded gcc/bin/../lib/gcc/riscv-none-embed/8.2.0/rv32imacxw/ilp32\libgcc.a(divdf3.o)
                0x00000000000080c2                __divdf3
 .text.__eqdf2  0x0000000000008676       0x6a d:/mounriver_studio/mounriver_studio2/resources/app/resources/win32/components/wch/toolchain/risc-v embedded gcc/bin/../lib/gcc/riscv-none-embed/8.2.0/rv32imacxw/ilp32\libgcc.a(eqdf2.o)
                0x0000000000008676                __nedf2
                0x0000000000008676                __eqdf2
 .text.__gedf2  0x00000000000086e0       0xae d:/mounriver_studio/mounriver_studio2/resources/app/resources/win32/components/wch/toolchain/risc-v embedded gcc/bin/../lib/gcc/riscv-none-embed/8.2.0/rv32imacxw/ilp32\libgcc.a(gedf2.o)
                0x00000000000086e0                __gedf2
                0x00000000000086e0                __gtdf2
 .text.__ledf2  0x000000000000878e       0xb6 d:/mounriver_studio/mounriver_studio2/resources/app/resources/win32/components/wch/toolchain/risc-v embedded gcc/bin/../lib/gcc/riscv-none-embed/8.2.0/rv32imacxw/ilp32\libgcc.a(ledf2.o)
                0x000000000000878e                __ledf2
                0x000000000000878e                __ltdf2
 .text.__muldf3
                0x0000000000008844      0x4b8 d:/mounriver_studio/mounriver_studio2/resources/app/resources/win32/components/wch/toolchain/risc-v embedded gcc/bin/../lib/gcc/riscv-none-embed/8.2.0/rv32imacxw/ilp32\libgcc.a(muldf3.o)
                0x0000000000008844                __muldf3
 .text.__subdf3
                0x0000000000008cfc      0x73e d:/mounriver_studio/mounriver_studio2/resources/app/resources/win32/components/wch/toolchain/risc-v embedded gcc/bin/../lib/gcc/riscv-none-embed/8.2.0/rv32imacxw/ilp32\libgcc.a(subdf3.o)
                0x0000000000008cfc                __subdf3
 .text.__unorddf2
                0x000000000000943a       0x3c d:/mounriver_studio/mounriver_studio2/resources/app/resources/win32/components/wch/toolchain/risc-v embedded gcc/bin/../lib/gcc/riscv-none-embed/8.2.0/rv32imacxw/ilp32\libgcc.a(unorddf2.o)
                0x000000000000943a                __unorddf2
 .text.__fixdfsi
                0x0000000000009476       0x68 d:/mounriver_studio/mounriver_studio2/resources/app/resources/win32/components/wch/toolchain/risc-v embedded gcc/bin/../lib/gcc/riscv-none-embed/8.2.0/rv32imacxw/ilp32\libgcc.a(fixdfsi.o)
                0x0000000000009476                __fixdfsi
 .text.__floatsidf
                0x00000000000094de       0x72 d:/mounriver_studio/mounriver_studio2/resources/app/resources/win32/components/wch/toolchain/risc-v embedded gcc/bin/../lib/gcc/riscv-none-embed/8.2.0/rv32imacxw/ilp32\libgcc.a(floatsidf.o)
                0x00000000000094de                __floatsidf
 .text.__divsf3
                0x0000000000009550      0x2b2 d:/mounriver_studio/mounriver_studio2/resources/app/resources/win32/components/wch/toolchain/risc-v embedded gcc/bin/../lib/gcc/riscv-none-embed/8.2.0/rv32imacxw/ilp32\libgcc.a(divsf3.o)
                0x0000000000009550                __divsf3
 .text.__eqsf2  0x0000000000009802       0x5c d:/mounriver_studio/mounriver_studio2/resources/app/resources/win32/components/wch/toolchain/risc-v embedded gcc/bin/../lib/gcc/riscv-none-embed/8.2.0/rv32imacxw/ilp32\libgcc.a(eqsf2.o)
                0x0000000000009802                __eqsf2
                0x0000000000009802                __nesf2
 .text.__gesf2  0x000000000000985e       0x86 d:/mounriver_studio/mounriver_studio2/resources/app/resources/win32/components/wch/toolchain/risc-v embedded gcc/bin/../lib/gcc/riscv-none-embed/8.2.0/rv32imacxw/ilp32\libgcc.a(gesf2.o)
                0x000000000000985e                __gesf2
                0x000000000000985e                __gtsf2
 .text.__lesf2  0x00000000000098e4       0x8c d:/mounriver_studio/mounriver_studio2/resources/app/resources/win32/components/wch/toolchain/risc-v embedded gcc/bin/../lib/gcc/riscv-none-embed/8.2.0/rv32imacxw/ilp32\libgcc.a(lesf2.o)
                0x00000000000098e4                __ltsf2
                0x00000000000098e4                __lesf2
 .text.__mulsf3
                0x0000000000009970      0x294 d:/mounriver_studio/mounriver_studio2/resources/app/resources/win32/components/wch/toolchain/risc-v embedded gcc/bin/../lib/gcc/riscv-none-embed/8.2.0/rv32imacxw/ilp32\libgcc.a(mulsf3.o)
                0x0000000000009970                __mulsf3
 .text.__subsf3
                0x0000000000009c04      0x38a d:/mounriver_studio/mounriver_studio2/resources/app/resources/win32/components/wch/toolchain/risc-v embedded gcc/bin/../lib/gcc/riscv-none-embed/8.2.0/rv32imacxw/ilp32\libgcc.a(subsf3.o)
                0x0000000000009c04                __subsf3
 .text.__fixsfsi
                0x0000000000009f8e       0x62 d:/mounriver_studio/mounriver_studio2/resources/app/resources/win32/components/wch/toolchain/risc-v embedded gcc/bin/../lib/gcc/riscv-none-embed/8.2.0/rv32imacxw/ilp32\libgcc.a(fixsfsi.o)
                0x0000000000009f8e                __fixsfsi
 .text.__floatsisf
                0x0000000000009ff0       0xc8 d:/mounriver_studio/mounriver_studio2/resources/app/resources/win32/components/wch/toolchain/risc-v embedded gcc/bin/../lib/gcc/riscv-none-embed/8.2.0/rv32imacxw/ilp32\libgcc.a(floatsisf.o)
                0x0000000000009ff0                __floatsisf
 .text.__floatunsisf
                0x000000000000a0b8       0xd0 d:/mounriver_studio/mounriver_studio2/resources/app/resources/win32/components/wch/toolchain/risc-v embedded gcc/bin/../lib/gcc/riscv-none-embed/8.2.0/rv32imacxw/ilp32\libgcc.a(floatunsisf.o)
                0x000000000000a0b8                __floatunsisf
 .text.__extendsfdf2
                0x000000000000a188       0xae d:/mounriver_studio/mounriver_studio2/resources/app/resources/win32/components/wch/toolchain/risc-v embedded gcc/bin/../lib/gcc/riscv-none-embed/8.2.0/rv32imacxw/ilp32\libgcc.a(extendsfdf2.o)
                0x000000000000a188                __extendsfdf2
 .text.__truncdfsf2
                0x000000000000a236      0x16a d:/mounriver_studio/mounriver_studio2/resources/app/resources/win32/components/wch/toolchain/risc-v embedded gcc/bin/../lib/gcc/riscv-none-embed/8.2.0/rv32imacxw/ilp32\libgcc.a(truncdfsf2.o)
                0x000000000000a236                __truncdfsf2
 .text.__assert_func
                0x000000000000a3a0       0x3a d:/mounriver_studio/mounriver_studio2/resources/app/resources/win32/components/wch/toolchain/risc-v embedded gcc/bin/../lib/gcc/riscv-none-embed/8.2.0/../../../../riscv-none-embed/lib/rv32imacxw/ilp32\libg_nano.a(lib_a-assert.o)
                0x000000000000a3a0                __assert_func
 .text.__errno  0x000000000000a3da        0x8 d:/mounriver_studio/mounriver_studio2/resources/app/resources/win32/components/wch/toolchain/risc-v embedded gcc/bin/../lib/gcc/riscv-none-embed/8.2.0/../../../../riscv-none-embed/lib/rv32imacxw/ilp32\libg_nano.a(lib_a-errno.o)
                0x000000000000a3da                __errno
 .text.fprintf  0x000000000000a3e2       0x26 d:/mounriver_studio/mounriver_studio2/resources/app/resources/win32/components/wch/toolchain/risc-v embedded gcc/bin/../lib/gcc/riscv-none-embed/8.2.0/../../../../riscv-none-embed/lib/rv32imacxw/ilp32\libg_nano.a(lib_a-fprintf.o)
                0x000000000000a3e2                fiprintf
                0x000000000000a3e2                fprintf
 .text.__locale_ctype_ptr
                0x000000000000a408       0x18 d:/mounriver_studio/mounriver_studio2/resources/app/resources/win32/components/wch/toolchain/risc-v embedded gcc/bin/../lib/gcc/riscv-none-embed/8.2.0/../../../../riscv-none-embed/lib/rv32imacxw/ilp32\libg_nano.a(lib_a-locale.o)
                0x000000000000a408                __locale_ctype_ptr
 .text.malloc   0x000000000000a420        0xa d:/mounriver_studio/mounriver_studio2/resources/app/resources/win32/components/wch/toolchain/risc-v embedded gcc/bin/../lib/gcc/riscv-none-embed/8.2.0/../../../../riscv-none-embed/lib/rv32imacxw/ilp32\libg_nano.a(lib_a-malloc.o)
                0x000000000000a420                malloc
 .text.free     0x000000000000a42a        0xa d:/mounriver_studio/mounriver_studio2/resources/app/resources/win32/components/wch/toolchain/risc-v embedded gcc/bin/../lib/gcc/riscv-none-embed/8.2.0/../../../../riscv-none-embed/lib/rv32imacxw/ilp32\libg_nano.a(lib_a-malloc.o)
                0x000000000000a42a                free
 .text.__ascii_mbtowc
                0x000000000000a434       0x32 d:/mounriver_studio/mounriver_studio2/resources/app/resources/win32/components/wch/toolchain/risc-v embedded gcc/bin/../lib/gcc/riscv-none-embed/8.2.0/../../../../riscv-none-embed/lib/rv32imacxw/ilp32\libg_nano.a(lib_a-mbtowc_r.o)
                0x000000000000a434                __ascii_mbtowc
 .text.memcmp   0x000000000000a466       0x24 d:/mounriver_studio/mounriver_studio2/resources/app/resources/win32/components/wch/toolchain/risc-v embedded gcc/bin/../lib/gcc/riscv-none-embed/8.2.0/../../../../riscv-none-embed/lib/rv32imacxw/ilp32\libg_nano.a(lib_a-memcmp.o)
                0x000000000000a466                memcmp
 .text.memcpy   0x000000000000a48a       0xb2 d:/mounriver_studio/mounriver_studio2/resources/app/resources/win32/components/wch/toolchain/risc-v embedded gcc/bin/../lib/gcc/riscv-none-embed/8.2.0/../../../../riscv-none-embed/lib/rv32imacxw/ilp32\libg_nano.a(lib_a-memcpy.o)
                0x000000000000a48a                memcpy
 .text._free_r  0x000000000000a53c       0xa8 d:/mounriver_studio/mounriver_studio2/resources/app/resources/win32/components/wch/toolchain/risc-v embedded gcc/bin/../lib/gcc/riscv-none-embed/8.2.0/../../../../riscv-none-embed/lib/rv32imacxw/ilp32\libg_nano.a(lib_a-nano-freer.o)
                0x000000000000a53c                _free_r
 .text._malloc_r
                0x000000000000a5e4       0xda d:/mounriver_studio/mounriver_studio2/resources/app/resources/win32/components/wch/toolchain/risc-v embedded gcc/bin/../lib/gcc/riscv-none-embed/8.2.0/../../../../riscv-none-embed/lib/rv32imacxw/ilp32\libg_nano.a(lib_a-nano-mallocr.o)
                0x000000000000a5e4                _malloc_r
 .text.__sfputc_r
                0x000000000000a6be       0x28 d:/mounriver_studio/mounriver_studio2/resources/app/resources/win32/components/wch/toolchain/risc-v embedded gcc/bin/../lib/gcc/riscv-none-embed/8.2.0/../../../../riscv-none-embed/lib/rv32imacxw/ilp32\libg_nano.a(lib_a-nano-vfprintf.o)
 .text.__sfputs_r
                0x000000000000a6e6       0x42 d:/mounriver_studio/mounriver_studio2/resources/app/resources/win32/components/wch/toolchain/risc-v embedded gcc/bin/../lib/gcc/riscv-none-embed/8.2.0/../../../../riscv-none-embed/lib/rv32imacxw/ilp32\libg_nano.a(lib_a-nano-vfprintf.o)
                0x000000000000a6e6                __sfputs_r
 .text._vfprintf_r
                0x000000000000a728      0x28e d:/mounriver_studio/mounriver_studio2/resources/app/resources/win32/components/wch/toolchain/risc-v embedded gcc/bin/../lib/gcc/riscv-none-embed/8.2.0/../../../../riscv-none-embed/lib/rv32imacxw/ilp32\libg_nano.a(lib_a-nano-vfprintf.o)
                0x000000000000a728                _vfprintf_r
                0x000000000000a728                _vfiprintf_r
 .text._printf_common
                0x000000000000a9b6      0x10c d:/mounriver_studio/mounriver_studio2/resources/app/resources/win32/components/wch/toolchain/risc-v embedded gcc/bin/../lib/gcc/riscv-none-embed/8.2.0/../../../../riscv-none-embed/lib/rv32imacxw/ilp32\libg_nano.a(lib_a-nano-vfprintf_i.o)
                0x000000000000a9b6                _printf_common
 .text._printf_i
                0x000000000000aac2      0x2a4 d:/mounriver_studio/mounriver_studio2/resources/app/resources/win32/components/wch/toolchain/risc-v embedded gcc/bin/../lib/gcc/riscv-none-embed/8.2.0/../../../../riscv-none-embed/lib/rv32imacxw/ilp32\libg_nano.a(lib_a-nano-vfprintf_i.o)
                0x000000000000aac2                _printf_i
 .text.printf   0x000000000000ad66       0x42 d:/mounriver_studio/mounriver_studio2/resources/app/resources/win32/components/wch/toolchain/risc-v embedded gcc/bin/../lib/gcc/riscv-none-embed/8.2.0/../../../../riscv-none-embed/lib/rv32imacxw/ilp32\libg_nano.a(lib_a-printf.o)
                0x000000000000ad66                iprintf
                0x000000000000ad66                printf
 .text._puts_r  0x000000000000ada8       0xde d:/mounriver_studio/mounriver_studio2/resources/app/resources/win32/components/wch/toolchain/risc-v embedded gcc/bin/../lib/gcc/riscv-none-embed/8.2.0/../../../../riscv-none-embed/lib/rv32imacxw/ilp32\libg_nano.a(lib_a-puts.o)
                0x000000000000ada8                _puts_r
 .text.puts     0x000000000000ae86        0xc d:/mounriver_studio/mounriver_studio2/resources/app/resources/win32/components/wch/toolchain/risc-v embedded gcc/bin/../lib/gcc/riscv-none-embed/8.2.0/../../../../riscv-none-embed/lib/rv32imacxw/ilp32\libg_nano.a(lib_a-puts.o)
                0x000000000000ae86                puts
 .text.realloc  0x000000000000ae92        0xe d:/mounriver_studio/mounriver_studio2/resources/app/resources/win32/components/wch/toolchain/risc-v embedded gcc/bin/../lib/gcc/riscv-none-embed/8.2.0/../../../../riscv-none-embed/lib/rv32imacxw/ilp32\libg_nano.a(lib_a-realloc.o)
                0x000000000000ae92                realloc
 .text._sbrk_r  0x000000000000aea0       0x32 d:/mounriver_studio/mounriver_studio2/resources/app/resources/win32/components/wch/toolchain/risc-v embedded gcc/bin/../lib/gcc/riscv-none-embed/8.2.0/../../../../riscv-none-embed/lib/rv32imacxw/ilp32\libg_nano.a(lib_a-sbrkr.o)
                0x000000000000aea0                _sbrk_r
 .text.sprintf  0x000000000000aed2       0x46 d:/mounriver_studio/mounriver_studio2/resources/app/resources/win32/components/wch/toolchain/risc-v embedded gcc/bin/../lib/gcc/riscv-none-embed/8.2.0/../../../../riscv-none-embed/lib/rv32imacxw/ilp32\libg_nano.a(lib_a-sprintf.o)
                0x000000000000aed2                siprintf
                0x000000000000aed2                sprintf
 .text.__sread  0x000000000000af18       0x2e d:/mounriver_studio/mounriver_studio2/resources/app/resources/win32/components/wch/toolchain/risc-v embedded gcc/bin/../lib/gcc/riscv-none-embed/8.2.0/../../../../riscv-none-embed/lib/rv32imacxw/ilp32\libg_nano.a(lib_a-stdio.o)
                0x000000000000af18                __sread
 .text.__swrite
                0x000000000000af46       0x4c d:/mounriver_studio/mounriver_studio2/resources/app/resources/win32/components/wch/toolchain/risc-v embedded gcc/bin/../lib/gcc/riscv-none-embed/8.2.0/../../../../riscv-none-embed/lib/rv32imacxw/ilp32\libg_nano.a(lib_a-stdio.o)
                0x000000000000af46                __swrite
 .text.__sseek  0x000000000000af92       0x32 d:/mounriver_studio/mounriver_studio2/resources/app/resources/win32/components/wch/toolchain/risc-v embedded gcc/bin/../lib/gcc/riscv-none-embed/8.2.0/../../../../riscv-none-embed/lib/rv32imacxw/ilp32\libg_nano.a(lib_a-stdio.o)
                0x000000000000af92                __sseek
 .text.__sclose
                0x000000000000afc4        0x8 d:/mounriver_studio/mounriver_studio2/resources/app/resources/win32/components/wch/toolchain/risc-v embedded gcc/bin/../lib/gcc/riscv-none-embed/8.2.0/../../../../riscv-none-embed/lib/rv32imacxw/ilp32\libg_nano.a(lib_a-stdio.o)
                0x000000000000afc4                __sclose
 .text.strcpy   0x000000000000afcc       0x10 d:/mounriver_studio/mounriver_studio2/resources/app/resources/win32/components/wch/toolchain/risc-v embedded gcc/bin/../lib/gcc/riscv-none-embed/8.2.0/../../../../riscv-none-embed/lib/rv32imacxw/ilp32\libg_nano.a(lib_a-strcpy.o)
                0x000000000000afcc                strcpy
 .text.strcspn  0x000000000000afdc       0x1e d:/mounriver_studio/mounriver_studio2/resources/app/resources/win32/components/wch/toolchain/risc-v embedded gcc/bin/../lib/gcc/riscv-none-embed/8.2.0/../../../../riscv-none-embed/lib/rv32imacxw/ilp32\libg_nano.a(lib_a-strcspn.o)
                0x000000000000afdc                strcspn
 .text.strlen   0x000000000000affa       0x12 d:/mounriver_studio/mounriver_studio2/resources/app/resources/win32/components/wch/toolchain/risc-v embedded gcc/bin/../lib/gcc/riscv-none-embed/8.2.0/../../../../riscv-none-embed/lib/rv32imacxw/ilp32\libg_nano.a(lib_a-strlen.o)
                0x000000000000affa                strlen
 .text.strncmp  0x000000000000b00c       0x28 d:/mounriver_studio/mounriver_studio2/resources/app/resources/win32/components/wch/toolchain/risc-v embedded gcc/bin/../lib/gcc/riscv-none-embed/8.2.0/../../../../riscv-none-embed/lib/rv32imacxw/ilp32\libg_nano.a(lib_a-strncmp.o)
                0x000000000000b00c                strncmp
 .text.strncpy  0x000000000000b034       0x24 d:/mounriver_studio/mounriver_studio2/resources/app/resources/win32/components/wch/toolchain/risc-v embedded gcc/bin/../lib/gcc/riscv-none-embed/8.2.0/../../../../riscv-none-embed/lib/rv32imacxw/ilp32\libg_nano.a(lib_a-strncpy.o)
                0x000000000000b034                strncpy
 .text.strspn   0x000000000000b058       0x1e d:/mounriver_studio/mounriver_studio2/resources/app/resources/win32/components/wch/toolchain/risc-v embedded gcc/bin/../lib/gcc/riscv-none-embed/8.2.0/../../../../riscv-none-embed/lib/rv32imacxw/ilp32\libg_nano.a(lib_a-strspn.o)
                0x000000000000b058                strspn
 .text.strstr   0x000000000000b076       0x34 d:/mounriver_studio/mounriver_studio2/resources/app/resources/win32/components/wch/toolchain/risc-v embedded gcc/bin/../lib/gcc/riscv-none-embed/8.2.0/../../../../riscv-none-embed/lib/rv32imacxw/ilp32\libg_nano.a(lib_a-strstr.o)
                0x000000000000b076                strstr
 .text.sulp     0x000000000000b0aa       0x4e d:/mounriver_studio/mounriver_studio2/resources/app/resources/win32/components/wch/toolchain/risc-v embedded gcc/bin/../lib/gcc/riscv-none-embed/8.2.0/../../../../riscv-none-embed/lib/rv32imacxw/ilp32\libg_nano.a(lib_a-strtod.o)
 .text._strtod_l
                0x000000000000b0f8      0xc6c d:/mounriver_studio/mounriver_studio2/resources/app/resources/win32/components/wch/toolchain/risc-v embedded gcc/bin/../lib/gcc/riscv-none-embed/8.2.0/../../../../riscv-none-embed/lib/rv32imacxw/ilp32\libg_nano.a(lib_a-strtod.o)
                0x000000000000b0f8                _strtod_l
 .text.strtod   0x000000000000bd64       0x1c d:/mounriver_studio/mounriver_studio2/resources/app/resources/win32/components/wch/toolchain/risc-v embedded gcc/bin/../lib/gcc/riscv-none-embed/8.2.0/../../../../riscv-none-embed/lib/rv32imacxw/ilp32\libg_nano.a(lib_a-strtod.o)
                0x000000000000bd64                strtod
 .text.__swbuf_r
                0x000000000000bd80       0xbc d:/mounriver_studio/mounriver_studio2/resources/app/resources/win32/components/wch/toolchain/risc-v embedded gcc/bin/../lib/gcc/riscv-none-embed/8.2.0/../../../../riscv-none-embed/lib/rv32imacxw/ilp32\libg_nano.a(lib_a-wbuf.o)
                0x000000000000bd80                __swbuf_r
 .text.__ascii_wctomb
                0x000000000000be3c       0x1e d:/mounriver_studio/mounriver_studio2/resources/app/resources/win32/components/wch/toolchain/risc-v embedded gcc/bin/../lib/gcc/riscv-none-embed/8.2.0/../../../../riscv-none-embed/lib/rv32imacxw/ilp32\libg_nano.a(lib_a-wctomb_r.o)
                0x000000000000be3c                __ascii_wctomb
 .text._write_r
                0x000000000000be5a       0x36 d:/mounriver_studio/mounriver_studio2/resources/app/resources/win32/components/wch/toolchain/risc-v embedded gcc/bin/../lib/gcc/riscv-none-embed/8.2.0/../../../../riscv-none-embed/lib/rv32imacxw/ilp32\libg_nano.a(lib_a-writer.o)
                0x000000000000be5a                _write_r
 .text.__swsetup_r
                0x000000000000be90      0x100 d:/mounriver_studio/mounriver_studio2/resources/app/resources/win32/components/wch/toolchain/risc-v embedded gcc/bin/../lib/gcc/riscv-none-embed/8.2.0/../../../../riscv-none-embed/lib/rv32imacxw/ilp32\libg_nano.a(lib_a-wsetup.o)
                0x000000000000be90                __swsetup_r
 .text.abort    0x000000000000bf90       0x10 d:/mounriver_studio/mounriver_studio2/resources/app/resources/win32/components/wch/toolchain/risc-v embedded gcc/bin/../lib/gcc/riscv-none-embed/8.2.0/../../../../riscv-none-embed/lib/rv32imacxw/ilp32\libg_nano.a(lib_a-abort.o)
                0x000000000000bf90                abort
 .text._close_r
                0x000000000000bfa0       0x32 d:/mounriver_studio/mounriver_studio2/resources/app/resources/win32/components/wch/toolchain/risc-v embedded gcc/bin/../lib/gcc/riscv-none-embed/8.2.0/../../../../riscv-none-embed/lib/rv32imacxw/ilp32\libg_nano.a(lib_a-closer.o)
                0x000000000000bfa0                _close_r
 .text.__sflush_r
                0x000000000000bfd2      0x132 d:/mounriver_studio/mounriver_studio2/resources/app/resources/win32/components/wch/toolchain/risc-v embedded gcc/bin/../lib/gcc/riscv-none-embed/8.2.0/../../../../riscv-none-embed/lib/rv32imacxw/ilp32\libg_nano.a(lib_a-fflush.o)
                0x000000000000bfd2                __sflush_r
 .text._fflush_r
                0x000000000000c104       0x66 d:/mounriver_studio/mounriver_studio2/resources/app/resources/win32/components/wch/toolchain/risc-v embedded gcc/bin/../lib/gcc/riscv-none-embed/8.2.0/../../../../riscv-none-embed/lib/rv32imacxw/ilp32\libg_nano.a(lib_a-fflush.o)
                0x000000000000c104                _fflush_r
 .text.std      0x000000000000c16a       0x66 d:/mounriver_studio/mounriver_studio2/resources/app/resources/win32/components/wch/toolchain/risc-v embedded gcc/bin/../lib/gcc/riscv-none-embed/8.2.0/../../../../riscv-none-embed/lib/rv32imacxw/ilp32\libg_nano.a(lib_a-findfp.o)
 .text._cleanup_r
                0x000000000000c1d0        0xa d:/mounriver_studio/mounriver_studio2/resources/app/resources/win32/components/wch/toolchain/risc-v embedded gcc/bin/../lib/gcc/riscv-none-embed/8.2.0/../../../../riscv-none-embed/lib/rv32imacxw/ilp32\libg_nano.a(lib_a-findfp.o)
                0x000000000000c1d0                _cleanup_r
 .text.__sfmoreglue
                0x000000000000c1da       0x48 d:/mounriver_studio/mounriver_studio2/resources/app/resources/win32/components/wch/toolchain/risc-v embedded gcc/bin/../lib/gcc/riscv-none-embed/8.2.0/../../../../riscv-none-embed/lib/rv32imacxw/ilp32\libg_nano.a(lib_a-findfp.o)
                0x000000000000c1da                __sfmoreglue
 .text.__sinit  0x000000000000c222       0x6c d:/mounriver_studio/mounriver_studio2/resources/app/resources/win32/components/wch/toolchain/risc-v embedded gcc/bin/../lib/gcc/riscv-none-embed/8.2.0/../../../../riscv-none-embed/lib/rv32imacxw/ilp32\libg_nano.a(lib_a-findfp.o)
                0x000000000000c222                __sinit
 .text.__sfp    0x000000000000c28e       0xa0 d:/mounriver_studio/mounriver_studio2/resources/app/resources/win32/components/wch/toolchain/risc-v embedded gcc/bin/../lib/gcc/riscv-none-embed/8.2.0/../../../../riscv-none-embed/lib/rv32imacxw/ilp32\libg_nano.a(lib_a-findfp.o)
                0x000000000000c28e                __sfp
 .text._fwalk_reent
                0x000000000000c32e       0x6a d:/mounriver_studio/mounriver_studio2/resources/app/resources/win32/components/wch/toolchain/risc-v embedded gcc/bin/../lib/gcc/riscv-none-embed/8.2.0/../../../../riscv-none-embed/lib/rv32imacxw/ilp32\libg_nano.a(lib_a-fwalk.o)
                0x000000000000c32e                _fwalk_reent
 .text.rshift   0x000000000000c398       0x76 d:/mounriver_studio/mounriver_studio2/resources/app/resources/win32/components/wch/toolchain/risc-v embedded gcc/bin/../lib/gcc/riscv-none-embed/8.2.0/../../../../riscv-none-embed/lib/rv32imacxw/ilp32\libg_nano.a(lib_a-gdtoa-gethex.o)
 .text.__hexdig_fun
                0x000000000000c40e       0x40 d:/mounriver_studio/mounriver_studio2/resources/app/resources/win32/components/wch/toolchain/risc-v embedded gcc/bin/../lib/gcc/riscv-none-embed/8.2.0/../../../../riscv-none-embed/lib/rv32imacxw/ilp32\libg_nano.a(lib_a-gdtoa-gethex.o)
                0x000000000000c40e                __hexdig_fun
 .text.__gethex
                0x000000000000c44e      0x4cc d:/mounriver_studio/mounriver_studio2/resources/app/resources/win32/components/wch/toolchain/risc-v embedded gcc/bin/../lib/gcc/riscv-none-embed/8.2.0/../../../../riscv-none-embed/lib/rv32imacxw/ilp32\libg_nano.a(lib_a-gdtoa-gethex.o)
                0x000000000000c44e                __gethex
 .text.L_shift  0x000000000000c91a       0x2c d:/mounriver_studio/mounriver_studio2/resources/app/resources/win32/components/wch/toolchain/risc-v embedded gcc/bin/../lib/gcc/riscv-none-embed/8.2.0/../../../../riscv-none-embed/lib/rv32imacxw/ilp32\libg_nano.a(lib_a-gdtoa-hexnan.o)
 .text.__match  0x000000000000c946       0x2e d:/mounriver_studio/mounriver_studio2/resources/app/resources/win32/components/wch/toolchain/risc-v embedded gcc/bin/../lib/gcc/riscv-none-embed/8.2.0/../../../../riscv-none-embed/lib/rv32imacxw/ilp32\libg_nano.a(lib_a-gdtoa-hexnan.o)
                0x000000000000c946                __match
 .text.__hexnan
                0x000000000000c974      0x15e d:/mounriver_studio/mounriver_studio2/resources/app/resources/win32/components/wch/toolchain/risc-v embedded gcc/bin/../lib/gcc/riscv-none-embed/8.2.0/../../../../riscv-none-embed/lib/rv32imacxw/ilp32\libg_nano.a(lib_a-gdtoa-hexnan.o)
                0x000000000000c974                __hexnan
 .text.__localeconv_l
                0x000000000000cad2        0x6 d:/mounriver_studio/mounriver_studio2/resources/app/resources/win32/components/wch/toolchain/risc-v embedded gcc/bin/../lib/gcc/riscv-none-embed/8.2.0/../../../../riscv-none-embed/lib/rv32imacxw/ilp32\libg_nano.a(lib_a-localeconv.o)
                0x000000000000cad2                __localeconv_l
 .text._lseek_r
                0x000000000000cad8       0x36 d:/mounriver_studio/mounriver_studio2/resources/app/resources/win32/components/wch/toolchain/risc-v embedded gcc/bin/../lib/gcc/riscv-none-embed/8.2.0/../../../../riscv-none-embed/lib/rv32imacxw/ilp32\libg_nano.a(lib_a-lseekr.o)
                0x000000000000cad8                _lseek_r
 .text.__swhatbuf_r
                0x000000000000cb0e       0x58 d:/mounriver_studio/mounriver_studio2/resources/app/resources/win32/components/wch/toolchain/risc-v embedded gcc/bin/../lib/gcc/riscv-none-embed/8.2.0/../../../../riscv-none-embed/lib/rv32imacxw/ilp32\libg_nano.a(lib_a-makebuf.o)
                0x000000000000cb0e                __swhatbuf_r
 .text.__smakebuf_r
                0x000000000000cb66       0x94 d:/mounriver_studio/mounriver_studio2/resources/app/resources/win32/components/wch/toolchain/risc-v embedded gcc/bin/../lib/gcc/riscv-none-embed/8.2.0/../../../../riscv-none-embed/lib/rv32imacxw/ilp32\libg_nano.a(lib_a-makebuf.o)
                0x000000000000cb66                __smakebuf_r
 .text.memchr   0x000000000000cbfa       0x18 d:/mounriver_studio/mounriver_studio2/resources/app/resources/win32/components/wch/toolchain/risc-v embedded gcc/bin/../lib/gcc/riscv-none-embed/8.2.0/../../../../riscv-none-embed/lib/rv32imacxw/ilp32\libg_nano.a(lib_a-memchr.o)
                0x000000000000cbfa                memchr
 .text.memmove  0x000000000000cc12       0x46 d:/mounriver_studio/mounriver_studio2/resources/app/resources/win32/components/wch/toolchain/risc-v embedded gcc/bin/../lib/gcc/riscv-none-embed/8.2.0/../../../../riscv-none-embed/lib/rv32imacxw/ilp32\libg_nano.a(lib_a-memmove.o)
                0x000000000000cc12                memmove
 .text.__malloc_lock
                0x000000000000cc58        0x2 d:/mounriver_studio/mounriver_studio2/resources/app/resources/win32/components/wch/toolchain/risc-v embedded gcc/bin/../lib/gcc/riscv-none-embed/8.2.0/../../../../riscv-none-embed/lib/rv32imacxw/ilp32\libg_nano.a(lib_a-mlock.o)
                0x000000000000cc58                __malloc_lock
 .text.__malloc_unlock
                0x000000000000cc5a        0x2 d:/mounriver_studio/mounriver_studio2/resources/app/resources/win32/components/wch/toolchain/risc-v embedded gcc/bin/../lib/gcc/riscv-none-embed/8.2.0/../../../../riscv-none-embed/lib/rv32imacxw/ilp32\libg_nano.a(lib_a-mlock.o)
                0x000000000000cc5a                __malloc_unlock
 .text._Balloc  0x000000000000cc5c       0x8c d:/mounriver_studio/mounriver_studio2/resources/app/resources/win32/components/wch/toolchain/risc-v embedded gcc/bin/../lib/gcc/riscv-none-embed/8.2.0/../../../../riscv-none-embed/lib/rv32imacxw/ilp32\libg_nano.a(lib_a-mprec.o)
                0x000000000000cc5c                _Balloc
 .text._Bfree   0x000000000000cce8       0x44 d:/mounriver_studio/mounriver_studio2/resources/app/resources/win32/components/wch/toolchain/risc-v embedded gcc/bin/../lib/gcc/riscv-none-embed/8.2.0/../../../../riscv-none-embed/lib/rv32imacxw/ilp32\libg_nano.a(lib_a-mprec.o)
                0x000000000000cce8                _Bfree
 .text.__multadd
                0x000000000000cd2c       0x98 d:/mounriver_studio/mounriver_studio2/resources/app/resources/win32/components/wch/toolchain/risc-v embedded gcc/bin/../lib/gcc/riscv-none-embed/8.2.0/../../../../riscv-none-embed/lib/rv32imacxw/ilp32\libg_nano.a(lib_a-mprec.o)
                0x000000000000cd2c                __multadd
 .text.__s2b    0x000000000000cdc4       0xa4 d:/mounriver_studio/mounriver_studio2/resources/app/resources/win32/components/wch/toolchain/risc-v embedded gcc/bin/../lib/gcc/riscv-none-embed/8.2.0/../../../../riscv-none-embed/lib/rv32imacxw/ilp32\libg_nano.a(lib_a-mprec.o)
                0x000000000000cdc4                __s2b
 .text.__hi0bits
                0x000000000000ce68       0x46 d:/mounriver_studio/mounriver_studio2/resources/app/resources/win32/components/wch/toolchain/risc-v embedded gcc/bin/../lib/gcc/riscv-none-embed/8.2.0/../../../../riscv-none-embed/lib/rv32imacxw/ilp32\libg_nano.a(lib_a-mprec.o)
                0x000000000000ce68                __hi0bits
 .text.__lo0bits
                0x000000000000ceae       0x6a d:/mounriver_studio/mounriver_studio2/resources/app/resources/win32/components/wch/toolchain/risc-v embedded gcc/bin/../lib/gcc/riscv-none-embed/8.2.0/../../../../riscv-none-embed/lib/rv32imacxw/ilp32\libg_nano.a(lib_a-mprec.o)
                0x000000000000ceae                __lo0bits
 .text.__i2b    0x000000000000cf18       0x1c d:/mounriver_studio/mounriver_studio2/resources/app/resources/win32/components/wch/toolchain/risc-v embedded gcc/bin/../lib/gcc/riscv-none-embed/8.2.0/../../../../riscv-none-embed/lib/rv32imacxw/ilp32\libg_nano.a(lib_a-mprec.o)
                0x000000000000cf18                __i2b
 .text.__multiply
                0x000000000000cf34      0x144 d:/mounriver_studio/mounriver_studio2/resources/app/resources/win32/components/wch/toolchain/risc-v embedded gcc/bin/../lib/gcc/riscv-none-embed/8.2.0/../../../../riscv-none-embed/lib/rv32imacxw/ilp32\libg_nano.a(lib_a-mprec.o)
                0x000000000000cf34                __multiply
 .text.__pow5mult
                0x000000000000d078       0xbe d:/mounriver_studio/mounriver_studio2/resources/app/resources/win32/components/wch/toolchain/risc-v embedded gcc/bin/../lib/gcc/riscv-none-embed/8.2.0/../../../../riscv-none-embed/lib/rv32imacxw/ilp32\libg_nano.a(lib_a-mprec.o)
                0x000000000000d078                __pow5mult
 .text.__lshift
                0x000000000000d136       0xce d:/mounriver_studio/mounriver_studio2/resources/app/resources/win32/components/wch/toolchain/risc-v embedded gcc/bin/../lib/gcc/riscv-none-embed/8.2.0/../../../../riscv-none-embed/lib/rv32imacxw/ilp32\libg_nano.a(lib_a-mprec.o)
                0x000000000000d136                __lshift
 .text.__mcmp   0x000000000000d204       0x32 d:/mounriver_studio/mounriver_studio2/resources/app/resources/win32/components/wch/toolchain/risc-v embedded gcc/bin/../lib/gcc/riscv-none-embed/8.2.0/../../../../riscv-none-embed/lib/rv32imacxw/ilp32\libg_nano.a(lib_a-mprec.o)
                0x000000000000d204                __mcmp
 .text.__mdiff  0x000000000000d236       0xf2 d:/mounriver_studio/mounriver_studio2/resources/app/resources/win32/components/wch/toolchain/risc-v embedded gcc/bin/../lib/gcc/riscv-none-embed/8.2.0/../../../../riscv-none-embed/lib/rv32imacxw/ilp32\libg_nano.a(lib_a-mprec.o)
                0x000000000000d236                __mdiff
 .text.__ulp    0x000000000000d328       0x46 d:/mounriver_studio/mounriver_studio2/resources/app/resources/win32/components/wch/toolchain/risc-v embedded gcc/bin/../lib/gcc/riscv-none-embed/8.2.0/../../../../riscv-none-embed/lib/rv32imacxw/ilp32\libg_nano.a(lib_a-mprec.o)
                0x000000000000d328                __ulp
 .text.__b2d    0x000000000000d36e       0xb4 d:/mounriver_studio/mounriver_studio2/resources/app/resources/win32/components/wch/toolchain/risc-v embedded gcc/bin/../lib/gcc/riscv-none-embed/8.2.0/../../../../riscv-none-embed/lib/rv32imacxw/ilp32\libg_nano.a(lib_a-mprec.o)
                0x000000000000d36e                __b2d
 .text.__d2b    0x000000000000d422       0xd4 d:/mounriver_studio/mounriver_studio2/resources/app/resources/win32/components/wch/toolchain/risc-v embedded gcc/bin/../lib/gcc/riscv-none-embed/8.2.0/../../../../riscv-none-embed/lib/rv32imacxw/ilp32\libg_nano.a(lib_a-mprec.o)
                0x000000000000d422                __d2b
 .text.__ratio  0x000000000000d4f6       0x74 d:/mounriver_studio/mounriver_studio2/resources/app/resources/win32/components/wch/toolchain/risc-v embedded gcc/bin/../lib/gcc/riscv-none-embed/8.2.0/../../../../riscv-none-embed/lib/rv32imacxw/ilp32\libg_nano.a(lib_a-mprec.o)
                0x000000000000d4f6                __ratio
 .text.__copybits
                0x000000000000d56a       0x36 d:/mounriver_studio/mounriver_studio2/resources/app/resources/win32/components/wch/toolchain/risc-v embedded gcc/bin/../lib/gcc/riscv-none-embed/8.2.0/../../../../riscv-none-embed/lib/rv32imacxw/ilp32\libg_nano.a(lib_a-mprec.o)
                0x000000000000d56a                __copybits
 .text.__any_on
                0x000000000000d5a0       0x46 d:/mounriver_studio/mounriver_studio2/resources/app/resources/win32/components/wch/toolchain/risc-v embedded gcc/bin/../lib/gcc/riscv-none-embed/8.2.0/../../../../riscv-none-embed/lib/rv32imacxw/ilp32\libg_nano.a(lib_a-mprec.o)
                0x000000000000d5a0                __any_on
 .text._calloc_r
                0x000000000000d5e6       0x28 d:/mounriver_studio/mounriver_studio2/resources/app/resources/win32/components/wch/toolchain/risc-v embedded gcc/bin/../lib/gcc/riscv-none-embed/8.2.0/../../../../riscv-none-embed/lib/rv32imacxw/ilp32\libg_nano.a(lib_a-nano-callocr.o)
                0x000000000000d5e6                _calloc_r
 .text._realloc_r
                0x000000000000d60e       0x58 d:/mounriver_studio/mounriver_studio2/resources/app/resources/win32/components/wch/toolchain/risc-v embedded gcc/bin/../lib/gcc/riscv-none-embed/8.2.0/../../../../riscv-none-embed/lib/rv32imacxw/ilp32\libg_nano.a(lib_a-nano-reallocr.o)
                0x000000000000d60e                _realloc_r
 .text.__ssputs_r
                0x000000000000d666       0xe4 d:/mounriver_studio/mounriver_studio2/resources/app/resources/win32/components/wch/toolchain/risc-v embedded gcc/bin/../lib/gcc/riscv-none-embed/8.2.0/../../../../riscv-none-embed/lib/rv32imacxw/ilp32\libg_nano.a(lib_a-nano-svfprintf.o)
                0x000000000000d666                __ssputs_r
 .text._svfprintf_r
                0x000000000000d74a      0x26c d:/mounriver_studio/mounriver_studio2/resources/app/resources/win32/components/wch/toolchain/risc-v embedded gcc/bin/../lib/gcc/riscv-none-embed/8.2.0/../../../../riscv-none-embed/lib/rv32imacxw/ilp32\libg_nano.a(lib_a-nano-svfprintf.o)
                0x000000000000d74a                _svfiprintf_r
                0x000000000000d74a                _svfprintf_r
 .text._read_r  0x000000000000d9b6       0x34 d:/mounriver_studio/mounriver_studio2/resources/app/resources/win32/components/wch/toolchain/risc-v embedded gcc/bin/../lib/gcc/riscv-none-embed/8.2.0/../../../../riscv-none-embed/lib/rv32imacxw/ilp32\libg_nano.a(lib_a-readr.o)
                0x000000000000d9b6                _read_r
 .text._raise_r
                0x000000000000d9ea       0x62 d:/mounriver_studio/mounriver_studio2/resources/app/resources/win32/components/wch/toolchain/risc-v embedded gcc/bin/../lib/gcc/riscv-none-embed/8.2.0/../../../../riscv-none-embed/lib/rv32imacxw/ilp32\libg_nano.a(lib_a-signal.o)
                0x000000000000d9ea                _raise_r
 .text.raise    0x000000000000da4c        0xc d:/mounriver_studio/mounriver_studio2/resources/app/resources/win32/components/wch/toolchain/risc-v embedded gcc/bin/../lib/gcc/riscv-none-embed/8.2.0/../../../../riscv-none-embed/lib/rv32imacxw/ilp32\libg_nano.a(lib_a-signal.o)
                0x000000000000da4c                raise
 .text._kill_r  0x000000000000da58       0x32 d:/mounriver_studio/mounriver_studio2/resources/app/resources/win32/components/wch/toolchain/risc-v embedded gcc/bin/../lib/gcc/riscv-none-embed/8.2.0/../../../../riscv-none-embed/lib/rv32imacxw/ilp32\libg_nano.a(lib_a-signalr.o)
                0x000000000000da58                _kill_r
 .text._getpid_r
                0x000000000000da8a        0x2 d:/mounriver_studio/mounriver_studio2/resources/app/resources/win32/components/wch/toolchain/risc-v embedded gcc/bin/../lib/gcc/riscv-none-embed/8.2.0/../../../../riscv-none-embed/lib/rv32imacxw/ilp32\libg_nano.a(lib_a-signalr.o)
                0x000000000000da8a                _getpid_r
 .text._fstat_r
                0x000000000000da8c       0x32 d:/mounriver_studio/mounriver_studio2/resources/app/resources/win32/components/wch/toolchain/risc-v embedded gcc/bin/../lib/gcc/riscv-none-embed/8.2.0/../../../../riscv-none-embed/lib/rv32imacxw/ilp32\libg_nano.a(lib_a-fstatr.o)
                0x000000000000da8c                _fstat_r
 .text._isatty_r
                0x000000000000dabe       0x30 d:/mounriver_studio/mounriver_studio2/resources/app/resources/win32/components/wch/toolchain/risc-v embedded gcc/bin/../lib/gcc/riscv-none-embed/8.2.0/../../../../riscv-none-embed/lib/rv32imacxw/ilp32\libg_nano.a(lib_a-isattyr.o)
                0x000000000000dabe                _isatty_r
 .text._malloc_usable_size_r
                0x000000000000daee       0x14 d:/mounriver_studio/mounriver_studio2/resources/app/resources/win32/components/wch/toolchain/risc-v embedded gcc/bin/../lib/gcc/riscv-none-embed/8.2.0/../../../../riscv-none-embed/lib/rv32imacxw/ilp32\libg_nano.a(lib_a-nano-msizer.o)
                0x000000000000daee                _malloc_usable_size_r
 .text.__fixunsdfsi
                0x000000000000db02       0x5c d:/mounriver_studio/mounriver_studio2/resources/app/resources/win32/components/wch/toolchain/risc-v embedded gcc/bin/../lib/gcc/riscv-none-embed/8.2.0/rv32imacxw/ilp32\libgcc.a(fixunsdfsi.o)
                0x000000000000db02                __fixunsdfsi
 .text.__floatunsidf
                0x000000000000db5e       0x68 d:/mounriver_studio/mounriver_studio2/resources/app/resources/win32/components/wch/toolchain/risc-v embedded gcc/bin/../lib/gcc/riscv-none-embed/8.2.0/rv32imacxw/ilp32\libgcc.a(floatunsidf.o)
                0x000000000000db5e                __floatunsidf
 .text._close   0x000000000000dbc6       0x10 d:/mounriver_studio/mounriver_studio2/resources/app/resources/win32/components/wch/toolchain/risc-v embedded gcc/bin/../lib/gcc/riscv-none-embed/8.2.0/../../../../riscv-none-embed/lib/rv32imacxw/ilp32\libnosys.a(close.o)
                0x000000000000dbc6                _close
 .text._fstat   0x000000000000dbd6       0x10 d:/mounriver_studio/mounriver_studio2/resources/app/resources/win32/components/wch/toolchain/risc-v embedded gcc/bin/../lib/gcc/riscv-none-embed/8.2.0/../../../../riscv-none-embed/lib/rv32imacxw/ilp32\libnosys.a(fstat.o)
                0x000000000000dbd6                _fstat
 .text._getpid  0x000000000000dbe6       0x10 d:/mounriver_studio/mounriver_studio2/resources/app/resources/win32/components/wch/toolchain/risc-v embedded gcc/bin/../lib/gcc/riscv-none-embed/8.2.0/../../../../riscv-none-embed/lib/rv32imacxw/ilp32\libnosys.a(getpid.o)
                0x000000000000dbe6                _getpid
 .text._isatty  0x000000000000dbf6       0x10 d:/mounriver_studio/mounriver_studio2/resources/app/resources/win32/components/wch/toolchain/risc-v embedded gcc/bin/../lib/gcc/riscv-none-embed/8.2.0/../../../../riscv-none-embed/lib/rv32imacxw/ilp32\libnosys.a(isatty.o)
                0x000000000000dbf6                _isatty
 .text._kill    0x000000000000dc06       0x10 d:/mounriver_studio/mounriver_studio2/resources/app/resources/win32/components/wch/toolchain/risc-v embedded gcc/bin/../lib/gcc/riscv-none-embed/8.2.0/../../../../riscv-none-embed/lib/rv32imacxw/ilp32\libnosys.a(kill.o)
                0x000000000000dc06                _kill
 .text._lseek   0x000000000000dc16       0x10 d:/mounriver_studio/mounriver_studio2/resources/app/resources/win32/components/wch/toolchain/risc-v embedded gcc/bin/../lib/gcc/riscv-none-embed/8.2.0/../../../../riscv-none-embed/lib/rv32imacxw/ilp32\libnosys.a(lseek.o)
                0x000000000000dc16                _lseek
 .text._read    0x000000000000dc26       0x10 d:/mounriver_studio/mounriver_studio2/resources/app/resources/win32/components/wch/toolchain/risc-v embedded gcc/bin/../lib/gcc/riscv-none-embed/8.2.0/../../../../riscv-none-embed/lib/rv32imacxw/ilp32\libnosys.a(read.o)
                0x000000000000dc26                _read
 .text._exit    0x000000000000dc36        0x2 d:/mounriver_studio/mounriver_studio2/resources/app/resources/win32/components/wch/toolchain/risc-v embedded gcc/bin/../lib/gcc/riscv-none-embed/8.2.0/../../../../riscv-none-embed/lib/rv32imacxw/ilp32\libnosys.a(_exit.o)
                0x000000000000dc36                _exit
 *(.rodata)
 *fill*         0x000000000000dc38        0x0 
 .rodata        0x000000000000dc38        0xa ./OS_Drivers/drv_mqtt.o
 *fill*         0x000000000000dc42        0x2 
 .rodata        0x000000000000dc44       0x10 ./LittleFS/lfs.o
 *(.rodata*)
 .rodata.cJSON_ParseWithLengthOpts.str1.4
                0x000000000000dc54        0x4 ./cJSON/cJSON.o
 *fill*         0x000000000000dc58        0x0 
 .rodata.parse_value.cst8
                0x000000000000dc58       0x10 ./cJSON/cJSON.o
 .rodata.print_value.str1.4
                0x000000000000dc68       0x2f ./cJSON/cJSON.o
 *fill*         0x000000000000dc97        0x1 
 .rodata.app_tasks_init.str1.4
                0x000000000000dc98       0x1e ./User/app_tasks.o
 *fill*         0x000000000000dcb6        0x2 
 .rodata.led_auto_off_callback.str1.4
                0x000000000000dcb8       0x3c ./User/app_tasks.o
 .rodata.task1_entry.cst4
                0x000000000000dcf4        0x4 ./User/app_tasks.o
 .rodata.task1_entry.str1.4
                0x000000000000dcf8       0x36 ./User/app_tasks.o
 *fill*         0x000000000000dd2e        0x2 
 .rodata.task3_entry.cst4
                0x000000000000dd30        0x4 ./User/app_tasks.o
 .rodata.task3_entry.str1.4
                0x000000000000dd34       0x92 ./User/app_tasks.o
 *fill*         0x000000000000ddc6        0x2 
 .rodata.task4_entry.cst4
                0x000000000000ddc8        0x4 ./User/app_tasks.o
 .rodata.task4_entry.str1.4
                0x000000000000ddcc       0x65 ./User/app_tasks.o
 *fill*         0x000000000000de31        0x3 
 .rodata.task_network_entry.str1.4
                0x000000000000de34      0x218 ./User/app_tasks.o
 .rodata.main.str1.4
                0x000000000000e04c       0xa9 ./User/main.o
 *fill*         0x000000000000e0f5        0x3 
 .rodata.test_littlefs_boot_counter.str1.4
                0x000000000000e0f8       0xcc ./User/main.o
 .rodata.os_hal_adc_core_init.str1.4
                0x000000000000e1c4       0x27 ./OS_HAL/hal_adc.o
 *fill*         0x000000000000e1eb        0x1 
 .rodata.at_send_cmd_wait.str1.4
                0x000000000000e1ec       0x31 ./OS_Drivers/drv_at.o
 *fill*         0x000000000000e21d        0x3 
 .rodata.drv_mqtt_connect.str1.4
                0x000000000000e220       0x5d ./OS_Drivers/drv_mqtt.o
                                         0x61 (size before relaxing)
 *fill*         0x000000000000e27d        0x3 
 .rodata.drv_mqtt_ping.str1.4
                0x000000000000e280       0x28 ./OS_Drivers/drv_mqtt.o
 .rodata.drv_mqtt_publish.str1.4
                0x000000000000e2a8       0x37 ./OS_Drivers/drv_mqtt.o
 *fill*         0x000000000000e2df        0x1 
 .rodata.drv_mqtt_subscribe.str1.4
                0x000000000000e2e0       0x40 ./OS_Drivers/drv_mqtt.o
 .rodata.drv_oled_register.str1.4
                0x000000000000e320        0xe ./OS_Drivers/drv_oled.o
 *fill*         0x000000000000e32e        0x2 
 .rodata.oled_ops
                0x000000000000e330       0x10 ./OS_Drivers/drv_oled.o
 .rodata.str1.4
                0x000000000000e340        0xd ./OS_Drivers/drv_oled.o
 .rodata.alarm_led_hw
                0x000000000000e340       0x14 ./OS_Drivers/drv_smarthome.o
 .rodata.led_ops
                0x000000000000e354       0x10 ./OS_Drivers/drv_smarthome.o
 .rodata.light_ops
                0x000000000000e364       0x10 ./OS_Drivers/drv_smarthome.o
 .rodata.light_sensor_hw
                0x000000000000e374        0xc ./OS_Drivers/drv_smarthome.o
 .rodata.str1.4
                0x000000000000e380       0x28 ./OS_Drivers/drv_smarthome.o
 .rodata.temp_ops
                0x000000000000e380       0x10 ./OS_Drivers/drv_smarthome.o
 .rodata.temp_read.cst4
                0x000000000000e390       0x14 ./OS_Drivers/drv_smarthome.o
 *fill*         0x000000000000e3a4        0x4 
 .rodata.temp_read.cst8
                0x000000000000e3a8       0x18 ./OS_Drivers/drv_smarthome.o
 .rodata.temp_sensor_hw
                0x000000000000e3c0        0xc ./OS_Drivers/drv_smarthome.o
 .rodata.cfg    0x000000000000e3cc       0x54 ./OS_Drivers/fs_port.o
                0x000000000000e3cc                cfg
 .rodata.drv_fs_init.str1.4
                0x000000000000e420      0x1f6 ./OS_Drivers/fs_port.o
 *fill*         0x000000000000e616        0x2 
 .rodata.F6x8   0x000000000000e618      0x228 ./OS_Drivers/oled.o
                0x000000000000e618                F6x8
 .rodata.F8X16  0x000000000000e840      0x5f0 ./OS_Drivers/oled.o
                0x000000000000e840                F8X16
 .rodata.stack_pool_alloc.str1.4
                0x000000000000ee30       0x21 ./OS_Core/mempool.o
 *fill*         0x000000000000ee51        0x3 
 .rodata.stack_pool_init.str1.4
                0x000000000000ee54       0x2f ./OS_Core/mempool.o
 *fill*         0x000000000000ee83        0x1 
 .rodata.sys_config_init.str1.4
                0x000000000000ee84      0x1c3 ./OS_Core/sys_config.o
 *fill*         0x000000000000f047        0x1 
 .rodata.__func__.3667
                0x000000000000f048        0xc ./LittleFS/lfs.o
 .rodata.__func__.3713
                0x000000000000f054        0xd ./LittleFS/lfs.o
 *fill*         0x000000000000f061        0x3 
 .rodata.__func__.3724
                0x000000000000f064        0xc ./LittleFS/lfs.o
 .rodata.__func__.3736
                0x000000000000f070        0xc ./LittleFS/lfs.o
 .rodata.__func__.3746
                0x000000000000f07c        0xd ./LittleFS/lfs.o
 *fill*         0x000000000000f089        0x3 
 .rodata.__func__.4023
                0x000000000000f08c       0x11 ./LittleFS/lfs.o
 *fill*         0x000000000000f09d        0x3 
 .rodata.__func__.4107
                0x000000000000f0a0       0x11 ./LittleFS/lfs.o
 *fill*         0x000000000000f0b1        0x3 
 .rodata.__func__.4156
                0x000000000000f0b4       0x13 ./LittleFS/lfs.o
 *fill*         0x000000000000f0c7        0x1 
 .rodata.__func__.4339
                0x000000000000f0c8       0x10 ./LittleFS/lfs.o
 .rodata.__func__.4379
                0x000000000000f0d8       0x19 ./LittleFS/lfs.o
 *fill*         0x000000000000f0f1        0x3 
 .rodata.__func__.4436
                0x000000000000f0f4       0x18 ./LittleFS/lfs.o
 .rodata.__func__.4684
                0x000000000000f10c        0xf ./LittleFS/lfs.o
 *fill*         0x000000000000f11b        0x1 
 .rodata.__func__.4712
                0x000000000000f11c       0x10 ./LittleFS/lfs.o
 .rodata.__func__.4846
                0x000000000000f12c        0x9 ./LittleFS/lfs.o
 *fill*         0x000000000000f135        0x3 
 .rodata.__func__.4859
                0x000000000000f138        0xc ./LittleFS/lfs.o
 .rodata.__func__.4984
                0x000000000000f144       0x13 ./LittleFS/lfs.o
 *fill*         0x000000000000f157        0x1 
 .rodata.__func__.5001
                0x000000000000f158        0xe ./LittleFS/lfs.o
 *fill*         0x000000000000f166        0x2 
 .rodata.__func__.5132
                0x000000000000f168        0xe ./LittleFS/lfs.o
 *fill*         0x000000000000f176        0x2 
 .rodata.__func__.5147
                0x000000000000f178        0xf ./LittleFS/lfs.o
 *fill*         0x000000000000f187        0x1 
 .rodata.__func__.5161
                0x000000000000f188        0xe ./LittleFS/lfs.o
 *fill*         0x000000000000f196        0x2 
 .rodata.__func__.5170
                0x000000000000f198        0xf ./LittleFS/lfs.o
 *fill*         0x000000000000f1a7        0x1 